06-16 13:26:15.007     0     0 I init    : Parsing file /vendor/etc/init/android.hardware.dumpstate@1.1-service.example.rc...
06-16 13:26:15.007     0     0 I init    : Parsing file /vendor/etc/init/android.hardware.gatekeeper@1.0-service.software.rc...
06-16 13:26:15.007     0     0 I init    : Parsing file /vendor/etc/init/android.hardware.graphics.allocator@4.0-service.minigbm.rc...
06-16 13:26:15.007     0     0 I init    : Parsing file /vendor/etc/init/android.hardware.graphics.composer@2.4-service.rc...
06-16 13:26:15.008     0     0 I init    : Parsing file /vendor/etc/init/android.hardware.health.storage-service.cuttlefish.rc...
06-16 13:26:15.008     0     0 I init    : Parsing file /vendor/etc/init/android.hardware.health@2.1-service.rc...
06-16 13:26:15.008     0     0 I init    : Parsing file /vendor/etc/init/android.hardware.input.classifier@1.0-service.default.rc...
06-16 13:26:15.008     0     0 I init    : Parsing file /vendor/etc/init/android.hardware.neuralnetworks-service-sample-all.rc...
06-16 13:26:15.008     0     0 I init    : Parsing file /vendor/etc/init/android.hardware.neuralnetworks-service-sample-float-fast.rc...
06-16 13:26:15.008     0     0 I init    : Parsing file /vendor/etc/init/android.hardware.neuralnetworks-service-sample-float-slow.rc...
06-16 13:26:15.008     0     0 I init    : Parsing file /vendor/etc/init/android.hardware.neuralnetworks-service-sample-minimal.rc...
06-16 13:26:15.008     0     0 I init    : Parsing file /vendor/etc/init/android.hardware.neuralnetworks-service-sample-quant.rc...
06-16 13:26:15.008     0     0 I init    : Parsing file /vendor/etc/init/android.hardware.neuralnetworks-shim-service-sample.rc...
06-16 13:26:15.008     0     0 I init    : Parsing file /vendor/etc/init/android.hardware.neuralnetworks@1.3-service-sample-all.rc...
06-16 13:26:15.008     0     0 I init    : Parsing file /vendor/etc/init/android.hardware.neuralnetworks@1.3-service-sample-float-fast.rc...
06-16 13:26:15.008     0     0 I init    : Parsing file /vendor/etc/init/android.hardware.neuralnetworks@1.3-service-sample-float-slow.rc...
06-16 13:26:15.009     0     0 I init    : Parsing file /vendor/etc/init/android.hardware.neuralnetworks@1.3-service-sample-minimal.rc...
06-16 13:26:15.009     0     0 I init    : Parsing file /vendor/etc/init/android.hardware.neuralnetworks@1.3-service-sample-quant.rc...
06-16 13:26:15.009     0     0 I init    : Parsing file /vendor/etc/init/android.hardware.oemlock-service.example.rc...
06-16 13:26:15.009     0     0 I init    : Parsing file /vendor/etc/init/android.hardware.security.keymint-service.rc...
06-16 13:26:15.009     0     0 I init    : Parsing file /vendor/etc/init/android.hardware.sensors@2.1-service-mock.rc...
06-16 13:26:15.009     0     0 I init    : Parsing file /vendor/etc/init/android.hardware.thermal@2.0-service.rc...
06-16 13:26:15.009     0     0 I init    : Parsing file /vendor/etc/init/android.hardware.usb@1.0-service.rc...
06-16 13:26:15.009     0     0 I init    : Parsing file /vendor/etc/init/android.hardware.weaver-service.example.rc...
06-16 13:26:15.009     0     0 I init    : Parsing file /vendor/etc/init/boringssl_self_test.rc...
06-16 13:26:15.009     0     0 I init    : Parsing file /vendor/etc/init/face-default.rc...
06-16 13:26:15.009     0     0 I init    : Parsing file /vendor/etc/init/fingerprint-default.rc...
06-16 13:26:15.009     0     0 I init    : Parsing file /vendor/etc/init/gnss-default.rc...
06-16 13:26:15.010     0     0 I init    : Parsing file /vendor/etc/init/identity-default.rc...
06-16 13:26:15.010     0     0 I init    : Parsing file /vendor/etc/init/lights-default.rc...
06-16 13:26:15.010     0     0 I init    : Parsing file /vendor/etc/init/memtrack-default.rc...
06-16 13:26:15.010     0     0 I init    : Parsing file /vendor/etc/init/power-default.rc...
06-16 13:26:15.010     0     0 I init    : Parsing file /vendor/etc/init/power.stats-default.rc...
06-16 13:26:15.010     0     0 I init    : Parsing file /vendor/etc/init/rebootescrow-default.rc...
06-16 13:26:15.010     0     0 I init    : Parsing file /vendor/etc/init/rild_cuttlefish.rc...
06-16 13:26:15.010     0     0 I init    : Parsing file /vendor/etc/init/vendor_flash_recovery.rc...
06-16 13:26:15.010     0     0 I init    : Parsing file /vendor/etc/init/vibrator-default.rc...
06-16 13:26:15.010     0     0 I init    : Parsing file /odm/etc/init...
06-16 13:26:15.010     0     0 I init    : Unable to read config file '/odm/etc/init': open() failed: No such file or directory
06-16 13:26:15.010     0     0 I init    : Parsing directory /product/etc/init...
06-16 13:26:15.010     0     0 I init    : Parsing file /product/etc/init/init.rc...
06-16 13:26:15.011     0     0 I init    : processing action (SetupCgroups) from (<Builtin Action>:0)
06-16 13:26:15.012     0     0 I init    : processing action (SetKptrRestrict) from (<Builtin Action>:0)
06-16 13:26:15.012     0     0 I init    : processing action (TestPerfEventSelinux) from (<Builtin Action>:0)
06-16 13:26:15.012     0     0 I init    : processing action (early-init) from (/system/etc/init/hw/init.rc:15)
06-16 13:26:15.092     0     0 I init    : Command 'write /proc/sys/kernel/sysrq 0' action=early-init (/system/etc/init/hw/init.rc:17) took 80ms and succeeded
06-16 13:26:15.093     0     0 I init    : Command 'mkdir /acct/uid' action=early-init (/system/etc/init/hw/init.rc:30) took 0ms and failed: mkdir() failed on /acct/uid: Read-only file system
06-16 13:26:15.093     0     0 I init    : starting service 'exec 1 (/system/bin/bootstrap/linkerconfig --target /linkerconfig/bootstrap)'...
06-16 13:26:15.094     0     0 I init    : SVC_EXEC service 'exec 1 (/system/bin/bootstrap/linkerconfig --target /linkerconfig/bootstrap)' pid 169 (uid 0 gid 0+0 context default) started; waiting...
06-16 13:26:15.096     0     0 E linkerconfig: Unable to access VNDK APEX at path: /apex/com.android.vndk.v31: No such file or directory
06-16 13:26:15.096     0     0 E linkerconfig: Unable to access VNDK APEX at path: /apex/com.android.vndk.v31: No such file or directory
06-16 13:26:15.097     0     0 I init    : Service 'exec 1 (/system/bin/bootstrap/linkerconfig --target /linkerconfig/bootstrap)' (pid 169) exited with status 0 waiting took 0.003000 seconds
06-16 13:26:15.097     0     0 I init    : Sending signal 9 to service 'exec 1 (/system/bin/bootstrap/linkerconfig --target /linkerconfig/bootstrap)' (pid 169) process group...
06-16 13:26:15.097     0     0 I libprocessgroup: Successfully killed process cgroup uid 0 pid 169 in 0ms
06-16 13:26:15.097     0     0 I init    : starting service 'ueventd'...
06-16 13:26:15.098     0     0 I init    : starting service 'apexd-bootstrap'...
06-16 13:26:15.098     0     0 I init    : SVC_EXEC service 'apexd-bootstrap' pid 172 (uid 0 gid 1000+0 context default) started; waiting...
06-16 13:26:15.103     0     0 I ueventd : ueventd started!
06-16 13:26:15.103     0     0 I selinux : SELinux: Loaded file_contexts
06-16 13:26:15.104     0     0 I selinux :  
06-16 13:26:15.104     0     0 I ueventd : Parsing file /system/etc/ueventd.rc...
06-16 13:26:15.104     0     0 I ueventd : Added '/vendor/etc/ueventd.rc' to import list
06-16 13:26:15.104     0     0 I ueventd : Added '/odm/etc/ueventd.rc' to import list
06-16 13:26:15.104     0     0 I ueventd : Parsing file /vendor/etc/ueventd.rc...
06-16 13:26:15.104     0     0 I ueventd : Unable to read config file '/vendor/etc/ueventd.rc': open() failed: No such file or directory
06-16 13:26:15.104     0     0 I ueventd : Parsing file /odm/etc/ueventd.rc...
06-16 13:26:15.104     0     0 I ueventd : Unable to read config file '/odm/etc/ueventd.rc': open() failed: No such file or directory
06-16 13:26:15.104     0     0 I ueventd : Parsing file /vendor/ueventd.rc...
06-16 13:26:15.104     0     0 I ueventd : Parsing file /odm/ueventd.rc...
06-16 13:26:15.104     0     0 I ueventd : Unable to read config file '/odm/ueventd.rc': open() failed: No such file or directory
06-16 13:26:15.104     0     0 I ueventd : Parsing file /ueventd.cutf_cvm.rc...
06-16 13:26:15.104     0     0 I ueventd : Unable to read config file '/ueventd.cutf_cvm.rc': open() failed: No such file or directory
06-16 13:26:15.108     0     0 I apexd   : Bootstrap subcommand detected
06-16 13:26:15.129     0     0 I apexd   : wait for '/dev/loop-control' took 15ms
06-16 13:26:15.131     0     0 I apexd   : Pre-allocated 18 loopback devices
06-16 13:26:15.131     0     0 I apexd   : Scanning /system/apex for pre-installed ApexFiles
06-16 13:26:15.131     0     0 I apexd   : Found pre-installed APEX /system/apex/com.android.media.swcodec.capex
06-16 13:26:15.131     0     0 I apexd   : Found pre-installed APEX /system/apex/com.android.resolv.capex
06-16 13:26:15.132     0     0 I apexd   : Found pre-installed APEX /system/apex/com.android.media.capex
06-16 13:26:15.132     0     0 I apexd   : Found pre-installed APEX /system/apex/com.android.apex.cts.shim.apex
06-16 13:26:15.133     0     0 I apexd   : Found pre-installed APEX /system/apex/com.android.tethering.capex
06-16 13:26:15.133     0     0 I apexd   : Found pre-installed APEX /system/apex/com.android.adbd.capex
06-16 13:26:15.133     0     0 I apexd   : Found pre-installed APEX /system/apex/com.android.cellbroadcast.capex
06-16 13:26:15.134     0     0 I apexd   : Found pre-installed APEX /system/apex/com.android.tzdata.apex
06-16 13:26:15.134     0     0 I apexd   : Found pre-installed APEX /system/apex/com.android.permission.capex
06-16 13:26:15.134     0     0 I apexd   : Found pre-installed APEX /system/apex/com.android.conscrypt.apex
06-16 13:26:15.134     0     0 I apexd   : Found pre-installed APEX /system/apex/com.android.scheduling.apex
06-16 13:26:15.134     0     0 I apexd   : Found pre-installed APEX /system/apex/com.android.extservices.capex
06-16 13:26:15.135     0     0 I apexd   : Found pre-installed APEX /system/apex/com.android.os.statsd.apex
06-16 13:26:15.135     0     0 I apexd   : Found pre-installed APEX /system/apex/com.android.mediaprovider.capex
06-16 13:26:15.135     0     0 I apexd   : Found pre-installed APEX /system/apex/com.android.runtime.apex
06-16 13:26:15.135     0     0 I apexd   : Found pre-installed APEX /system/apex/com.android.appsearch.apex
06-16 13:26:15.135     0     0 I apexd   : Found pre-installed APEX /system/apex/com.android.art.capex
06-16 13:26:15.135     0     0 I apexd   : Found pre-installed APEX /system/apex/com.android.i18n.apex
06-16 13:26:15.136     0     0 I apexd   : Found pre-installed APEX /system/apex/com.android.neuralnetworks.capex
06-16 13:26:15.136     0     0 I apexd   : Found pre-installed APEX /system/apex/com.android.wifi.capex
06-16 13:26:15.136     0     0 I apexd   : Found pre-installed APEX /system/apex/com.android.vndk.current.apex
06-16 13:26:15.137     0     0 I apexd   : Found pre-installed APEX /system/apex/com.android.sdkext.apex
06-16 13:26:15.137     0     0 I apexd   : Found pre-installed APEX /system/apex/com.android.virt.apex
06-16 13:26:15.137     0     0 I apexd   : Found pre-installed APEX /system/apex/com.android.ipsec.capex
06-16 13:26:15.137     0     0 I apexd   : Scanning /system_ext/apex for pre-installed ApexFiles
06-16 13:26:15.137     0     0 I apexd   : Found pre-installed APEX /system_ext/apex/com.android.vndk.v30.apex
06-16 13:26:15.137     0     0 I apexd   : Found pre-installed APEX /system_ext/apex/com.android.vndk.v29.apex
06-16 13:26:15.137     0     0 I apexd   : Found pre-installed APEX /system_ext/apex/com.android.vndk.v28.apex
06-16 13:26:15.137     0     0 I apexd   : Scanning /vendor/apex for pre-installed ApexFiles
06-16 13:26:15.137     0     0 W apexd   : /vendor/apex does not exist. Skipping
06-16 13:26:15.137     0     0 I apexd   : Scanning /system/apex looking for APEX packages.
06-16 13:26:15.138     0     0 I apexd   : Scanning /system_ext/apex looking for APEX packages.
06-16 13:26:15.138     0     0 I apexd   : Scanning /vendor/apex looking for APEX packages.
06-16 13:26:15.138     0     0 I apexd   : ... does not exist. Skipping
06-16 13:26:15.144     0     0 I EXT4-fs (loop0): mounted filesystem without journal. Opts: (null)
06-16 13:26:15.144     0     0 I apexd   : Successfully mounted package /system/apex/com.android.tzdata.apex on /apex/com.android.tzdata@319999900 duration=6
06-16 13:26:15.145     0     0 I ueventd : Coldboot took 0.041 seconds
06-16 13:26:15.149     0     0 I EXT4-fs (loop1): mounted filesystem without journal. Opts: (null)
06-16 13:26:15.149     0     0 I apexd   : Successfully mounted package /system/apex/com.android.runtime.apex on /apex/com.android.runtime@1 duration=4
06-16 13:26:15.150     0     0 I EXT4-fs (loop2): mounted filesystem without journal. Opts: (null)
06-16 13:26:15.150     0     0 I apexd   : Successfully mounted package /system/apex/com.android.i18n.apex on /apex/com.android.i18n@1 duration=0
06-16 13:26:15.151     0     0 I EXT4-fs (loop3): mounted filesystem without journal. Opts: (null)
06-16 13:26:15.151     0     0 I apexd   : Successfully mounted package /system/apex/com.android.vndk.current.apex on /apex/com.android.vndk.v31@1 duration=0
06-16 13:26:15.151     0     0 I apexd   : Activated 4 packages.
06-16 13:26:15.152     0     0 I apexd   : OnBootstrap done, duration=44
06-16 13:26:15.153     0     0 I init    : Service 'apexd-bootstrap' (pid 172) exited with status 0 waiting took 0.054000 seconds
06-16 13:26:15.153     0     0 I init    : Sending signal 9 to service 'apexd-bootstrap' (pid 172) process group...
06-16 13:26:15.153     0     0 I libprocessgroup: Successfully killed process cgroup uid 0 pid 172 in 0ms
06-16 13:26:15.157     0     0 I init    : linkerconfig generated /linkerconfig with mounted APEX modules info
06-16 13:26:15.158     0     0 I init    : processing action (ro.product.cpu.abilist64=* && early-init) from (/system/etc/init/hw/init.rc:92)
06-16 13:26:15.158     0     0 I init    : starting service 'boringssl_self_test64'...
06-16 13:26:15.158     0     0 I init    : SVC_EXEC service 'boringssl_self_test64' pid 186 (uid 0 gid 0+0 context default) started; waiting...
06-16 13:26:15.166     0     0 I init    : Service 'boringssl_self_test64' (pid 186) exited with status 0 waiting took 0.007000 seconds
06-16 13:26:15.166     0     0 I init    : Sending signal 9 to service 'boringssl_self_test64' (pid 186) process group...
06-16 13:26:15.166     0     0 I libprocessgroup: Successfully killed process cgroup uid 0 pid 186 in 0ms
06-16 13:26:15.166     0     0 I init    : processing action (early-init) from (/init.environ.rc:2)
06-16 13:26:15.166     0     0 I init    : processing action (early-init) from (/vendor/etc/init/hw/init.cutf_cvm.rc:1)
06-16 13:26:15.167     0     0 I init    : Command 'setprop ro.vendor.hwcomposer.mode ${ro.boot.hardware.hwcomposer.mode}' action=early-init (/vendor/etc/init/hw/init.cutf_cvm.rc:11) took 0ms and failed: property 'ro.boot.hardware.hwcomposer.mode' doesn't exist while expanding '${ro.boot.hardware.hwcomposer.mode}'
06-16 13:26:15.167     0     0 I init    : Command 'setprop ro.hw_timeout_multiplier ${ro.boot.hw_timeout_multiplier}' action=early-init (/vendor/etc/init/hw/init.cutf_cvm.rc:14) took 0ms and failed: property 'ro.boot.hw_timeout_multiplier' doesn't exist while expanding '${ro.boot.hw_timeout_multiplier}'
06-16 13:26:15.167     0     0 I init    : starting service 'vendor.insmod_sh'...
06-16 13:26:15.168     0     0 I init    : processing action (ro.product.debugfs_restrictions.enabled=true && early-init) from (/system/etc/init/init-debug.rc:10)
06-16 13:26:15.168     0     0 I init    : processing action (ro.product.cpu.abilist64=* && early-init) from (/vendor/etc/init/boringssl_self_test.rc:4)
06-16 13:26:15.168     0     0 I init    : starting service 'boringssl_self_test64_vendor'...
06-16 13:26:15.168     0     0 I init    : SVC_EXEC service 'boringssl_self_test64_vendor' pid 188 (uid 0 gid 0+0 context default) started; waiting...
06-16 13:26:15.178     0     0 I init    : Service 'boringssl_self_test64_vendor' (pid 188) exited with status 0 waiting took 0.009000 seconds
06-16 13:26:15.178     0     0 I init    : Sending signal 9 to service 'boringssl_self_test64_vendor' (pid 188) process group...
06-16 13:26:15.178     0     0 I libprocessgroup: Successfully killed process cgroup uid 0 pid 188 in 0ms
06-16 13:26:15.178     0     0 I init    : processing action (early-init) from (/product/etc/init/init.rc:1)
06-16 13:26:15.178     0     0 I init    : processing action (wait_for_coldboot_done) from (<Builtin Action>:0)
06-16 13:26:15.178     0     0 I init    : start_waiting_for_property("ro.cold_boot_done", "true"): already set
06-16 13:26:15.178     0     0 I init    : processing action (SetMmapRndBits) from (<Builtin Action>:0)
06-16 13:26:15.178     0     0 I init    : processing action (KeychordInit) from (<Builtin Action>:0)
06-16 13:26:15.178     0     0 W init    : EVIOCSMASK not supported: Invalid argument
06-16 13:26:15.460     0     0 I init    : Command 'KeychordInit' action=KeychordInit (<Builtin Action>:0) took 281ms and succeeded
06-16 13:26:15.460     0     0 I init    : Service 'vendor.insmod_sh' (pid 187) exited with status 0 oneshot service took 0.292000 seconds in background
06-16 13:26:15.460     0     0 I init    : Sending signal 9 to service 'vendor.insmod_sh' (pid 187) process group...
06-16 13:26:15.460     0     0 I libprocessgroup: Successfully killed process cgroup uid 0 pid 187 in 0ms
06-16 13:26:15.461     0     0 I init    : processing action (init) from (/system/etc/init/hw/init.rc:119)
06-16 13:26:15.461     0     0 I init    : Command 'copy /system/etc/prop.default /dev/urandom' action=init (/system/etc/init/hw/init.rc:124) took 0ms and failed: Could not read input file '/system/etc/prop.default': open() failed: No such file or directory
06-16 13:26:15.462     0     0 I init    : Command 'write /dev/blkio/blkio.weight 1000' action=init (/system/etc/init/hw/init.rc:218) took 0ms and failed: Unable to write to file '/dev/blkio/blkio.weight': open() failed: Permission denied
06-16 13:26:15.462     0     0 I init    : Command 'write /dev/blkio/background/blkio.weight 200' action=init (/system/etc/init/hw/init.rc:219) took 0ms and failed: Unable to write to file '/dev/blkio/background/blkio.weight': open() failed: Permission denied
06-16 13:26:15.462     0     0 I init    : Command 'write /dev/blkio/blkio.group_idle 0' action=init (/system/etc/init/hw/init.rc:221) took 0ms and failed: Unable to write to file '/dev/blkio/blkio.group_idle': open() failed: Permission denied
06-16 13:26:15.462     0     0 I init    : Command 'write /dev/blkio/background/blkio.group_idle 0' action=init (/system/etc/init/hw/init.rc:222) took 0ms and failed: Unable to write to file '/dev/blkio/background/blkio.group_idle': open() failed: Permission denied
06-16 13:26:15.464     0     0 I init    : Command 'write /dev/cpu_variant:${ro.bionic.arch} ${ro.bionic.cpu_variant}' action=init (/system/etc/init/hw/init.rc:423) took 0ms and failed: property 'ro.bionic.cpu_variant' doesn't exist while expanding '${ro.bionic.cpu_variant}'
06-16 13:26:15.464     0     0 I init    : Command 'write /dev/cpu_variant:${ro.bionic.2nd_arch} ${ro.bionic.2nd_cpu_variant}' action=init (/system/etc/init/hw/init.rc:425) took 0ms and failed: property 'ro.bionic.2nd_arch' doesn't exist while expanding '/dev/cpu_variant:${ro.bionic.2nd_arch}'
06-16 13:26:15.464     0     0 I init    : Command 'chmod 0444 /dev/cpu_variant:${ro.bionic.2nd_arch}' action=init (/system/etc/init/hw/init.rc:426) took 0ms and failed: property 'ro.bionic.2nd_arch' doesn't exist while expanding '/dev/cpu_variant:${ro.bionic.2nd_arch}'
06-16 13:26:15.465     0     0 I init    : starting service 'logd'...
06-16 13:26:15.465     0     0 I init    : Created socket '/dev/socket/logd', mode 666, user 1036, group 1036
06-16 13:26:15.465     0     0 I init    : Created socket '/dev/socket/logdr', mode 666, user 1036, group 1036
06-16 13:26:15.465     0     0 I init    : Created socket '/dev/socket/logdw', mode 222, user 1036, group 1036
06-16 13:26:15.465     0     0 I init    : Opened file '/proc/kmsg', flags 0
06-16 13:26:15.465     0     0 I init    : Opened file '/dev/kmsg', flags 1
06-16 13:26:15.465     0     0 I init    : starting service 'lmkd'...
06-16 13:26:15.466     0     0 I init    : Created socket '/dev/socket/lmkd', mode 660, user 1000, group 1000
06-16 13:26:15.466     0     0 I init    : starting service 'servicemanager'...
06-16 13:26:15.466     0     0 I init    : starting service 'hwservicemanager'...
06-16 13:26:15.467     0     0 I init    : Command 'start vndservicemanager' action=init (/system/etc/init/hw/init.rc:450) took 0ms and failed: service vndservicemanager not found
06-16 13:26:15.467     0     0 I init    : processing action (ro.debuggable=1 && init) from (/system/etc/init/hw/init.rc:1218)
06-16 13:26:15.467     0     0 I init    : processing action (init) from (/system/etc/init/hw/init.usb.rc:27)
06-16 13:26:15.467     0     0 I init    : processing action (init) from (/vendor/etc/init/hw/init.cutf_cvm.rc:20)
06-16 13:26:15.470     0     0 I init    : processing action (init) from (/system/etc/init/audioserver.rc:62)
06-16 13:26:15.470     0     0 I init    : processing action (late-init) from (/system/etc/init/hw/init.rc:468)
06-16 13:26:15.470     0     0 I init    : processing action (late-init) from (/system/etc/init/atrace.rc:3)
06-16 13:26:15.471     0     0 I init    : processing action (late-init) from (/vendor/etc/init/android.hardware.atrace@1.0-service.rc:1)
06-16 13:26:15.471     0     0 I init    : processing action (queue_property_triggers) from (<Builtin Action>:0)
06-16 13:26:15.471     0     0 I init    : processing action (early-fs) from (/system/etc/init/hw/init.rc:504)
06-16 13:26:15.471     0     0 I init    : starting service 'vold'...
06-16 13:26:15.472     0     0 I init    : processing action (fs) from (/vendor/etc/init/hw/init.cutf_cvm.rc:45)
06-16 13:26:15.473     0     0 I init    : [libfs_mgr]Invalid ext4 superblock on '/dev/block/by-name/metadata'
06-16 13:26:15.473     0     0 E init    : [libfs_mgr]mount_with_alternatives(): skipping mount due to invalid magic, mountpoint=/metadata blk_dev=/dev/block/vda16 rec[6].fs_type=ext4
06-16 13:26:15.473     0     0 E init    : [libfs_mgr]fs_mgr_mount_all(): /dev/block/vda16 is wiped and /metadata ext4 is formattable. Format it.
06-16 13:26:15.473     0     0 E init    : [libfs_mgr]fs_mgr_do_format: Format /dev/block/by-name/metadata as 'ext4'
06-16 13:26:15.478     0     0 I logd.auditd: start
06-16 13:26:14.749   197   208 I auditd  : type=2000 audit(0.0:1): state=initialized audit_enabled=1 res=1
06-16 13:26:14.749   208   208 W auditd  : type=2000 audit(0.0:1): state=initialized audit_enabled=1 res=1
06-16 13:26:14.508     1     1 I auditd  : type=1325 audit(0.0:2): table=filter family=2 entries=0 op=xt_register subj=kernel comm="swapper/0"
06-16 13:26:14.508     1     1 W swapper/0: type=1325 audit(0.0:2): table=filter family=2 entries=0 op=xt_register subj=kernel
06-16 13:26:14.508     1     1 I auditd  : type=1325 audit(0.0:3): table=mangle family=2 entries=0 op=xt_register subj=kernel comm="swapper/0"
06-16 13:26:14.508     1     1 W swapper/0: type=1325 audit(0.0:3): table=mangle family=2 entries=0 op=xt_register subj=kernel
06-16 13:26:14.508     1     1 I auditd  : type=1325 audit(0.0:4): table=nat family=2 entries=0 op=xt_register subj=kernel comm="swapper/0"
06-16 13:26:14.508     1     1 W swapper/0: type=1325 audit(0.0:4): table=nat family=2 entries=0 op=xt_register subj=kernel
06-16 13:26:14.508     1     1 I auditd  : type=1325 audit(0.0:5): table=raw family=2 entries=0 op=xt_register subj=kernel comm="swapper/0"
06-16 13:26:14.508     1     1 W swapper/0: type=1325 audit(0.0:5): table=raw family=2 entries=0 op=xt_register subj=kernel
06-16 13:26:14.508     1     1 I auditd  : type=1325 audit(0.0:6): table=security family=2 entries=0 op=xt_register subj=kernel comm="swapper/0"
06-16 13:26:14.508     1     1 W swapper/0: type=1325 audit(0.0:6): table=security family=2 entries=0 op=xt_register subj=kernel
06-16 13:26:14.508     1     1 I auditd  : type=1325 audit(0.0:7): table=filter family=3 entries=0 op=xt_register subj=kernel comm="swapper/0"
06-16 13:26:14.508     1     1 W swapper/0: type=1325 audit(0.0:7): table=filter family=3 entries=0 op=xt_register subj=kernel
06-16 13:26:14.512     1     1 I auditd  : type=1325 audit(0.0:8): table=filter family=10 entries=0 op=xt_register subj=kernel comm="swapper/0"
06-16 13:26:14.512     1     1 W swapper/0: type=1325 audit(0.0:8): table=filter family=10 entries=0 op=xt_register subj=kernel
06-16 13:26:14.512     1     1 I auditd  : type=1325 audit(0.0:9): table=mangle family=10 entries=0 op=xt_register subj=kernel comm="swapper/0"
06-16 13:26:14.512     1     1 W swapper/0: type=1325 audit(0.0:9): table=mangle family=10 entries=0 op=xt_register subj=kernel
06-16 13:26:14.516     1     1 I auditd  : type=1325 audit(0.0:10): table=raw family=10 entries=0 op=xt_register subj=kernel comm="swapper/0"
06-16 13:26:14.516     1     1 W swapper/0: type=1325 audit(0.0:10): table=raw family=10 entries=0 op=xt_register subj=kernel
06-16 13:26:14.824   197   208 I auditd  : type=1403 audit(0.0:11): auid=4294967295 ses=4294967295 lsm=selinux res=1
06-16 13:26:14.824   208   208 W auditd  : type=1403 audit(0.0:11): auid=4294967295 ses=4294967295 lsm=selinux res=1
06-16 13:26:14.928   197   208 I auditd  : type=1404 audit(0.0:12): enforcing=1 old_enforcing=0 auid=4294967295 ses=4294967295 enabled=1 old-enabled=1 lsm=selinux res=1
06-16 13:26:14.928   208   208 W auditd  : type=1404 audit(0.0:12): enforcing=1 old_enforcing=0 auid=4294967295 ses=4294967295 enabled=1 old-enabled=1 lsm=selinux res=1
06-16 13:26:15.472   197   208 I auditd  : type=1305 audit(0.0:13): op=set audit_pid=197 old=0 auid=4294967295 ses=4294967295 subj=u:r:logd:s0 res=1
06-16 13:26:15.472   208   208 W auditd  : type=1305 audit(0.0:13): op=set audit_pid=197 old=0 auid=4294967295 ses=4294967295 subj=u:r:logd:s0 res=1
06-16 13:26:15.481     0     0 I mke2fs  : mke2fs 1.45.4 (23-Sep-2019)
06-16 13:26:15.522     0     0 I mke2fs  : Discarding device blocks:          done
06-16 13:26:15.523     0     0 I mke2fs  : Creating filesystem with 4096 4k blocks and 4096 inodes
06-16 13:26:15.523     0     0 I mke2fs  :  
06-16 13:26:15.523     0     0 I mke2fs  : Allocating group tables: 0/1   done
06-16 13:26:15.523     0     0 I mke2fs  : Writing inode tables: 0/1   done
06-16 13:26:15.526     0     0 I mke2fs  : Creating journal (1024 blocks): done
--------- beginning of system
06-16 13:26:15.536   202   202 I vold    : Vold 3.0 (the awakening) firing up
06-16 13:26:15.536   202   202 D vold    : Detected support for: ext4 f2fs vfat
06-16 13:26:15.536   200   200 I hwservicemanager: getDeviceHalManifest: Successfully processed VINTF information
06-16 13:26:15.536   200   200 I hwservicemanager: getFrameworkHalManifest: Successfully processed VINTF information
06-16 13:26:15.538     0     0 I mke2fs  : Writing superblocks and filesystem accounting information: 0/1   done
06-16 13:26:15.538     0     0 I mke2fs  :  
06-16 13:26:15.536   200   200 I hwservicemanager: hwservicemanager is ready now.
06-16 13:26:15.537   202   202 D vold    : Found unmanaged dm device named system_ext_a
06-16 13:26:15.537   202   202 D vold    : Found unmanaged dm device named vendor_dlkm-verity
06-16 13:26:15.537   202   202 D vold    : Found unmanaged dm device named system_b
06-16 13:26:15.537   202   202 D vold    : Found unmanaged dm device named odm_a
06-16 13:26:15.537   202   202 D vold    : Found unmanaged dm device named system_a
06-16 13:26:15.537   202   202 D vold    : Found unmanaged dm device named vendor-verity
06-16 13:26:15.537   202   202 D vold    : Found unmanaged dm device named vendor_dlkm_a
06-16 13:26:15.537   202   202 D vold    : Found unmanaged dm device named vendor_a
06-16 13:26:15.537   202   202 D vold    : Found unmanaged dm device named system_ext-verity
06-16 13:26:15.537   202   202 D vold    : Found unmanaged dm device named odm_dlkm-verity
06-16 13:26:15.537   202   202 D vold    : Found unmanaged dm device named odm-verity
06-16 13:26:15.537   202   202 D vold    : Found unmanaged dm device named odm_dlkm_a
06-16 13:26:15.537   202   202 D vold    : Found unmanaged dm device named product-verity
06-16 13:26:15.537   202   202 D vold    : Found unmanaged dm device named system-verity
06-16 13:26:15.537   202   202 D vold    : Found unmanaged dm device named product_a
06-16 13:26:15.537   202   202 D vold    : Found unmanaged loop device at /dev/block/loop0 named apex:
06-16 13:26:15.537   202   202 D vold    : Found unmanaged loop device at /dev/block/loop3 named apex:
06-16 13:26:15.537   202   202 D vold    : Found unmanaged loop device at /dev/block/loop2 named apex:
06-16 13:26:15.537   202   202 D vold    : Found unmanaged loop device at /dev/block/loop1 named apex:
06-16 13:26:15.537   202   202 D vold    : VoldNativeService::start() completed OK
06-16 13:26:15.543     0     0 I e2fsdroid: Created filesystem with 11/4096 inodes and 1161/4096 blocks
06-16 13:26:15.543     0     0 I init    : [libfs_mgr]superblock s_max_mnt_count:65535,/dev/block/by-name/metadata
06-16 13:26:15.543     0     0 W EXT4-fs (vda16): Ignoring removed nomblk_io_submit option
06-16 13:26:15.546   202   211 I vold    : Found disk at /devices/pci0000:00/0000:00:0b.0/virtio10/block/vdc but delaying scan due to secure keyguard
06-16 13:26:15.562     0     0 I EXT4-fs (vda16): mounted filesystem with ordered data mode. Opts: errors=remount-ro,nomblk_io_submit
06-16 13:26:15.562     0     0 W         : ext4 filesystem being mounted at /metadata supports timestamps until 2038-01-19 (0x7fffffff)
06-16 13:26:15.562     0     0 I init    : [libfs_mgr]check_fs(): mount(/dev/block/by-name/metadata,/metadata,ext4)=0: Success
06-16 13:26:15.568     0     0 I init    : [libfs_mgr]check_fs(): unmount(/metadata) succeeded
06-16 13:26:15.568     0     0 I init    : [libfs_mgr]Running /system/bin/e2fsck on /dev/block/vda16
06-16 13:26:15.571     0     0 I e2fsck  : e2fsck 1.45.4 (23-Sep-2019)
06-16 13:26:15.572     0     0 I e2fsck  : /dev/block/by-name/metadata: clean, 11/4096 files, 1161/4096 blocks
06-16 13:26:15.573     1     1 W libc    : Unable to set property "ro.boottime.init.mount.shared" to "0": error code: 0xb
06-16 13:26:15.576     0     0 I EXT4-fs (vda16): mounted filesystem with ordered data mode. Opts: errors=panic
06-16 13:26:15.576     0     0 W         : ext4 filesystem being mounted at /metadata supports timestamps until 2038-01-19 (0x7fffffff)
06-16 13:26:15.576     0     0 I init    : [libfs_mgr]__mount(source=/dev/block/by-name/metadata,target=/metadata,type=ext4)=0: Success
06-16 13:26:15.576     0     0 I virtio-fs: tag <shared> not found
06-16 13:26:15.576     0     0 I init    : [libfs_mgr]__mount(source=shared,target=/mnt/vendor/shared,type=virtiofs)=-1: Invalid argument
06-16 13:26:15.577     0     0 I virtio-fs: tag <shared> not found
06-16 13:26:15.577     0     0 I init    : [libfs_mgr]__mount(source=shared,target=/mnt/vendor/shared,type=virtiofs)=-1: Invalid argument
06-16 13:26:15.577     0     0 E init    : Unable to set property 'ro.boottime.init.mount.shared' from uid:0 gid:0 pid:1: Read-only property was already set
06-16 13:26:15.577     0     0 E init    : [libfs_mgr]Ignoring failure to mount an un-encryptable or wiped partition on shared at /mnt/vendor/shared options: : No such file or directory
06-16 13:26:15.578     0     0 I init    : Command 'mount_all --early' action=fs (/vendor/etc/init/hw/init.cutf_cvm.rc:49) took 105ms and succeeded
06-16 13:26:15.594     0     0 I init    : starting service 'setup_wifi'...
06-16 13:26:15.594     0     0 I init    : starting service 'rename_eth1'...
06-16 13:26:15.595     0     0 I init    : starting service 'bt_vhci_forwarder'...
06-16 13:26:15.596     0     0 I init    : processing action (fs) from (/system/etc/init/logd.rc:28)
06-16 13:26:15.596     0     0 I init    : processing action (fs) from (/system/etc/init/wifi.rc:25)
06-16 13:26:15.596     0     0 I init    : processing action (post-fs) from (/system/etc/init/hw/init.rc:508)
06-16 13:26:15.596     0     0 I init    : starting service 'exec 2 (/system/bin/vdc checkpoint markBootAttempt)'...
06-16 13:26:15.597     0     0 I init    : SVC_EXEC service 'exec 2 (/system/bin/vdc checkpoint markBootAttempt)' pid 222 (uid 1000 gid 1000+0 context default) started; waiting...
06-16 13:26:15.597   220   220 E rename_netiface: Failed to get interface (rmnet0) index, trying alternate.
06-16 13:26:15.601     0     0 I         : virtio_net virtio18 rmnet0: renamed from eth1
06-16 13:26:15.605     0     0 D vdc     : Waited 0ms for vold
06-16 13:26:15.605     0     0 I init    : Service 'exec 2 (/system/bin/vdc checkpoint markBootAttempt)' (pid 222) exited with status 0 waiting took 0.008000 seconds
06-16 13:26:15.605     0     0 I init    : Sending signal 9 to service 'exec 2 (/system/bin/vdc checkpoint markBootAttempt)' (pid 222) process group...
06-16 13:26:15.605     0     0 I libprocessgroup: Successfully killed process cgroup uid 1000 pid 222 in 0ms
06-16 13:26:15.607     0     0 I init    : Command 'chown system cache /cache' action=post-fs (/system/etc/init/hw/init.rc:524) took 0ms and failed: lchown() failed: Read-only file system
06-16 13:26:15.607     0     0 I init    : Command 'chmod 0770 /cache' action=post-fs (/system/etc/init/hw/init.rc:525) took 0ms and failed: fchmodat() failed: Read-only file system
06-16 13:26:15.609     0     0 I init    : processing action (post-fs) from (/vendor/etc/init/hw/init.cutf_cvm.rc:61)
06-16 13:26:15.608   220   220 I rename_netiface: Received netlink response (36 bytes)
06-16 13:26:15.610     0     0 I init    : processing action (post-fs) from (/system/etc/init/atrace_userdebug.rc:7)
06-16 13:26:15.610     0     0 I init    : processing action (post-fs) from (/system/etc/init/gsid.rc:8)
06-16 13:26:15.610     0     0 I init    : processing action (post-fs) from (/system/etc/init/recovery-refresh.rc:1)
06-16 13:26:15.610     0     0 I init    : starting service 'exec 3 (/system/bin/recovery-refresh)'...
06-16 13:26:15.611     0     0 I init    : processing action (late-fs) from (/system/etc/init/hw/init.rc:581)
06-16 13:26:15.611     0     0 I init    : starting service 'suspend_blocker'...
06-16 13:26:15.611     0     0 I         : virtio_net virtio17 buried_eth0: renamed from eth0
06-16 13:26:15.612     0     0 I init    : starting service 'system_suspend'...
06-16 13:26:15.617     0     0 I init    : starting service 'keystore2'...
06-16 13:26:15.618     0     0 I init    : starting service 'vendor.atrace-hal-1-0'...
06-16 13:26:15.619     0     0 I init    : starting service 'vendor.boot-hal-1-2'...
06-16 13:26:15.616   219   219 I setup_wifi: Received netlink response (36 bytes)
06-16 13:26:15.616   219   219 I setup_wifi: Setting buried_eth0 mac address to 40:1:2:3:4:1
06-16 13:26:15.616   219   219 I setup_wifi: Received netlink response (36 bytes)
06-16 13:26:15.617   219   219 I setup_wifi: Received netlink response (36 bytes)
06-16 13:26:15.618   219   219 I setup_wifi: Received netlink response (36 bytes)
06-16 13:26:15.619   225   225 I HidlServiceManagement: Registered android.system.suspend@1.0::ISystemSuspend/default
06-16 13:26:15.619   225   225 I HidlServiceManagement: Removing namespace from process name android.system.suspend@1.0-service to suspend@1.0-service.
06-16 13:26:15.620     0     0 I init    : starting service 'vendor.keymint-default'...
06-16 13:26:15.621     0     0 I init    : Service 'rename_eth1' (pid 220) exited with status 0 oneshot service took 0.026000 seconds in background
06-16 13:26:15.621     0     0 I init    : Sending signal 9 to service 'rename_eth1' (pid 220) process group...
06-16 13:26:15.621     0     0 I libprocessgroup: Successfully killed process cgroup uid 0 pid 220 in 0ms
06-16 13:26:15.621     0     0 I init    : Service 'exec 3 (/system/bin/recovery-refresh)' (pid 223) exited with status 254 oneshot service took 0.011000 seconds in background
06-16 13:26:15.621     0     0 I init    : Sending signal 9 to service 'exec 3 (/system/bin/recovery-refresh)' (pid 223) process group...
06-16 13:26:15.622     0     0 I libprocessgroup: Successfully killed process cgroup uid 1000 pid 223 in 0ms
06-16 13:26:15.622     0     0 I init    : Service 'setup_wifi' (pid 219) exited with status 0 oneshot service took 0.027000 seconds in background
06-16 13:26:15.622     0     0 I init    : Sending signal 9 to service 'setup_wifi' (pid 219) process group...
06-16 13:26:15.622     0     0 I libprocessgroup: Successfully killed process cgroup uid 0 pid 219 in 0ms
06-16 13:26:15.622     0     0 I init    : starting service 'exec 4 (/system/bin/fsverity_init --load-verified-keys)'...
06-16 13:26:15.623     0     0 I init    : SVC_EXEC service 'exec 4 (/system/bin/fsverity_init --load-verified-keys)' pid 230 (uid 0 gid 0+0 context default) started; waiting...
06-16 13:26:15.632   228   228 I HidlServiceManagement: Registered android.hardware.boot@1.2::IBootControl/default
06-16 13:26:15.632   228   228 I HidlServiceManagement: Removing namespace from process name android.hardware.boot@1.2-service to boot@1.2-service.
06-16 13:26:15.632   228   228 I LegacySupport: Registration complete for android.hardware.boot@1.0::IBootControl/default.
06-16 13:26:15.633   227   227 I HidlServiceManagement: Registered android.hardware.atrace@1.0::IAtraceDevice/default
06-16 13:26:15.633   227   227 I HidlServiceManagement: Removing namespace from process name android.hardware.atrace@1.0-service to atrace@1.0-service.
06-16 13:26:15.632   230   230 I fsverity_init: LoadKeyFromFile path=/system/etc/security/fsverity/fsverity-release.x509.der keyname=fsv_system_0
06-16 13:26:15.644     0     0 I init    : Service 'exec 4 (/system/bin/fsverity_init --load-verified-keys)' (pid 230) exited with status 0 waiting took 0.021000 seconds
06-16 13:26:15.644     0     0 I init    : Sending signal 9 to service 'exec 4 (/system/bin/fsverity_init --load-verified-keys)' (pid 230) process group...
06-16 13:26:15.644     0     0 I libprocessgroup: Successfully killed process cgroup uid 0 pid 230 in 0ms
06-16 13:26:15.644     0     0 I init    : processing action (ro.product.cpu.abilist64=* && late-fs) from (/system/etc/init/hw/init.rc:593)
06-16 13:26:15.646   229   229 I android.hardware.security.keymint-service: adding keymint service instance: android.hardware.security.keymint.IKeyMintDevice/default
06-16 13:26:15.646   199   199 I servicemanager: getDeviceHalManifest: Reading VINTF information.
06-16 13:26:15.647   199   199 I servicemanager: getDeviceHalManifest: Successfully processed VINTF information
06-16 13:26:15.647   199   199 I servicemanager: getFrameworkHalManifest: Reading VINTF information.
06-16 13:26:15.647   199   199 I servicemanager: getFrameworkHalManifest: Successfully processed VINTF information
06-16 13:26:15.647   199   199 I servicemanager: Found android.hardware.security.keymint.IKeyMintDevice/default in device VINTF manifest.
06-16 13:26:15.647   229   229 I android.hardware.security.keymint-service: adding keymint service instance: android.hardware.security.secureclock.ISecureClock/default
06-16 13:26:15.647   199   199 I servicemanager: Found android.hardware.security.secureclock.ISecureClock/default in device VINTF manifest.
06-16 13:26:15.647   229   229 I android.hardware.security.keymint-service: adding keymint service instance: android.hardware.security.sharedsecret.ISharedSecret/default
06-16 13:26:15.647   199   199 I servicemanager: Found android.hardware.security.sharedsecret.ISharedSecret/default in device VINTF manifest.
06-16 13:26:15.647   229   229 I android.hardware.security.keymint-service: adding keymint service instance: android.hardware.security.keymint.IRemotelyProvisionedComponent/default
06-16 13:26:15.647   199   199 I servicemanager: Found android.hardware.security.keymint.IRemotelyProvisionedComponent/default in device VINTF manifest.
06-16 13:26:15.661   226   226 I keystore2: keystore2_main: Keystore2 is starting.
06-16 13:26:15.662   226   226 I keystore2: keystore2_main: Starting thread pool now.
06-16 13:26:15.662   226   233 I keystore2: getDeviceHalManifest: Reading VINTF information.
06-16 13:26:15.663   226   233 I keystore2: getDeviceHalManifest: Successfully processed VINTF information
06-16 13:26:15.663   226   233 I keystore2: keystore2::shared_secret_negotiation: Shared secret negotiation concluded successfully.
06-16 13:26:15.667   200   200 I hwservicemanager: getTransport: Cannot find entry android.hardware.keymaster@4.0::IKeymasterDevice/default in either framework or device VINTF manifest.
06-16 13:26:15.667   200   200 I hwservicemanager: getTransport: Cannot find entry android.hardware.keymaster@3.0::IKeymasterDevice/default in either framework or device VINTF manifest.
06-16 13:26:15.668   199   199 I servicemanager: Found android.system.keystore2.IKeystoreService/default in framework VINTF manifest.
06-16 13:26:15.668   226   226 I keystore2: keystore2_main: Successfully registered Keystore 2.0 service.
06-16 13:26:15.668   226   226 I keystore2: keystore2_main: Joining thread pool now.
06-16 13:26:15.704     0     0 I init    : processing action (late-fs) from (/vendor/etc/init/hw/init.cutf_cvm.rc:69)
06-16 13:26:15.704     0     0 I init    : starting service 'wait_for_keymaster'...
06-16 13:26:15.705     0     0 I init    : SVC_EXEC service 'wait_for_keymaster' pid 238 (uid 0 gid 0+1 context default) started; waiting...
06-16 13:26:15.709     0     0 I wait_for_keymaster: Waiting for Keymaster device
06-16 13:26:15.709     0     0 I wait_for_keymaster: Keymaster device ready
06-16 13:26:15.709     0     0 I init    : Service 'wait_for_keymaster' (pid 238) exited with status 0 waiting took 0.004000 seconds
06-16 13:26:15.709     0     0 I init    : Sending signal 9 to service 'wait_for_keymaster' (pid 238) process group...
06-16 13:26:15.709     0     0 I libprocessgroup: Successfully killed process cgroup uid 0 pid 238 in 0ms
06-16 13:26:15.709     0     0 I init    : Calling: /system/bin/vdc checkpoint needsCheckpoint
06-16 13:26:15.711     0     0 D vdc     : Waited 0ms for vold
06-16 13:26:15.712     0     0 I vdc     : vdc terminated by exit(1)
06-16 13:26:15.712     0     0 I vdc     :  
06-16 13:26:15.712     0     0 I init    : [libfs_mgr]Running /system/bin/fsck.f2fs -a -c 10000 --debug-cache /dev/block/vda15
06-16 13:26:15.714     0     0 I fsck.f2fs: Info: Fix the reported corruption.
06-16 13:26:15.714     0     0 I fsck.f2fs: Info: No support kernel version!
06-16 13:26:15.714     0     0 I fsck.f2fs: Info: Segments per section = 1
06-16 13:26:15.714     0     0 I fsck.f2fs: Info: Sections per zone = 1
06-16 13:26:15.714     0     0 I fsck.f2fs: Info: sector size = 512
06-16 13:26:15.714     0     0 I fsck.f2fs: Info: total sectors = 12582912 (6144 MB)
06-16 13:26:15.714     0     0 I fsck.f2fs: Info: MKFS version
06-16 13:26:15.714     0     0 I fsck.f2fs: "5.15.0-1013-gcp"
06-16 13:26:15.714     0     0 I fsck.f2fs: Info: FSCK version
06-16 13:26:15.714     0     0 I fsck.f2fs: from "5.15.0-1013-gcp"
06-16 13:26:15.714     0     0 I fsck.f2fs: to "5.10.236-android12-9-00014-gb97c62c4e7d1-ab13436420"
06-16 13:26:15.714     0     0 I fsck.f2fs: Info: version timestamp cur: 1750094775, prev: 1746178794
06-16 13:26:15.714     0     0 I fsck.f2fs: [update_superblock: 706] Info: Done to update superblock
06-16 13:26:15.714     0     0 I fsck.f2fs: Info: superblock features = 3499 :  encrypt verity extra_attr project_quota quota_ino casefold compression
06-16 13:26:15.714     0     0 I fsck.f2fs: Info: superblock encrypt level = 0, salt = 00000000000000000000000000000000
06-16 13:26:15.714     0     0 I fsck.f2fs: Info: total FS sectors = 12582912 (6144 MB)
06-16 13:26:15.714     0     0 I fsck.f2fs: Info: CKPT version = 16ad82b
06-16 13:26:15.714     0     0 I fsck.f2fs: Info: checkpoint state = 381 :  allow_nocrc trimmed nat_bits unmount
06-16 13:26:15.714     0     0 I fsck.f2fs: Info: No error was reported
06-16 13:26:15.714     0     0 I fsck.f2fs:  
06-16 13:26:15.714     0     0 I fsck.f2fs: c, u, RA, CH, CM, Repl=
06-16 13:26:15.714     0     0 I fsck.f2fs: 10000 11 11 0 11 0
06-16 13:26:15.715     0     0 I F2FS-fs (vda15): Using encoding defined by superblock: utf8-12.1.0 with flags 0x0
06-16 13:26:15.716     0     0 I F2FS-fs (vda15): Found nat_bits in checkpoint
06-16 13:26:15.720     0     0 W F2FS-fs (vda15): Start checkpoint disabled!
06-16 13:26:15.732     0     0 I F2FS-fs (vda15): Mounted with checkpoint version = 16ad82c
06-16 13:26:15.732     0     0 I init    : [libfs_mgr]__mount(source=/dev/block/by-name/userdata,target=/data,type=f2fs)=0: Success
06-16 13:26:15.731   202   202 D vold    : fscrypt_mount_metadata_encrypted: /data encrypt: 1 format: 0 with f2fs
06-16 13:26:15.731   202   202 D vold    : metadata_key_dir/key: /metadata/vold/metadata_encryption/key
06-16 13:26:15.733     0     0 I init    : Calling: /system/bin/vdc cryptfs encryptFstab /dev/block/by-name/userdata /data false f2fs
06-16 13:26:15.734     0     0 D vdc     : Waited 0ms for vold
06-16 13:26:15.741   202   202 D vold    : Created directory /metadata/vold/metadata_encryption
06-16 13:26:15.741   202   202 I vold    : Metadata key does not exist, calling deleteAllKeys
06-16 13:26:15.742   226   226 I keystore2: keystore2::maintenance: In delete_all_keys.
06-16 13:26:15.742   226   226 I keystore2: keystore2::maintenance: Call to deleteAllKeys succeeded for security level TRUSTED_ENVIRONMENT.
06-16 13:26:15.742   200   200 I hwservicemanager: getTransport: Cannot find entry android.hardware.keymaster@4.0::IKeymasterDevice/default in either framework or device VINTF manifest.
06-16 13:26:15.742   200   200 I hwservicemanager: getTransport: Cannot find entry android.hardware.keymaster@3.0::IKeymasterDevice/default in either framework or device VINTF manifest.
06-16 13:26:15.742   226   226 E keystore2: keystore2::maintenance: Call to deleteAllKeys failed for security level STRONGBOX: In call_with_watchdog: getting keymint device.
06-16 13:26:15.742   226   226 E keystore2: keystore2::error: In call_with_watchdog: getting keymint device
06-16 13:26:15.742   226   226 E keystore2: 
06-16 13:26:15.742   226   226 E keystore2: Caused by:
06-16 13:26:15.742   226   226 E keystore2:     0: In get_keymint_device.
06-16 13:26:15.742   226   226 E keystore2:     1: In connect_keymint: Trying to get Legacy wrapper.
06-16 13:26:15.742   226   226 E keystore2:     2: Error::Km(ErrorCode(-68))
06-16 13:26:15.742   202   202 E vold    : keystore2 Keystore deleteAllKeys returned service specific error: -68
06-16 13:26:15.742   202   202 I vold    : Creating new key in /metadata/vold/metadata_encryption/key
06-16 13:26:15.742   202   202 D vold    : Generating standard storage key
06-16 13:26:15.767   202   202 D vold    : Generating "key storage" key
06-16 13:26:15.767   226   226 I SELinux : SELinux: Loaded keystore2_key_contexts from:
06-16 13:26:15.767   226   226 I auditd  : SELinux: Loaded keystore2_key_contexts from:
06-16 13:26:15.767   226   226 I SELinux :     /system/etc/selinux/plat_keystore2_key_contexts
06-16 13:26:15.767   226   226 I auditd  :     /system/etc/selinux/plat_keystore2_key_contexts
06-16 13:26:15.768   226   226 E keystore2: keystore2::error: In generate_key.
06-16 13:26:15.768   226   226 E keystore2: 
06-16 13:26:15.768   226   226 E keystore2: Caused by:
06-16 13:26:15.768   226   226 E keystore2:     0: While generating Key without explicit attestation key.
06-16 13:26:15.768   226   226 E keystore2:     1: Error::Km(ErrorCode(-67))
06-16 13:26:15.768   202   202 E vold    : keystore2 Keystore generateKey returned service specific error: -67
06-16 13:26:15.768   202   202 W vold    : Failed to generate rollback-resistant key.  This is expected if keymaster doesn't support rollback resistance.  Falling back to non-rollback-resistant key.
06-16 13:26:15.792   202   202 D vold    : Created key: /metadata/vold/metadata_encryption/key
06-16 13:26:15.813   202   202 D vold    : encrypt_inplace(/dev/block/dm-15, /dev/block/by-name/userdata, 12582912, false)
06-16 13:26:15.814   202   202 I vold    : Encrypting f2fs filesystem on /dev/block/by-name/userdata in-place via /dev/block/dm-15
06-16 13:26:15.814   202   202 I vold    : 12812 blocks (52 MB) of 1572864 blocks are in-use
06-16 13:26:15.882   202   202 D vold    : Encrypted 10000 of 12812 blocks
06-16 13:26:15.961   202   202 D vold    : Encrypted 12812 of 12812 blocks
06-16 13:26:15.961   202   202 I vold    : Successfully encrypted f2fs filesystem on /dev/block/by-name/userdata
06-16 13:26:15.963   202   202 D vold    : Mounting metadata-encrypted filesystem:/data
06-16 13:26:15.964   202   202 I vold    : [libfs_mgr]Running /system/bin/fsck.f2fs -a -c 10000 --debug-cache /dev/block/dm-15
06-16 13:26:15.970     0     0 I fsck.f2fs: Info: Fix the reported corruption.
06-16 13:26:15.970     0     0 I fsck.f2fs: Info: No support kernel version!
06-16 13:26:15.970     0     0 I fsck.f2fs: Info: Segments per section = 1
06-16 13:26:15.970     0     0 I fsck.f2fs: Info: Sections per zone = 1
06-16 13:26:15.970     0     0 I fsck.f2fs: Info: sector size = 4096
06-16 13:26:15.970     0     0 I fsck.f2fs: Info: total sectors = 1572864 (6144 MB)
06-16 13:26:15.970     0     0 I fsck.f2fs: Info: MKFS version
06-16 13:26:15.970     0     0 I fsck.f2fs: "5.15.0-1013-gcp"
06-16 13:26:15.970     0     0 I fsck.f2fs: Info: FSCK version
06-16 13:26:15.970     0     0 I fsck.f2fs: from "5.10.236-android12-9-00014-gb97c62c4e7d1-ab13436420"
