06-16 13:26:16.708   371   371 D LibBpfLoader: applying relo to instruction at byte offset: 712, 	       insn offset 89 , insn 118
06-16 13:26:16.708   371   371 D LibBpfLoader: applying relo to instruction at byte offset: 840, 	       insn offset 105 , insn 118
06-16 13:26:16.708   371   371 D LibBpfLoader: applying relo to instruction at byte offset: 968, 	       insn offset 121 , insn 118
06-16 13:26:16.708   371   371 D LibBpfLoader: applying relo to instruction at byte offset: 1104, 	       insn offset 138 , insn 118
06-16 13:26:16.708   371   371 D LibBpfLoader: applying relo to instruction at byte offset: 1144, 	       insn offset 143 , insn 118
06-16 13:26:16.708   371   371 D LibBpfLoader: cs[0].name:tracepoint_sched_sched_switch min_kver:0 .max_kver:ffffffff (kvers:50a00ec)
06-16 13:26:16.708   371   371 D LibBpfLoader: cs[0].name:tracepoint_sched_sched_switch requires bpfloader version [0x00000,0x10000)
06-16 13:26:16.704   197   208 I auditd  : type=1334 audit(0.0:27): prog-id=14 op=LOAD
06-16 13:26:16.704   208   208 W auditd  : type=1334 audit(0.0:27): prog-id=14 op=LOAD
06-16 13:26:16.709   371   371 D LibBpfLoader: bpf_prog_load lib call for /system/etc/bpf/time_in_state.o (tracepoint_sched_sched_switch) returned fd: 20 (no error)
06-16 13:26:16.709   371   371 D LibBpfLoader: cs[1].name:tracepoint_power_cpu_frequency min_kver:0 .max_kver:ffffffff (kvers:50a00ec)
06-16 13:26:16.709   371   371 D LibBpfLoader: cs[1].name:tracepoint_power_cpu_frequency requires bpfloader version [0x00000,0x10000)
06-16 13:26:16.708   197   208 I auditd  : type=1334 audit(0.0:28): prog-id=15 op=LOAD
06-16 13:26:16.708   208   208 W auditd  : type=1334 audit(0.0:28): prog-id=15 op=LOAD
06-16 13:26:16.709   371   371 D LibBpfLoader: bpf_prog_load lib call for /system/etc/bpf/time_in_state.o (tracepoint_power_cpu_frequency) returned fd: 21 (no error)
06-16 13:26:16.709   371   371 D LibBpfLoader: cs[2].name:tracepoint_sched_sched_process_free min_kver:0 .max_kver:ffffffff (kvers:50a00ec)
06-16 13:26:16.709   371   371 D LibBpfLoader: cs[2].name:tracepoint_sched_sched_process_free requires bpfloader version [0x00000,0x10000)
06-16 13:26:16.708   197   208 I auditd  : type=1334 audit(0.0:29): prog-id=16 op=LOAD
06-16 13:26:16.708   208   208 W auditd  : type=1334 audit(0.0:29): prog-id=16 op=LOAD
06-16 13:26:16.709   371   371 D LibBpfLoader: bpf_prog_load lib call for /system/etc/bpf/time_in_state.o (tracepoint_sched_sched_process_free) returned fd: 22 (no error)
06-16 13:26:16.709   371   371 I bpfloader: Loaded object: /system/etc/bpf/time_in_state.o
06-16 13:26:16.709   371   371 D LibBpfLoader: Loading critical for netd ELF object /system/etc/bpf/netd.o with license Apache 2.0
06-16 13:26:16.709   371   371 I LibBpfLoader: Section bpfloader_min_ver value is 0 [0x0]
06-16 13:26:16.709   371   371 I LibBpfLoader: Section bpfloader_max_ver value is 65536 [0x10000]
06-16 13:26:16.709   371   371 I LibBpfLoader: Section size_of_bpf_map_def value is 48 [0x30]
06-16 13:26:16.709   371   371 I LibBpfLoader: Section size_of_bpf_prog_def value is 28 [0x1c]
06-16 13:26:16.709   371   371 I LibBpfLoader: BpfLoader version 0x00002 processing ELF object /system/etc/bpf/netd.o with ver [0x00000,0x10000)
06-16 13:26:16.709   371   371 D LibBpfLoader: Loaded code section 3 (cgroupskb_ingress_stats)
06-16 13:26:16.709   371   371 D LibBpfLoader: Loaded relo section 3 (.relcgroupskb/ingress/stats)
06-16 13:26:16.709   371   371 D LibBpfLoader: Adding section 3 to cs list
06-16 13:26:16.709   371   371 D LibBpfLoader: Loaded code section 5 (cgroupskb_egress_stats)
06-16 13:26:16.709   371   371 D LibBpfLoader: Loaded relo section 5 (.relcgroupskb/egress/stats)
06-16 13:26:16.709   371   371 D LibBpfLoader: Adding section 5 to cs list
06-16 13:26:16.709   371   371 D LibBpfLoader: Loaded code section 7 (skfilter_egress_xtbpf)
06-16 13:26:16.709   371   371 D LibBpfLoader: Loaded relo section 7 (.relskfilter/egress/xtbpf)
06-16 13:26:16.709   371   371 D LibBpfLoader: Adding section 7 to cs list
06-16 13:26:16.710   371   371 D LibBpfLoader: Loaded code section 9 (skfilter_ingress_xtbpf)
06-16 13:26:16.710   371   371 D LibBpfLoader: Loaded relo section 9 (.relskfilter/ingress/xtbpf)
06-16 13:26:16.710   371   371 D LibBpfLoader: Adding section 9 to cs list
06-16 13:26:16.710   371   371 D LibBpfLoader: Loaded code section 11 (skfilter_allowlist_xtbpf)
06-16 13:26:16.710   371   371 D LibBpfLoader: Loaded relo section 11 (.relskfilter/allowlist/xtbpf)
06-16 13:26:16.710   371   371 D LibBpfLoader: Adding section 11 to cs list
06-16 13:26:16.710   371   371 D LibBpfLoader: Loaded code section 13 (skfilter_denylist_xtbpf)
06-16 13:26:16.710   371   371 D LibBpfLoader: Loaded relo section 13 (.relskfilter/denylist/xtbpf)
06-16 13:26:16.710   371   371 D LibBpfLoader: Adding section 13 to cs list
06-16 13:26:16.710   371   371 D LibBpfLoader: Loaded code section 15 (cgroupsock_inet_create)
06-16 13:26:16.710   371   371 D LibBpfLoader: Loaded relo section 15 (.relcgroupsock/inet/create)
06-16 13:26:16.710   371   371 D LibBpfLoader: Adding section 15 to cs list
06-16 13:26:16.710   371   371 D LibBpfLoader: bpf_create_map name cookie_tag_map, ret: 6
06-16 13:26:16.710   371   371 D LibBpfLoader: bpf_create_map name uid_counterset_map, ret: 7
06-16 13:26:16.711   371   371 D LibBpfLoader: bpf_create_map name app_uid_stats_map, ret: 8
06-16 13:26:16.712   371   371 D LibBpfLoader: bpf_create_map name stats_map_A, ret: 9
06-16 13:26:16.712   371   371 D LibBpfLoader: bpf_create_map name stats_map_B, ret: 10
06-16 13:26:16.712   371   371 D LibBpfLoader: bpf_create_map name iface_stats_map, ret: 11
06-16 13:26:16.712   371   371 D LibBpfLoader: bpf_create_map name configuration_map, ret: 12
06-16 13:26:16.712   371   371 D LibBpfLoader: bpf_create_map name uid_owner_map, ret: 13
06-16 13:26:16.712   371   371 D LibBpfLoader: bpf_create_map name iface_index_name_map, ret: 14
06-16 13:26:16.713   371   371 D LibBpfLoader: bpf_create_map name uid_permission_map, ret: 15
06-16 13:26:16.713   371   371 D LibBpfLoader: map_fd found at 0 is 6 in /system/etc/bpf/netd.o
06-16 13:26:16.713   371   371 D LibBpfLoader: map_fd found at 1 is 7 in /system/etc/bpf/netd.o
06-16 13:26:16.713   371   371 D LibBpfLoader: map_fd found at 2 is 8 in /system/etc/bpf/netd.o
06-16 13:26:16.713   371   371 D LibBpfLoader: map_fd found at 3 is 9 in /system/etc/bpf/netd.o
06-16 13:26:16.713   371   371 D LibBpfLoader: map_fd found at 4 is 10 in /system/etc/bpf/netd.o
06-16 13:26:16.713   371   371 D LibBpfLoader: map_fd found at 5 is 11 in /system/etc/bpf/netd.o
06-16 13:26:16.713   371   371 D LibBpfLoader: map_fd found at 6 is 12 in /system/etc/bpf/netd.o
06-16 13:26:16.713   371   371 D LibBpfLoader: map_fd found at 7 is 13 in /system/etc/bpf/netd.o
06-16 13:26:16.713   371   371 D LibBpfLoader: map_fd found at 8 is 14 in /system/etc/bpf/netd.o
06-16 13:26:16.713   371   371 D LibBpfLoader: map_fd found at 9 is 15 in /system/etc/bpf/netd.o
06-16 13:26:16.713   371   371 D LibBpfLoader: applying relo to instruction at byte offset: 472, 	       insn offset 59 , insn 118
06-16 13:26:16.713   371   371 D LibBpfLoader: applying relo to instruction at byte offset: 544, 	       insn offset 68 , insn 118
06-16 13:26:16.713   371   371 D LibBpfLoader: applying relo to instruction at byte offset: 1008, 	       insn offset 126 , insn 118
06-16 13:26:16.713   371   371 D LibBpfLoader: applying relo to instruction at byte offset: 1304, 	       insn offset 163 , insn 118
06-16 13:26:16.713   371   371 D LibBpfLoader: applying relo to instruction at byte offset: 1384, 	       insn offset 173 , insn 118
06-16 13:26:16.713   371   371 D LibBpfLoader: applying relo to instruction at byte offset: 1488, 	       insn offset 186 , insn 118
06-16 13:26:16.713   371   371 D LibBpfLoader: applying relo to instruction at byte offset: 1600, 	       insn offset 200 , insn 118
06-16 13:26:16.713   371   371 D LibBpfLoader: applying relo to instruction at byte offset: 1640, 	       insn offset 205 , insn 118
06-16 13:26:16.713   371   371 D LibBpfLoader: applying relo to instruction at byte offset: 1992, 	       insn offset 249 , insn 118
06-16 13:26:16.713   371   371 D LibBpfLoader: applying relo to instruction at byte offset: 2104, 	       insn offset 263 , insn 118
06-16 13:26:16.713   371   371 D LibBpfLoader: applying relo to instruction at byte offset: 2144, 	       insn offset 268 , insn 118
06-16 13:26:16.713   371   371 D LibBpfLoader: applying relo to instruction at byte offset: 2424, 	       insn offset 303 , insn 118
06-16 13:26:16.713   371   371 D LibBpfLoader: applying relo to instruction at byte offset: 2528, 	       insn offset 316 , insn 118
06-16 13:26:16.713   371   371 D LibBpfLoader: applying relo to instruction at byte offset: 2568, 	       insn offset 321 , insn 118
06-16 13:26:16.713   371   371 D LibBpfLoader: applying relo to instruction at byte offset: 2712, 	       insn offset 339 , insn 118
06-16 13:26:16.713   371   371 D LibBpfLoader: applying relo to instruction at byte offset: 2816, 	       insn offset 352 , insn 118
06-16 13:26:16.713   371   371 D LibBpfLoader: applying relo to instruction at byte offset: 2856, 	       insn offset 357 , insn 118
06-16 13:26:16.713   371   371 D LibBpfLoader: applying relo to instruction at byte offset: 3088, 	       insn offset 386 , insn 118
06-16 13:26:16.713   371   371 D LibBpfLoader: applying relo to instruction at byte offset: 3192, 	       insn offset 399 , insn 118
06-16 13:26:16.713   371   371 D LibBpfLoader: applying relo to instruction at byte offset: 3232, 	       insn offset 404 , insn 118
06-16 13:26:16.713   371   371 D LibBpfLoader: applying relo to instruction at byte offset: 448, 	       insn offset 56 , insn 118
06-16 13:26:16.713   371   371 D LibBpfLoader: applying relo to instruction at byte offset: 520, 	       insn offset 65 , insn 118
06-16 13:26:16.713   371   371 D LibBpfLoader: applying relo to instruction at byte offset: 992, 	       insn offset 124 , insn 118
06-16 13:26:16.713   371   371 D LibBpfLoader: applying relo to instruction at byte offset: 1272, 	       insn offset 159 , insn 118
06-16 13:26:16.713   371   371 D LibBpfLoader: applying relo to instruction at byte offset: 1352, 	       insn offset 169 , insn 118
06-16 13:26:16.713   371   371 D LibBpfLoader: applying relo to instruction at byte offset: 1456, 	       insn offset 182 , insn 118
06-16 13:26:16.713   371   371 D LibBpfLoader: applying relo to instruction at byte offset: 1560, 	       insn offset 195 , insn 118
06-16 13:26:16.713   371   371 D LibBpfLoader: applying relo to instruction at byte offset: 1600, 	       insn offset 200 , insn 118
06-16 13:26:16.713   371   371 D LibBpfLoader: applying relo to instruction at byte offset: 1744, 	       insn offset 218 , insn 118
06-16 13:26:16.713   371   371 D LibBpfLoader: applying relo to instruction at byte offset: 1848, 	       insn offset 231 , insn 118
06-16 13:26:16.713   371   371 D LibBpfLoader: applying relo to instruction at byte offset: 1888, 	       insn offset 236 , insn 118
06-16 13:26:16.713   371   371 D LibBpfLoader: applying relo to instruction at byte offset: 2160, 	       insn offset 270 , insn 118
06-16 13:26:16.713   371   371 D LibBpfLoader: applying relo to instruction at byte offset: 2264, 	       insn offset 283 , insn 118
06-16 13:26:16.713   371   371 D LibBpfLoader: applying relo to instruction at byte offset: 2304, 	       insn offset 288 , insn 118
06-16 13:26:16.713   371   371 D LibBpfLoader: applying relo to instruction at byte offset: 2448, 	       insn offset 306 , insn 118
06-16 13:26:16.713   371   371 D LibBpfLoader: applying relo to instruction at byte offset: 2552, 	       insn offset 319 , insn 118
06-16 13:26:16.713   371   371 D LibBpfLoader: applying relo to instruction at byte offset: 2592, 	       insn offset 324 , insn 118
06-16 13:26:16.713   371   371 D LibBpfLoader: applying relo to instruction at byte offset: 2824, 	       insn offset 353 , insn 118
06-16 13:26:16.713   371   371 D LibBpfLoader: applying relo to instruction at byte offset: 2928, 	       insn offset 366 , insn 118
06-16 13:26:16.713   371   371 D LibBpfLoader: applying relo to instruction at byte offset: 2968, 	       insn offset 371 , insn 118
06-16 13:26:16.713   371   371 D LibBpfLoader: applying relo to instruction at byte offset: 88, 	       insn offset 11 , insn 118
06-16 13:26:16.713   371   371 D LibBpfLoader: applying relo to instruction at byte offset: 192, 	       insn offset 24 , insn 118
06-16 13:26:16.713   371   371 D LibBpfLoader: applying relo to instruction at byte offset: 232, 	       insn offset 29 , insn 118
06-16 13:26:16.713   371   371 D LibBpfLoader: applying relo to instruction at byte offset: 40, 	       insn offset 5 , insn 118
06-16 13:26:16.713   371   371 D LibBpfLoader: applying relo to instruction at byte offset: 144, 	       insn offset 18 , insn 118
06-16 13:26:16.713   371   371 D LibBpfLoader: applying relo to instruction at byte offset: 184, 	       insn offset 23 , insn 118
06-16 13:26:16.713   371   371 D LibBpfLoader: applying relo to instruction at byte offset: 136, 	       insn offset 17 , insn 118
06-16 13:26:16.713   371   371 D LibBpfLoader: applying relo to instruction at byte offset: 32, 	       insn offset 4 , insn 118
06-16 13:26:16.713   371   371 D LibBpfLoader: applying relo to instruction at byte offset: 80, 	       insn offset 10 , insn 118
06-16 13:26:16.713   371   371 D LibBpfLoader: cs[0].name:cgroupskb_ingress_stats min_kver:0 .max_kver:ffffffff (kvers:50a00ec)
06-16 13:26:16.713   371   371 D LibBpfLoader: cs[0].name:cgroupskb_ingress_stats requires bpfloader version [0x00000,0x10000)
06-16 13:26:16.712   197   208 I auditd  : type=1334 audit(0.0:30): prog-id=17 op=LOAD
06-16 13:26:16.712   208   208 W auditd  : type=1334 audit(0.0:30): prog-id=17 op=LOAD
06-16 13:26:16.713   371   371 D LibBpfLoader: bpf_prog_load lib call for /system/etc/bpf/netd.o (cgroupskb_ingress_stats) returned fd: 16 (no error)
06-16 13:26:16.713   371   371 D LibBpfLoader: cs[1].name:cgroupskb_egress_stats min_kver:0 .max_kver:ffffffff (kvers:50a00ec)
06-16 13:26:16.713   371   371 D LibBpfLoader: cs[1].name:cgroupskb_egress_stats requires bpfloader version [0x00000,0x10000)
06-16 13:26:16.712   197   208 I auditd  : type=1334 audit(0.0:31): prog-id=18 op=LOAD
06-16 13:26:16.712   208   208 W auditd  : type=1334 audit(0.0:31): prog-id=18 op=LOAD
06-16 13:26:16.714   371   371 D LibBpfLoader: bpf_prog_load lib call for /system/etc/bpf/netd.o (cgroupskb_egress_stats) returned fd: 17 (no error)
06-16 13:26:16.714   371   371 D LibBpfLoader: cs[2].name:skfilter_egress_xtbpf min_kver:0 .max_kver:ffffffff (kvers:50a00ec)
06-16 13:26:16.714   371   371 D LibBpfLoader: cs[2].name:skfilter_egress_xtbpf requires bpfloader version [0x00000,0x10000)
06-16 13:26:16.712   197   208 I auditd  : type=1334 audit(0.0:32): prog-id=19 op=LOAD
06-16 13:26:16.712   208   208 W auditd  : type=1334 audit(0.0:32): prog-id=19 op=LOAD
06-16 13:26:16.714   371   371 D LibBpfLoader: bpf_prog_load lib call for /system/etc/bpf/netd.o (skfilter_egress_xtbpf) returned fd: 18 (no error)
06-16 13:26:16.714   371   371 D LibBpfLoader: cs[3].name:skfilter_ingress_xtbpf min_kver:0 .max_kver:ffffffff (kvers:50a00ec)
06-16 13:26:16.714   371   371 D LibBpfLoader: cs[3].name:skfilter_ingress_xtbpf requires bpfloader version [0x00000,0x10000)
06-16 13:26:16.712   197   208 I auditd  : type=1334 audit(0.0:33): prog-id=20 op=LOAD
06-16 13:26:16.712   208   208 W auditd  : type=1334 audit(0.0:33): prog-id=20 op=LOAD
06-16 13:26:16.714   371   371 D LibBpfLoader: bpf_prog_load lib call for /system/etc/bpf/netd.o (skfilter_ingress_xtbpf) returned fd: 19 (no error)
06-16 13:26:16.714   371   371 D LibBpfLoader: cs[4].name:skfilter_allowlist_xtbpf min_kver:0 .max_kver:ffffffff (kvers:50a00ec)
06-16 13:26:16.714   371   371 D LibBpfLoader: cs[4].name:skfilter_allowlist_xtbpf requires bpfloader version [0x00000,0x10000)
06-16 13:26:16.712   197   208 I auditd  : type=1334 audit(0.0:34): prog-id=21 op=LOAD
06-16 13:26:16.712   208   208 W auditd  : type=1334 audit(0.0:34): prog-id=21 op=LOAD
06-16 13:26:16.714   371   371 D LibBpfLoader: bpf_prog_load lib call for /system/etc/bpf/netd.o (skfilter_allowlist_xtbpf) returned fd: 20 (no error)
06-16 13:26:16.714   371   371 D LibBpfLoader: cs[5].name:skfilter_denylist_xtbpf min_kver:0 .max_kver:ffffffff (kvers:50a00ec)
06-16 13:26:16.714   371   371 D LibBpfLoader: cs[5].name:skfilter_denylist_xtbpf requires bpfloader version [0x00000,0x10000)
06-16 13:26:16.712   197   208 I auditd  : type=1334 audit(0.0:35): prog-id=22 op=LOAD
06-16 13:26:16.712   208   208 W auditd  : type=1334 audit(0.0:35): prog-id=22 op=LOAD
06-16 13:26:16.714   371   371 D LibBpfLoader: bpf_prog_load lib call for /system/etc/bpf/netd.o (skfilter_denylist_xtbpf) returned fd: 21 (no error)
06-16 13:26:16.714   371   371 D LibBpfLoader: cs[6].name:cgroupsock_inet_create min_kver:40e0000 .max_kver:ffffffff (kvers:50a00ec)
06-16 13:26:16.714   371   371 D LibBpfLoader: cs[6].name:cgroupsock_inet_create requires bpfloader version [0x00000,0x10000)
06-16 13:26:16.712   197   208 I auditd  : type=1334 audit(0.0:36): prog-id=23 op=LOAD
06-16 13:26:16.712   208   208 W auditd  : type=1334 audit(0.0:36): prog-id=23 op=LOAD
06-16 13:26:16.714   371   371 D LibBpfLoader: bpf_prog_load lib call for /system/etc/bpf/netd.o (cgroupsock_inet_create) returned fd: 22 (no error)
06-16 13:26:16.714   371   371 I bpfloader: Loaded object: /system/etc/bpf/netd.o
06-16 13:26:16.714   371   371 D LibBpfLoader: Loading critical for netd ELF object /system/etc/bpf/clatd.o with license Apache 2.0
06-16 13:26:16.714   371   371 I LibBpfLoader: Section bpfloader_min_ver value is 0 [0x0]
06-16 13:26:16.714   371   371 I LibBpfLoader: Section bpfloader_max_ver value is 65536 [0x10000]
06-16 13:26:16.714   371   371 I LibBpfLoader: Section size_of_bpf_map_def value is 48 [0x30]
06-16 13:26:16.714   371   371 I LibBpfLoader: Section size_of_bpf_prog_def value is 28 [0x1c]
06-16 13:26:16.714   371   371 I LibBpfLoader: BpfLoader version 0x00002 processing ELF object /system/etc/bpf/clatd.o with ver [0x00000,0x10000)
06-16 13:26:16.715   371   371 D LibBpfLoader: Loaded code section 3 (schedcls_ingress6_clat_ether)
06-16 13:26:16.715   371   371 D LibBpfLoader: Loaded relo section 3 (.relschedcls/ingress6/clat_ether)
06-16 13:26:16.715   371   371 D LibBpfLoader: Adding section 3 to cs list
06-16 13:26:16.715   371   371 D LibBpfLoader: Loaded code section 5 (schedcls_ingress6_clat_rawip)
06-16 13:26:16.715   371   371 D LibBpfLoader: Loaded relo section 5 (.relschedcls/ingress6/clat_rawip)
06-16 13:26:16.715   371   371 D LibBpfLoader: Adding section 5 to cs list
06-16 13:26:16.715   371   371 D LibBpfLoader: Loaded code section 7 (schedcls_egress4_clat_ether)
06-16 13:26:16.715   371   371 D LibBpfLoader: Adding section 7 to cs list
06-16 13:26:16.715   371   371 D LibBpfLoader: Loaded code section 8 (schedcls_egress4_clat_rawip)
06-16 13:26:16.715   371   371 D LibBpfLoader: Loaded relo section 8 (.relschedcls/egress4/clat_rawip)
06-16 13:26:16.715   371   371 D LibBpfLoader: Adding section 8 to cs list
06-16 13:26:16.715   371   371 D LibBpfLoader: bpf_create_map name clat_ingress6_map, ret: 6
06-16 13:26:16.715   371   371 D LibBpfLoader: bpf_create_map name clat_egress4_map, ret: 7
06-16 13:26:16.715   371   371 D LibBpfLoader: map_fd found at 0 is 6 in /system/etc/bpf/clatd.o
06-16 13:26:16.715   371   371 D LibBpfLoader: map_fd found at 1 is 7 in /system/etc/bpf/clatd.o
06-16 13:26:16.715   371   371 D LibBpfLoader: applying relo to instruction at byte offset: 408, 	       insn offset 51 , insn 118
06-16 13:26:16.715   371   371 D LibBpfLoader: applying relo to instruction at byte offset: 352, 	       insn offset 44 , insn 118
06-16 13:26:16.715   371   371 D LibBpfLoader: applying relo to instruction at byte offset: 520, 	       insn offset 65 , insn 118
06-16 13:26:16.715   371   371 D LibBpfLoader: cs[0].name:schedcls_ingress6_clat_ether min_kver:0 .max_kver:ffffffff (kvers:50a00ec)
06-16 13:26:16.715   371   371 D LibBpfLoader: cs[0].name:schedcls_ingress6_clat_ether requires bpfloader version [0x00000,0x10000)
06-16 13:26:16.712   197   208 I auditd  : type=1334 audit(0.0:37): prog-id=24 op=LOAD
06-16 13:26:16.712   208   208 W auditd  : type=1334 audit(0.0:37): prog-id=24 op=LOAD
06-16 13:26:16.715   371   371 D LibBpfLoader: bpf_prog_load lib call for /system/etc/bpf/clatd.o (schedcls_ingress6_clat_ether) returned fd: 8 (no error)
06-16 13:26:16.715   371   371 D LibBpfLoader: cs[1].name:schedcls_ingress6_clat_rawip min_kver:0 .max_kver:ffffffff (kvers:50a00ec)
06-16 13:26:16.715   371   371 D LibBpfLoader: cs[1].name:schedcls_ingress6_clat_rawip requires bpfloader version [0x00000,0x10000)
06-16 13:26:16.712   197   208 I auditd  : type=1334 audit(0.0:38): prog-id=25 op=LOAD
06-16 13:26:16.712   208   208 W auditd  : type=1334 audit(0.0:38): prog-id=25 op=LOAD
06-16 13:26:16.715   371   371 D LibBpfLoader: bpf_prog_load lib call for /system/etc/bpf/clatd.o (schedcls_ingress6_clat_rawip) returned fd: 9 (no error)
06-16 13:26:16.715   371   371 D LibBpfLoader: cs[2].name:schedcls_egress4_clat_ether min_kver:0 .max_kver:ffffffff (kvers:50a00ec)
06-16 13:26:16.715   371   371 D LibBpfLoader: cs[2].name:schedcls_egress4_clat_ether requires bpfloader version [0x00000,0x10000)
06-16 13:26:16.712   197   208 I auditd  : type=1334 audit(0.0:39): prog-id=26 op=LOAD
06-16 13:26:16.712   208   208 W auditd  : type=1334 audit(0.0:39): prog-id=26 op=LOAD
06-16 13:26:16.715   371   371 D LibBpfLoader: bpf_prog_load lib call for /system/etc/bpf/clatd.o (schedcls_egress4_clat_ether) returned fd: 10 (no error)
06-16 13:26:16.715   371   371 D LibBpfLoader: cs[3].name:schedcls_egress4_clat_rawip min_kver:0 .max_kver:ffffffff (kvers:50a00ec)
06-16 13:26:16.715   371   371 D LibBpfLoader: cs[3].name:schedcls_egress4_clat_rawip requires bpfloader version [0x00000,0x10000)
06-16 13:26:16.712   197   208 I auditd  : type=1334 audit(0.0:40): prog-id=27 op=LOAD
06-16 13:26:16.712   208   208 W auditd  : type=1334 audit(0.0:40): prog-id=27 op=LOAD
06-16 13:26:16.715   371   371 D LibBpfLoader: bpf_prog_load lib call for /system/etc/bpf/clatd.o (schedcls_egress4_clat_rawip) returned fd: 11 (no error)
06-16 13:26:16.715   371   371 I bpfloader: Loaded object: /system/etc/bpf/clatd.o
06-16 13:26:16.716   371   371 D LibBpfLoader: Loading optional ELF object /system/etc/bpf/gpu_mem.o with license Apache 2.0
06-16 13:26:16.716   371   371 I LibBpfLoader: Section bpfloader_min_ver value is 0 [0x0]
06-16 13:26:16.716   371   371 I LibBpfLoader: Section bpfloader_max_ver value is 65536 [0x10000]
06-16 13:26:16.716   371   371 I LibBpfLoader: Section size_of_bpf_map_def value is 48 [0x30]
06-16 13:26:16.716   371   371 I LibBpfLoader: Section size_of_bpf_prog_def value is 28 [0x1c]
06-16 13:26:16.716   371   371 I LibBpfLoader: BpfLoader version 0x00002 processing ELF object /system/etc/bpf/gpu_mem.o with ver [0x00000,0x10000)
06-16 13:26:16.716   371   371 D LibBpfLoader: Loaded code section 3 (tracepoint_gpu_mem_gpu_mem_total)
06-16 13:26:16.716   371   371 D LibBpfLoader: Loaded relo section 3 (.reltracepoint/gpu_mem/gpu_mem_total)
06-16 13:26:16.716   371   371 D LibBpfLoader: Adding section 3 to cs list
06-16 13:26:16.716   371   371 D LibBpfLoader: bpf_create_map name gpu_mem_total_map, ret: 6
06-16 13:26:16.716   371   371 D LibBpfLoader: map_fd found at 0 is 6 in /system/etc/bpf/gpu_mem.o
06-16 13:26:16.716   371   371 D LibBpfLoader: applying relo to instruction at byte offset: 80, 	       insn offset 10 , insn 118
06-16 13:26:16.716   371   371 D LibBpfLoader: applying relo to instruction at byte offset: 128, 	       insn offset 16 , insn 118
06-16 13:26:16.716   371   371 D LibBpfLoader: applying relo to instruction at byte offset: 208, 	       insn offset 26 , insn 118
06-16 13:26:16.716   371   371 D LibBpfLoader: cs[0].name:tracepoint_gpu_mem_gpu_mem_total min_kver:0 .max_kver:ffffffff (kvers:50a00ec)
06-16 13:26:16.716   371   371 D LibBpfLoader: cs[0].name:tracepoint_gpu_mem_gpu_mem_total requires bpfloader version [0x00000,0x10000)
06-16 13:26:16.712   197   208 I auditd  : type=1334 audit(0.0:41): prog-id=28 op=LOAD
06-16 13:26:16.712   208   208 W auditd  : type=1334 audit(0.0:41): prog-id=28 op=LOAD
06-16 13:26:16.716   371   371 D LibBpfLoader: bpf_prog_load lib call for /system/etc/bpf/gpu_mem.o (tracepoint_gpu_mem_gpu_mem_total) returned fd: 7 (no error)
06-16 13:26:16.716   371   371 I bpfloader: Loaded object: /system/etc/bpf/gpu_mem.o
06-16 13:26:16.720     0     0 I init    : Service 'bpfloader' (pid 371) exited with status 0 waiting took 0.026000 seconds
06-16 13:26:16.720     0     0 I init    : Sending signal 9 to service 'bpfloader' (pid 371) process group...
06-16 13:26:16.720     0     0 I libprocessgroup: Successfully killed process cgroup uid 0 pid 371 in 0ms
06-16 13:26:16.720     0     0 I init    : processing action (ro.crypto.state=encrypted && ro.crypto.type=file && zygote-start) from (/system/etc/init/hw/init.rc:967)
06-16 13:26:16.720     0     0 I init    : start_waiting_for_property("odsign.verification.done", "1"): already set
06-16 13:26:16.720     0     0 I init    : starting service 'update_verifier_nonencrypted'...
06-16 13:26:16.721     0     0 I init    : SVC_EXEC service 'update_verifier_nonencrypted' pid 372 (uid 0 gid 2001+1 context default) started; waiting...
06-16 13:26:16.724     0     0 I update_verifier: Started with arg 1: nonencrypted
06-16 13:26:16.724     0     0 I update_verifier: Booting slot 0: isSlotMarkedSuccessful=0
06-16 13:26:16.724     0     0 E update_verifier: /data/ota_package/care_map.pb doesn't exist
06-16 13:26:16.724     0     0 W update_verifier: Failed to parse the care map file, skipping verification
06-16 13:26:16.725     0     0 I update_verifier: Deferred marking slot 0 as booted successfully.
06-16 13:26:16.725     0     0 I update_verifier: Leaving update_verifier.
06-16 13:26:16.725     0     0 I init    : Service 'update_verifier_nonencrypted' (pid 372) exited with status 0 waiting took 0.004000 seconds
06-16 13:26:16.725     0     0 I init    : Sending signal 9 to service 'update_verifier_nonencrypted' (pid 372) process group...
06-16 13:26:16.725     0     0 I libprocessgroup: Successfully killed process cgroup uid 0 pid 372 in 0ms
06-16 13:26:16.725     0     0 I init    : starting service 'statsd'...
06-16 13:26:16.725     0     0 I init    : Created socket '/dev/socket/statsdw', mode 222, user 1066, group 1066
06-16 13:26:16.726     0     0 I init    : starting service 'netd'...
06-16 13:26:16.726     0     0 I init    : Created socket '/dev/socket/dnsproxyd', mode 660, user 0, group 3003
06-16 13:26:16.726     0     0 I init    : Created socket '/dev/socket/mdns', mode 660, user 0, group 1000
06-16 13:26:16.726     0     0 I init    : Created socket '/dev/socket/fwmarkd', mode 660, user 0, group 3003
06-16 13:26:16.727     0     0 I init    : starting service 'zygote'...
06-16 13:26:16.727     0     0 I init    : Created socket '/dev/socket/zygote', mode 660, user 0, group 1000
06-16 13:26:16.727     0     0 I init    : Created socket '/dev/socket/usap_pool_primary', mode 660, user 0, group 1000
06-16 13:26:16.728   373   373 I ServiceManager: Waiting for service 'statscompanion' on '/dev/binder'...
06-16 13:26:16.728     0     0 I init    : Command 'start zygote_secondary' action=ro.crypto.state=encrypted && ro.crypto.type=file && zygote-start (/system/etc/init/hw/init.rc:974) took 0ms and failed: service zygote_secondary not found
06-16 13:26:16.728     0     0 I init    : processing action (firmware_mounts_complete) from (/system/etc/init/hw/init.rc:464)
06-16 13:26:16.728     0     0 I init    : processing action (early-boot) from (/system/etc/init/installd.rc:5)
06-16 13:26:16.729     0     0 I init    : processing action (boot) from (/system/etc/init/hw/init.rc:981)
06-16 13:26:16.733     0     0 I init    : starting service 'hidl_memory'...
06-16 13:26:16.734     0     0 I init    : starting service 'vendor.audio-hal'...
06-16 13:26:16.735     0     0 I init    : starting service 'vendor.authsecret_default'...
06-16 13:26:16.733   379   379 I HidlServiceManagement: Registered android.hidl.allocator@1.0::IAllocator/ashmem
06-16 13:26:16.733   379   379 I HidlServiceManagement: Removing namespace from process name android.hidl.allocator@1.0-service to allocator@1.0-service.
06-16 13:26:16.739   199   199 I servicemanager: Found android.hardware.authsecret.IAuthSecret/default in device VINTF manifest.
06-16 13:26:16.740     0     0 I init    : starting service 'vendor.authsecret-1-0'...
06-16 13:26:16.742     0     0 I init    : starting service 'vendor.fps_hal'...
06-16 13:26:16.747     0     0 I init    : starting service 'btlinux-1.1'...
06-16 13:26:16.745   382   382 I HidlServiceManagement: Registered android.hardware.authsecret@1.0::IAuthSecret/default
06-16 13:26:16.745   382   382 I HidlServiceManagement: Removing namespace from process name android.hardware.authsecret@1.0-service to authsecret@1.0-service.
06-16 13:26:16.748   383   383 I HidlServiceManagement: Registered android.hardware.biometrics.fingerprint@2.2::IBiometricsFingerprint/default
06-16 13:26:16.748   383   383 I HidlServiceManagement: Removing namespace from process name android.hardware.biometrics.fingerprint@2.2-service.example to fingerprint@2.2-service.example.
06-16 13:26:16.754     0     0 I init    : starting service 'vendor.camera-provider-2-7-google'...
06-16 13:26:16.754   200   200 I hwservicemanager: getTransport: Cannot find entry android.hardware.audio@7.0::IDevicesFactory/default in either framework or device VINTF manifest.
06-16 13:26:16.754   380   380 E LegacySupport: Could not get passthrough implementation for android.hardware.audio@7.0::IDevicesFactory/default.
06-16 13:26:16.759     0     0 I init    : starting service 'vendor.cas-hal-1-2'...
06-16 13:26:16.758   374   374 I netdClient: Skipping libnetd_client init since *we* are netd
06-16 13:26:16.762   384   384 I HidlServiceManagement: Registered android.hardware.bluetooth@1.1::IBluetoothHci/default
06-16 13:26:16.762   384   384 I HidlServiceManagement: Removing namespace from process name android.hardware.bluetooth@1.1-service.btlinux to bluetooth@1.1-service.btlinux.
06-16 13:26:16.764     0     0 I init    : starting service 'vendor.contexthub-hal-1.2-mock'...
06-16 13:26:16.765   380   380 I HidlServiceManagement: Registered android.hardware.audio@6.0::IDevicesFactory/default
06-16 13:26:16.765   380   380 I HidlServiceManagement: Removing namespace from process name android.hardware.audio.service to audio.service.
06-16 13:26:16.765   380   380 I LegacySupport: Registration complete for android.hardware.audio@6.0::IDevicesFactory/default.
06-16 13:26:16.765   200   200 I hwservicemanager: getTransport: Cannot find entry android.hardware.audio.effect@7.0::IEffectsFactory/default in either framework or device VINTF manifest.
06-16 13:26:16.765   380   380 E LegacySupport: Could not get passthrough implementation for android.hardware.audio.effect@7.0::IEffectsFactory/default.
06-16 13:26:16.769     0     0 I init    : starting service 'vendor.drm-clearkey-hal-1-4'...
06-16 13:26:16.771   380   380 I HidlServiceManagement: Registered android.hardware.audio.effect@6.0::IEffectsFactory/default
06-16 13:26:16.771   380   380 I LegacySupport: Registration complete for android.hardware.audio.effect@6.0::IEffectsFactory/default.
06-16 13:26:16.771   200   200 I hwservicemanager: getTransport: Cannot find entry android.hardware.soundtrigger@2.3::ISoundTriggerHw/default in either framework or device VINTF manifest.
06-16 13:26:16.772   380   380 E LegacySupport: Could not get passthrough implementation for android.hardware.soundtrigger@2.3::ISoundTriggerHw/default.
06-16 13:26:16.772   200   200 I hwservicemanager: getTransport: Cannot find entry android.hardware.soundtrigger@2.2::ISoundTriggerHw/default in either framework or device VINTF manifest.
06-16 13:26:16.772   380   380 E LegacySupport: Could not get passthrough implementation for android.hardware.soundtrigger@2.2::ISoundTriggerHw/default.
06-16 13:26:16.772   200   200 I hwservicemanager: getTransport: Cannot find entry android.hardware.soundtrigger@2.1::ISoundTriggerHw/default in either framework or device VINTF manifest.
06-16 13:26:16.775     0     0 I init    : starting service 'vendor.gatekeeper-1-0'...
06-16 13:26:16.772   380   380 E LegacySupport: Could not get passthrough implementation for android.hardware.soundtrigger@2.1::ISoundTriggerHw/default.
06-16 13:26:16.772   200   200 I hwservicemanager: getTransport: Cannot find entry android.hardware.soundtrigger@2.0::ISoundTriggerHw/default in either framework or device VINTF manifest.
06-16 13:26:16.772   380   380 E LegacySupport: Could not get passthrough implementation for android.hardware.soundtrigger@2.0::ISoundTriggerHw/default.
06-16 13:26:16.772   380   380 W audiohalservice: Could not register Soundtrigger API
06-16 13:26:16.774   374   374 I netd    : netd 1.0 starting
06-16 13:26:16.775   374   374 I netd    : Pid file removed
06-16 13:26:16.775   374   374 I netd    : SIGPIPE is blocked
06-16 13:26:16.775   374   374 I netd    : setCloseOnExec(dnsproxyd)
06-16 13:26:16.775   374   374 I netd    : setCloseOnExec(fwmarkd)
06-16 13:26:16.775   374   374 I netd    : setCloseOnExec(mdns)
06-16 13:26:16.776   374   374 I netd    : BPF programs are loaded
06-16 13:26:16.776   374   374 I netd    : NetlinkManager instanced
06-16 13:26:16.776   374   374 I netd    : enter NetworkController ctor
06-16 13:26:16.777   380   380 I BTAudioProviderA2dpSoftware: A2dpSoftwareAudioProvider - size of audio buffer 7680 byte(s)
06-16 13:26:16.777   380   380 I BTAudioProviderHearingAid: HearingAidAudioProvider - size of audio buffer 3584 byte(s)
06-16 13:26:16.778   380   380 I HidlServiceManagement: Registered android.hardware.bluetooth.audio@2.1::IBluetoothAudioProvidersFactory/default
06-16 13:26:16.778   380   380 I LegacySupport: Registration complete for android.hardware.bluetooth.audio@2.1::IBluetoothAudioProvidersFactory/default.
06-16 13:26:16.778   200   200 I hwservicemanager: getTransport: Cannot find entry android.hardware.bluetooth.a2dp@1.0::IBluetoothAudioOffload/default in either framework or device VINTF manifest.
06-16 13:26:16.778   380   380 E LegacySupport: Could not get passthrough implementation for android.hardware.bluetooth.a2dp@1.0::IBluetoothAudioOffload/default.
06-16 13:26:16.778   380   380 W audiohalservice: Could not register Bluetooth Audio Offload API
06-16 13:26:16.779   374   374 I netd    : leave NetworkController ctor
06-16 13:26:16.779   374   374 I netd    : enter TetherController ctor
06-16 13:26:16.779   374   374 D TetherController: Setting IP forward enable = 0
06-16 13:26:16.782     0     0 I init    : starting service 'vendor.graphics.allocator-4-0'...
06-16 13:26:16.784   374   374 I netd    : leave TetherController ctor
06-16 13:26:16.785   374   374 D FirewallController: Could not read /proc/self/uid_map, max uid defaulting to 4294967294
06-16 13:26:16.809   388   388 I HidlServiceManagement: Registered android.hardware.cas@1.2::IMediaCasService/default
06-16 13:26:16.809   388   388 I HidlServiceManagement: Removing namespace from process name android.hardware.cas@1.2-service to cas@1.2-service.
06-16 13:26:16.809   389   389 I HidlServiceManagement: Registered android.hardware.contexthub@1.2::IContexthub/default
06-16 13:26:16.809   389   389 I HidlServiceManagement: Removing namespace from process name android.hardware.contexthub@1.2-service.mock to contexthub@1.2-service.mock.
06-16 13:26:16.814     0     0 I init    : starting service 'vendor.hwcomposer-2-4'...
06-16 13:26:16.812   385   385 I android.hardware.pixel.camera.provider@2.7-service: Google camera provider service is starting.
06-16 13:26:16.813   385   385 I android.hardware.pixel.camera.provider@2.7-service: Not using ApexUpdateListener since not running in an apex.
06-16 13:26:16.813   385   385 I GCH_CameraProvider: CreateHwl:Loading /vendor/lib64/libgooglecamerahwl_impl.so library
06-16 13:26:16.813   393   393 I HidlServiceManagement: Registered android.hardware.gatekeeper@1.0::IGatekeeper/default
06-16 13:26:16.813   393   393 I HidlServiceManagement: Removing namespace from process name android.hardware.gatekeeper@1.0-service.software to gatekeeper@1.0-service.software.
06-16 13:26:16.814   392   392 I HidlServiceManagement: Registered android.hardware.drm@1.4::IDrmFactory/clearkey
06-16 13:26:16.814   392   392 I HidlServiceManagement: Removing namespace from process name android.hardware.drm@1.4-service.clearkey to drm@1.4-service.clearkey.
06-16 13:26:16.815   392   392 I HidlServiceManagement: Registered android.hardware.drm@1.4::ICryptoFactory/clearkey
06-16 13:26:16.815   392   392 I HidlServiceManagement: Removing namespace from process name android.hardware.drm@1.4-service.clearkey to drm@1.4-service.clearkey.
06-16 13:26:16.821   375   375 D AndroidRuntime: >>>>>> START com.android.internal.os.ZygoteInit uid 0 <<<<<<
06-16 13:26:16.821   375   375 I boot_progress_start: 2565
06-16 13:26:16.823   375   375 I AndroidRuntime: Using default boot image
06-16 13:26:16.823   375   375 I AndroidRuntime: Leaving lock profiling enabled
06-16 13:26:16.825   375   375 I zygote64: option[0]=-Xzygote
06-16 13:26:16.825   375   375 I zygote64: option[1]=exit
06-16 13:26:16.825   375   375 I zygote64: option[2]=vfprintf
06-16 13:26:16.825   375   375 I zygote64: option[3]=sensitiveThread
06-16 13:26:16.825   375   375 I zygote64: option[4]=-verbose:gc
06-16 13:26:16.825   375   375 I zygote64: option[5]=-XX:PerfettoHprof=true
06-16 13:26:16.825   375   375 I zygote64: option[6]=-XX:PerfettoJavaHeapStackProf=true
06-16 13:26:16.825   375   375 I zygote64: option[7]=-Xprimaryzygote
06-16 13:26:16.825   375   375 I zygote64: option[8]=-Xms8m
06-16 13:26:16.825   375   375 I zygote64: option[9]=-Xmx512m
06-16 13:26:16.825   375   375 I zygote64: option[10]=-XX:HeapGrowthLimit=192m
06-16 13:26:16.825   375   375 I zygote64: option[11]=-XX:HeapMinFree=512k
06-16 13:26:16.825   375   375 I zygote64: option[12]=-XX:HeapMaxFree=8m
06-16 13:26:16.825   375   375 I zygote64: option[13]=-XX:HeapTargetUtilization=0.75
06-16 13:26:16.825   375   375 I zygote64: option[14]=-Xusejit:true
06-16 13:26:16.825   375   375 I zygote64: option[15]=-Xjitsaveprofilinginfo
06-16 13:26:16.825   375   375 I zygote64: option[16]=-XMadviseWillNeedVdexFileSize:104857600
06-16 13:26:16.825   375   375 I zygote64: option[17]=-XMadviseWillNeedOdexFileSize:104857600
06-16 13:26:16.825   375   375 I zygote64: option[18]=-XMadviseWillNeedArtFileSize:4294967295
06-16 13:26:16.825   375   375 I zygote64: option[19]=-XjdwpOptions:suspend=n,server=y
06-16 13:26:16.825   375   375 I zygote64: option[20]=-XjdwpProvider:default
06-16 13:26:16.825   375   375 I zygote64: option[21]=-Xopaque-jni-ids:swapable
06-16 13:26:16.825   375   375 I zygote64: option[22]=-Xlockprofthreshold:500
06-16 13:26:16.825   375   375 I zygote64: option[23]=-Xcompiler-option
06-16 13:26:16.825   375   375 I zygote64: option[24]=--instruction-set-variant=silvermont
06-16 13:26:16.825   375   375 I zygote64: option[25]=-Xcompiler-option
06-16 13:26:16.825   375   375 I zygote64: option[26]=--instruction-set-features=default
06-16 13:26:16.825   375   375 I zygote64: option[27]=-Xcompiler-option
06-16 13:26:16.825   375   375 I zygote64: option[28]=--generate-mini-debug-info
06-16 13:26:16.825   375   375 I zygote64: option[29]=-Ximage-compiler-option
06-16 13:26:16.825   375   375 I zygote64: option[30]=--runtime-arg
06-16 13:26:16.825   375   375 I zygote64: option[31]=-Ximage-compiler-option
06-16 13:26:16.825   375   375 I zygote64: option[32]=-Xms64m
06-16 13:26:16.825   375   375 I zygote64: option[33]=-Ximage-compiler-option
06-16 13:26:16.825   375   375 I zygote64: option[34]=--runtime-arg
06-16 13:26:16.825   375   375 I zygote64: option[35]=-Ximage-compiler-option
06-16 13:26:16.825   375   375 I zygote64: option[36]=-Xmx64m
06-16 13:26:16.825   375   375 I zygote64: option[37]=-Ximage-compiler-option
06-16 13:26:16.825   375   375 I zygote64: option[38]=--dirty-image-objects=/system/etc/dirty-image-objects
06-16 13:26:16.825   375   375 I zygote64: option[39]=-Ximage-compiler-option
06-16 13:26:16.825   375   375 I zygote64: option[40]=--instruction-set-variant=silvermont
06-16 13:26:16.825   375   375 I zygote64: option[41]=-Ximage-compiler-option
06-16 13:26:16.825   375   375 I zygote64: option[42]=--instruction-set-features=default
06-16 13:26:16.825   375   375 I zygote64: option[43]=-Ximage-compiler-option
06-16 13:26:16.825   375   375 I zygote64: option[44]=--generate-mini-debug-info
06-16 13:26:16.825   375   375 I zygote64: option[45]=-Duser.locale=en-US
06-16 13:26:16.825   375   375 I zygote64: option[46]=--cpu-abilist=x86_64,arm64-v8a
06-16 13:26:16.825   375   375 I zygote64: option[47]=-Xcore-platform-api-policy:just-warn
06-16 13:26:16.825   375   375 I zygote64: option[48]=-Xfingerprint:generic/aosp_cf_x86_64_only_phone/vsoc_x86_64_only:12/SPM1.220819.019/13439841:userdebug/test-keys
06-16 13:26:16.828     0     0 I init    : starting service 'health-hal-2-1'...
06-16 13:26:16.828     0     0 I init    : Opened file '/dev/kmsg', flags 1
06-16 13:26:16.828   385   385 I EmulatedCameraProviderHwlImpl: Create: Created EmulatedCameraProviderHwlImpl
06-16 13:26:16.828   385   385 E GCH_CameraProvider: Initialize: HWL doesn't support vendor buffer allocation Function not implemented(-38)
06-16 13:26:16.829   394   394 E [minigbm:virtgpu.c(51)]: virtgpu backend not enabling VIRTGPU_PARAM_CREATE_GUEST_HANDLE
06-16 13:26:16.829   394   394 E [minigbm:virtgpu.c(51)]: virtgpu backend not enabling VIRTGPU_PARAM_RESOURCE_SYNC
06-16 13:26:16.829   394   394 E [minigbm:virtgpu.c(51)]: virtgpu backend not enabling VIRTGPU_PARAM_GUEST_VRAM
06-16 13:26:16.829   394   394 E [minigbm:virtgpu_virgl.c(555)]: DRM_IOCTL_VIRTGPU_GET_CAPS failed with Invalid argument
06-16 13:26:16.829   394   394 E [minigbm:virtgpu_virgl.c(564)]: DRM_IOCTL_VIRTGPU_GET_CAPS failed with Invalid argument
06-16 13:26:16.828   396   396 I auditd  : type=1325 audit(0.0:42): table=filter family=2 entries=4 op=xt_replace subj=u:r:netd:s0 comm="iptables-restor"
06-16 13:26:16.828   396   396 W iptables-restor: type=1325 audit(0.0:42): table=filter family=2 entries=4 op=xt_replace subj=u:r:netd:s0
06-16 13:26:16.831   375   375 I zygote64: Core platform API reporting enabled, enforcing=false
06-16 13:26:16.832   385   385 I HidlServiceManagement: Registered android.hardware.camera.provider@2.7::ICameraProvider/internal/0
06-16 13:26:16.832   385   385 I HidlServiceManagement: Removing namespace from process name android.hardware.camera.provider@2.7-service-google to provider@2.7-service-google.
06-16 13:26:16.834     0     0 I init    : starting service 'neuralnetworks_hal_service_aidl_sample_all'...
06-16 13:26:16.832   394   394 I HidlServiceManagement: Registered android.hardware.graphics.allocator@4.0::IAllocator/default
06-16 13:26:16.832   394   394 I HidlServiceManagement: Removing namespace from process name android.hardware.graphics.allocator@4.0-service.minigbm to allocator@4.0-service.minigbm.
06-16 13:26:16.832   394   394 I AllocatorService: IAllocator 4.0 service is initialized.
06-16 13:26:16.832   398   398 I auditd  : type=1325 audit(0.0:43): table=filter family=10 entries=4 op=xt_replace subj=u:r:netd:s0 comm="ip6tables-resto"
06-16 13:26:16.832   398   398 W ip6tables-resto: type=1325 audit(0.0:43): table=filter family=10 entries=4 op=xt_replace subj=u:r:netd:s0
06-16 13:26:16.832   396   396 I auditd  : type=1325 audit(0.0:44): table=filter family=2 entries=10 op=xt_replace subj=u:r:netd:s0 comm="iptables-restor"
06-16 13:26:16.832   396   396 W iptables-restor: type=1325 audit(0.0:44): table=filter family=2 entries=10 op=xt_replace subj=u:r:netd:s0
06-16 13:26:16.832   398   398 I auditd  : type=1325 audit(0.0:45): table=filter family=10 entries=10 op=xt_replace subj=u:r:netd:s0 comm="ip6tables-resto"
06-16 13:26:16.832   398   398 W ip6tables-resto: type=1325 audit(0.0:45): table=filter family=10 entries=10 op=xt_replace subj=u:r:netd:s0
06-16 13:26:16.832   396   396 I auditd  : type=1325 audit(0.0:46): table=raw family=2 entries=3 op=xt_replace subj=u:r:netd:s0 comm="iptables-restor"
06-16 13:26:16.832   396   396 W iptables-restor: type=1325 audit(0.0:46): table=raw family=2 entries=3 op=xt_replace subj=u:r:netd:s0
06-16 13:26:16.836     0     0 I init    : starting service 'neuralnetworks_hal_service_aidl_sample_float_fast'...
06-16 13:26:16.836   398   398 I auditd  : type=1325 audit(0.0:47): table=raw family=10 entries=3 op=xt_replace subj=u:r:netd:s0 comm="ip6tables-resto"
06-16 13:26:16.836   398   398 W ip6tables-resto: type=1325 audit(0.0:47): table=raw family=10 entries=3 op=xt_replace subj=u:r:netd:s0
06-16 13:26:16.836   396   396 I auditd  : type=1325 audit(0.0:48): table=mangle family=2 entries=6 op=xt_replace subj=u:r:netd:s0 comm="iptables-restor"
06-16 13:26:16.836   396   396 W iptables-restor: type=1325 audit(0.0:48): table=mangle family=2 entries=6 op=xt_replace subj=u:r:netd:s0
06-16 13:26:16.836   398   398 I auditd  : type=1325 audit(0.0:49): table=mangle family=10 entries=6 op=xt_replace subj=u:r:netd:s0 comm="ip6tables-resto"
06-16 13:26:16.836   398   398 W ip6tables-resto: type=1325 audit(0.0:49): table=mangle family=10 entries=6 op=xt_replace subj=u:r:netd:s0
06-16 13:26:16.836   396   396 I auditd  : type=1325 audit(0.0:50): table=mangle family=2 entries=9 op=xt_replace subj=u:r:netd:s0 comm="iptables-restor"
06-16 13:26:16.836   396   396 W iptables-restor: type=1325 audit(0.0:50): table=mangle family=2 entries=9 op=xt_replace subj=u:r:netd:s0
06-16 13:26:16.836   398   398 I auditd  : type=1325 audit(0.0:51): table=mangle family=10 entries=9 op=xt_replace subj=u:r:netd:s0 comm="ip6tables-resto"
06-16 13:26:16.836   398   398 W ip6tables-resto: type=1325 audit(0.0:51): table=mangle family=10 entries=9 op=xt_replace subj=u:r:netd:s0
06-16 13:26:16.836   396   396 I auditd  : type=1325 audit(0.0:52): table=nat family=2 entries=5 op=xt_replace subj=u:r:netd:s0 comm="iptables-restor"
06-16 13:26:16.836   396   396 W iptables-restor: type=1325 audit(0.0:52): table=nat family=2 entries=5 op=xt_replace subj=u:r:netd:s0
06-16 13:26:16.836   396   396 I auditd  : type=1325 audit(0.0:53): table=nat family=2 entries=8 op=xt_replace subj=u:r:netd:s0 comm="iptables-restor"
06-16 13:26:16.836   396   396 W iptables-restor: type=1325 audit(0.0:53): table=nat family=2 entries=8 op=xt_replace subj=u:r:netd:s0
06-16 13:26:16.836   396   396 I auditd  : type=1325 audit(0.0:54): table=filter family=2 entries=22 op=xt_replace subj=u:r:netd:s0 comm="iptables-restor"
06-16 13:26:16.836   396   396 W iptables-restor: type=1325 audit(0.0:54): table=filter family=2 entries=22 op=xt_replace subj=u:r:netd:s0
06-16 13:26:16.841     0     0 I init    : starting service 'neuralnetworks_hal_service_aidl_sample_float_slow'...
06-16 13:26:16.840   398   398 I auditd  : type=1325 audit(0.0:55): table=filter family=10 entries=22 op=xt_replace subj=u:r:netd:s0 comm="ip6tables-resto"
06-16 13:26:16.840   398   398 W ip6tables-resto: type=1325 audit(0.0:55): table=filter family=10 entries=22 op=xt_replace subj=u:r:netd:s0
06-16 13:26:16.840   396   396 I auditd  : type=1325 audit(0.0:56): table=mangle family=2 entries=15 op=xt_replace subj=u:r:netd:s0 comm="iptables-restor"
06-16 13:26:16.840   396   396 W iptables-restor: type=1325 audit(0.0:56): table=mangle family=2 entries=15 op=xt_replace subj=u:r:netd:s0
06-16 13:26:16.840   398   398 I auditd  : type=1325 audit(0.0:57): table=mangle family=10 entries=15 op=xt_replace subj=u:r:netd:s0 comm="ip6tables-resto"
06-16 13:26:16.840   398   398 W ip6tables-resto: type=1325 audit(0.0:57): table=mangle family=10 entries=15 op=xt_replace subj=u:r:netd:s0
06-16 13:26:16.841   374   374 I netd    : Creating child chains: 11946us
06-16 13:26:16.841   374   374 I netd    : Setting up OEM hooks: 37us
06-16 13:26:16.841   374   374 I netd    : Setting up FirewallController hooks: 2us
06-16 13:26:16.840   396   396 I auditd  : type=1325 audit(0.0:58): table=filter family=2 entries=34 op=xt_replace subj=u:r:netd:s0 comm="iptables-restor"
06-16 13:26:16.840   396   396 W iptables-restor: type=1325 audit(0.0:58): table=filter family=2 entries=34 op=xt_replace subj=u:r:netd:s0
06-16 13:26:16.840   396   396 I auditd  : type=1325 audit(0.0:59): table=nat family=2 entries=11 op=xt_replace subj=u:r:netd:s0 comm="iptables-restor"
06-16 13:26:16.840   396   396 W iptables-restor: type=1325 audit(0.0:59): table=nat family=2 entries=11 op=xt_replace subj=u:r:netd:s0
06-16 13:26:16.840   398   398 I auditd  : type=1325 audit(0.0:60): table=filter family=10 entries=34 op=xt_replace subj=u:r:netd:s0 comm="ip6tables-resto"
06-16 13:26:16.840   398   398 W ip6tables-resto: type=1325 audit(0.0:60): table=filter family=10 entries=34 op=xt_replace subj=u:r:netd:s0
06-16 13:26:16.840   398   398 I auditd  : type=1325 audit(0.0:61): table=raw family=10 entries=15 op=xt_replace subj=u:r:netd:s0 comm="ip6tables-resto"
06-16 13:26:16.840   398   398 W ip6tables-resto: type=1325 audit(0.0:61): table=raw family=10 entries=15 op=xt_replace subj=u:r:netd:s0
06-16 13:26:16.840   396   396 I auditd  : type=1325 audit(0.0:62): table=mangle family=2 entries=24 op=xt_replace subj=u:r:netd:s0 comm="iptables-restor"
06-16 13:26:16.840   396   396 W iptables-restor: type=1325 audit(0.0:62): table=mangle family=2 entries=24 op=xt_replace subj=u:r:netd:s0
