06-16 13:26:17.212   492   492 I bootstat: Canonical boot reason: reboot
06-16 13:26:17.216   492   492 E bootstat: Failed to read /metadata/bootstat/persist.sys.boot.reason: No such file or directory
06-16 13:26:17.216   492   492 I bootstat: Value of persist.sys.boot.reason : 
06-16 13:26:17.216   492   492 I bootstat: Normalized last reboot reason : reboot
06-16 13:26:17.218   492   492 E bootstat: Failed to unlink /metadata/bootstat/persist.sys.boot.reason: No such file or directory
06-16 13:26:17.222     0     0 I init    : starting service 'mediaextractor'...
06-16 13:26:17.222   499   499 I perfetto: probes.cc:84            Starting /system/bin/traced_probes service
06-16 13:26:17.222   500   500 W perfetto: service.cc:207          Started traced, listening on /dev/socket/traced_producer /dev/socket/traced_consumer
06-16 13:26:17.228     0     0 I init    : starting service 'mediametrics'...
06-16 13:26:17.231     0     0 I logd    : logdr: UID=1036 GID=0 PID=503 b tail=0 logMask=bf pid=0 start=0ns deadline=0ns
06-16 13:26:17.228   399   399 I RanchuHwc: registerCallback hotplug connecting display:0
06-16 13:26:17.228   473   473 I SurfaceFlinger: onComposerHalHotplug(0, connected)
06-16 13:26:17.229   473   473 I HWComposer: Switching to generalized multi-display mode
06-16 13:26:17.229   473   520 W EventThread: Ignoring VSYNC request while display is disconnected
06-16 13:26:17.229   473   520 W EventThread: Ignoring VSYNC request while display is disconnected
06-16 13:26:17.229   473   521 W EventThread: Ignoring VSYNC request while display is disconnected
06-16 13:26:17.229   473   521 W EventThread: Ignoring VSYNC request while display is disconnected
06-16 13:26:17.229   473   520 W EventThread: Ignoring VSYNC request while display is disconnected
06-16 13:26:17.229   473   520 W EventThread: Ignoring VSYNC request while display is disconnected
06-16 13:26:17.229   473   473 W HwcComposer: getPerFrameMetadataKeys failed with 8
06-16 13:26:17.231   473   473 E [minigbm:virtgpu.c(51)]: virtgpu backend not enabling VIRTGPU_PARAM_CREATE_GUEST_HANDLE
06-16 13:26:17.231   473   473 E [minigbm:virtgpu.c(51)]: virtgpu backend not enabling VIRTGPU_PARAM_RESOURCE_SYNC
06-16 13:26:17.231   473   473 E [minigbm:virtgpu.c(51)]: virtgpu backend not enabling VIRTGPU_PARAM_GUEST_VRAM
06-16 13:26:17.231   473   473 E [minigbm:virtgpu_virgl.c(555)]: DRM_IOCTL_VIRTGPU_GET_CAPS failed with Invalid argument
06-16 13:26:17.231   473   473 E [minigbm:virtgpu_virgl.c(564)]: DRM_IOCTL_VIRTGPU_GET_CAPS failed with Invalid argument
06-16 13:26:17.233   375   375 D MtpDeviceJNI: register_android_mtp_MtpDevice
06-16 13:26:17.236   473   473 I SurfaceFlinger: Dispatching display hotplug event displayId=4619827353912518656, connected=1
06-16 13:26:17.237   399   399 E RanchuHwc: registerCallback unhandled callback: VsyncPeriodTimingChanged
06-16 13:26:17.237   399   399 E RanchuHwc: registerCallback unhandled callback: SeamlessPossible
06-16 13:26:17.237   473   525 W SurfaceFlinger: Failed to set thread name on dispatch thread
06-16 13:26:17.237   473   473 I HidlServiceManagement: Registered android.frameworks.displayservice@1.0::IDisplayService/default
06-16 13:26:17.237   473   473 D SurfaceFlinger: Setting power mode 2 on display 4619827353912518656
06-16 13:26:17.237   473   473 D SurfaceFlinger: Finished setting power mode 2 on display 4619827353912518656
06-16 13:26:17.248   375   375 I zygote64: Thread[1,tid=375,Native,Thread*=0x7b4f9fe10010,peer=0x13540078,"main"] recursive attempt to load library "librtp_jni.so"
06-16 13:26:17.254   499   499 I perfetto: probes_producer.cc:112  Connected to the service
06-16 13:26:17.255   499   512 I perfetto: _activity_trigger.cc:71 mm_events ftrace instance not found. Triggering of traces on memory pressure will not be available on this device.
06-16 13:26:17.241     0     0 W         : VIRTUAL_DEVICE_DISPLAY_POWER_MODE_CHANGED display=0 mode=On
06-16 13:26:17.256     0     0 I init    : starting service 'media'...
06-16 13:26:17.266     0     0 I init    : starting service 'storaged'...
06-16 13:26:17.266     0     0 I init    : Could not open file '/d/mmc0/mmc0:0001/ext_csd': Failed to open file '/d/mmc0/mmc0:0001/ext_csd': No such file or directory
06-16 13:26:17.271   375   375 W Zygote  : Class not found for preloading: android.view.SurfaceView$2
06-16 13:26:17.276   507   507 I installd: installd firing up
06-16 13:26:17.276   507   507 E cutils  : Failed to read /data/misc/installd/layout_version: No such file or directory
06-16 13:26:17.276   507   507 D installd: Assuming that device has multi-user storage layout; upgrade no longer supported
06-16 13:26:17.276   507   507 D installd: Upgrading to /data/misc/user directories
06-16 13:26:17.282   516   516 V MediaUtils: physMem: 1799417856
06-16 13:26:17.282   516   516 V MediaUtils: requested limit: 134217728
06-16 13:26:17.282   516   516 I libc    : malloc_limit: Allocation limit enabled, max size 134217728 bytes
06-16 13:26:17.284   516   516 D AudioPowerUsage: AudioPowerUsage
06-16 13:26:17.284   516   516 D AudioAnalytics: AudioAnalytics
06-16 13:26:17.284   516   516 D MediaMetricsService: MediaMetricsService
06-16 13:26:17.286     0     0 I init    : starting service 'wificond'...
06-16 13:26:17.287     0     0 I init    : starting service 'vendor.ril-daemon'...
06-16 13:26:17.289     0     0 E init    : Could not start service 'vendor_flash_recovery' as part of class 'main': Cannot find '/vendor/bin/install-recovery.sh': No such file or directory
06-16 13:26:17.289     0     0 I init    : starting service 'media.swcodec'...
06-16 13:26:17.296   375   464 I zygote64: Background young concurrent copying GC freed 151834(7821KB) AllocSpace objects, 11(420KB) LOS objects, 49% free, 8184KB/15MB, paused 11.981ms,5us total 29.288ms
06-16 13:26:17.297   461   461 I ServiceManager: Waiting for service 'media.metrics' on '/dev/binder' successful after waiting 104ms
06-16 13:26:17.297   461   461 I AudioFlinger: Using default 3000 mSec as standby time.
06-16 13:26:17.298   516   516 I ServiceManager: Waiting for service 'package_native' on '/dev/binder'...
06-16 13:26:17.300     0     0 I init    : Command 'class_start main' action=nonencrypted (/system/etc/init/hw/init.rc:1091) took 104ms and succeeded
06-16 13:26:17.300     0     0 I init    : Service 'exec 17 (/system/bin/bootstat --set_system_boot_reason)' (pid 492) exited with status 0 oneshot service took 0.159000 seconds in background
06-16 13:26:17.300     0     0 I init    : Sending signal 9 to service 'exec 17 (/system/bin/bootstat --set_system_boot_reason)' (pid 492) process group...
06-16 13:26:17.300     0     0 I libprocessgroup: Successfully killed process cgroup uid 1000 pid 492 in 0ms
06-16 13:26:17.300     0     0 I init    : starting service 'bootanim'...
06-16 13:26:17.308     0     0 I init    : Control message: Processed ctl.start for 'bootanim' from pid: 473 (/system/bin/surfaceflinger)
06-16 13:26:17.308     0     0 I init    : starting service 'gatekeeperd'...
06-16 13:26:17.310   533   533 I wificond: wificond is starting up...
06-16 13:26:17.312     0     0 I init    : starting service 'update_engine'...
06-16 13:26:17.313   461   461 D APM_EngineLoader: Loaded engine from libaudiopolicyenginedefault.so
06-16 13:26:17.314   461   461 D APM::AudioPolicyEngine/Base: loadAudioPolicyEngineConfig: No configuration found, using default matching phone experience.
06-16 13:26:17.316   533   533 I HidlServiceManagement: Registered android.system.wifi.keystore@1.0::IKeystore/default
06-16 13:26:17.317     0     0 I init    : starting service 'usbd'...
06-16 13:26:17.318   461   461 W APM::AudioPolicyEngine/Base: loadAudioPolicyEngineConfig: No configuration of AUDIO_STREAM_CALL_ASSISTANT found, using default volume configuration
06-16 13:26:17.320     0     0 I init    : starting service 'vendor.face-hal-1-0-default'...
06-16 13:26:17.323     0     0 I init    : starting service 'tombstone_transmit'...
06-16 13:26:17.321   461   461 I AudioFlinger: loadHwModule() Loaded primary audio interface, handle 10
06-16 13:26:17.321   461   461 I AudioFlinger: openOutput() this 0x79a39f259390, module 10 Device type:0x2,@:, SamplingRate 44100, Format 0x000001, Channels 0x3, flags 0x2
06-16 13:26:17.322   461   461 I AudioFlinger: HAL output buffer size 976 frames, normal sink buffer size 976 frames
06-16 13:26:17.323   200   200 I hwservicemanager: getTransport: Cannot find entry android.hardware.audio.effect@7.0::IEffectsFactory/default in either framework or device VINTF manifest.
06-16 13:26:17.327     0     0 I init    : processing action (llk.enable=1) from (/system/etc/init/llkd.rc:9)
06-16 13:26:17.328     0     0 I init    : processing action (khungtask.enable=1) from (/system/etc/init/llkd.rc:18)
06-16 13:26:17.328     0     0 I init    : processing action (llk.enable=0) from (/system/etc/init/llkd.rc:12)
06-16 13:26:17.329     0     0 I init    : processing action (khungtask.enable=0) from (/system/etc/init/llkd.rc:21)
06-16 13:26:17.330     0     0 I init    : processing action (init.svc.media=*) from (/system/etc/init/mediaserver.rc:1)
06-16 13:26:17.334     0     0 I init    : processing action (llk.enable=true) from (/system/etc/init/llkd.rc:34)
06-16 13:26:17.334     0     0 I init    : starting service 'llkd-1'...
06-16 13:26:17.334     0     0 I init    : Opened file '/dev/kmsg', flags 1
06-16 13:26:17.334     0     0 I init    : Opened file '/proc/sysrq-trigger', flags 1
06-16 13:26:17.341     0     0 I init    : processing action (khungtask.enable=true) from (/system/etc/init/llkd.rc:25)
06-16 13:26:17.342     0     0 I init    : processing action (khungtask.enable=false) from (/system/etc/init/llkd.rc:31)
06-16 13:26:17.345   542   542 I gatekeeperd: Starting gatekeeperd...
06-16 13:26:17.349   461   461 I BufferProvider: found effect "Multichannel Downmix To Stereo" from The Android Open Source Project
06-16 13:26:17.349   380   380 E android.hardware.audio@6.0-impl.ranchu: device/generic/goldfish/audio/stream_out.cpp:setEventCallback:457 failure: Result::NOT_SUPPORTED
06-16 13:26:17.349   461   461 D AudioFlinger: Failed to add event callback
06-16 13:26:17.350   461   551 I AudioFlinger: AudioFlinger's thread 0x79a531f73a70 tid=551 ready to run
06-16 13:26:17.350   461   551 W AudioFlinger: no wake lock to update, system not ready yet
06-16 13:26:17.350   461   551 D AudioFlinger: ro.audio.silent is ignored since no output device is set
06-16 13:26:17.350   380   391 E android.hardware.audio@6.0-impl.ranchu: device/generic/goldfish/audio/stream_out.cpp:getPresentationPosition:487 failure: Result::NOT_SUPPORTED
06-16 13:26:17.352   380   380 E android.hardware.audio@6.0-impl.ranchu: device/generic/goldfish/audio/primary_device.cpp:getParameters:234 failure: Result::NOT_SUPPORTED
06-16 13:26:17.353   549   549 I tombstone_transmit: tombstone watcher successfully initialized
06-16 13:26:17.355   547   547 I android.hardware.biometrics.face@1.0-service: BiometricsFace HAL is being started.
06-16 13:26:17.357   200   200 I hwservicemanager: getTransport: Cannot find entry android.hardware.usb.gadget@1.0::IUsbGadget/default in either framework or device VINTF manifest.
06-16 13:26:17.364   509   509 I main_extractorservice: enable media.extractor memory limits
06-16 13:26:17.364   509   509 V MediaUtils: physMem: 1799417856
06-16 13:26:17.364   509   509 V MediaUtils: requested limit: 359883560
06-16 13:26:17.364   509   509 I libc    : malloc_limit: Allocation limit enabled, max size 359883560 bytes
06-16 13:26:17.366   545   545 I usbd    : Usb HAL not found
06-16 13:26:17.369     0     0 I init    : Service 'usbd' (pid 545) exited with status 0 oneshot service took 0.050000 seconds in background
06-16 13:26:17.370     0     0 I init    : Sending signal 9 to service 'usbd' (pid 545) process group...
06-16 13:26:17.370     0     0 I libprocessgroup: Successfully killed process cgroup uid 0 pid 545 in 0ms
06-16 13:26:17.379   509   509 W mediaextractor: Could not read additional policy file '/vendor/etc/seccomp_policy/mediaextractor.policy'
06-16 13:26:17.379   509   509 W mediaextractor: libminijail[509]: failed to get path of fd 4: No such file or directory
06-16 13:26:17.379   509   509 W mediaextractor: libminijail[509]: allowing syscall: socket
06-16 13:26:17.379   509   509 W mediaextractor: libminijail[509]: allowing syscall: connect
06-16 13:26:17.379   509   509 W mediaextractor: libminijail[509]: allowing syscall: fcntl
06-16 13:26:17.379   509   509 W mediaextractor: libminijail[509]: allowing syscall: writev
06-16 13:26:17.379   509   509 W mediaextractor: libminijail[509]: compile_file: <fd>(48): syscall readlinkat redefined here
06-16 13:26:17.379   509   509 W mediaextractor: libminijail[509]: compile_file: <fd>(43): previous definition here
06-16 13:26:17.379   509   509 W mediaextractor: libminijail[509]: compile_file: <fd>(54): syscall gettid redefined here
06-16 13:26:17.379   509   509 W mediaextractor: libminijail[509]: compile_file: <fd>(51): previous definition here
06-16 13:26:17.380   509   509 W mediaextractor: libminijail[509]: compile_file: /apex/com.android.media/etc/seccomp_policy/crash_dump.x86_64.policy(1): syscall read redefined here
06-16 13:26:17.380   509   509 W mediaextractor: libminijail[509]: compile_file: <fd>(19): previous definition here
06-16 13:26:17.380   509   509 W mediaextractor: libminijail[509]: compile_file: /apex/com.android.media/etc/seccomp_policy/crash_dump.x86_64.policy(2): syscall write redefined here
06-16 13:26:17.380   509   509 W mediaextractor: libminijail[509]: compile_file: <fd>(6): previous definition here
06-16 13:26:17.380   509   509 W mediaextractor: libminijail[509]: compile_file: /apex/com.android.media/etc/seccomp_policy/crash_dump.x86_64.policy(3): syscall exit redefined here
06-16 13:26:17.380   509   509 W mediaextractor: libminijail[509]: compile_file: <fd>(29): previous definition here
06-16 13:26:17.380   509   509 W mediaextractor: libminijail[509]: compile_file: /apex/com.android.media/etc/seccomp_policy/crash_dump.x86_64.policy(4): syscall rt_sigreturn redefined here
06-16 13:26:17.380   509   509 W mediaextractor: libminijail[509]: compile_file: <fd>(31): previous definition here
06-16 13:26:17.380   509   509 W mediaextractor: libminijail[509]: compile_file: /apex/com.android.media/etc/seccomp_policy/crash_dump.x86_64.policy(5): syscall exit_group redefined here
06-16 13:26:17.380   509   509 W mediaextractor: libminijail[509]: compile_file: <fd>(30): previous definition here
06-16 13:26:17.380   509   509 W mediaextractor: libminijail[509]: compile_file: /apex/com.android.media/etc/seccomp_policy/crash_dump.x86_64.policy(6): syscall clock_gettime redefined here
06-16 13:26:17.380   509   509 W mediaextractor: libminijail[509]: compile_file: <fd>(15): previous definition here
06-16 13:26:17.380   509   509 W mediaextractor: libminijail[509]: compile_file: /apex/com.android.media/etc/seccomp_policy/crash_dump.x86_64.policy(8): syscall futex redefined here
06-16 13:26:17.380   509   509 W mediaextractor: libminijail[509]: compile_file: <fd>(4): previous definition here
06-16 13:26:17.380   509   509 W mediaextractor: libminijail[509]: compile_file: /apex/com.android.media/etc/seccomp_policy/crash_dump.x86_64.policy(9): syscall getrandom redefined here
06-16 13:26:17.380   509   509 W mediaextractor: libminijail[509]: compile_file: <fd>(36): previous definition here
06-16 13:26:17.380   509   509 W mediaextractor: libminijail[509]: compile_file: /apex/com.android.media/etc/seccomp_policy/crash_dump.x86_64.policy(10): syscall getpid redefined here
06-16 13:26:17.380   509   509 W mediaextractor: libminijail[509]: compile_file: <fd>(53): previous definition here
06-16 13:26:17.380   509   509 W mediaextractor: libminijail[509]: compile_file: /apex/com.android.media/etc/seccomp_policy/crash_dump.x86_64.policy(11): syscall gettid redefined here
06-16 13:26:17.380   509   509 W mediaextractor: libminijail[509]: compile_file: <fd>(51): previous definition here
06-16 13:26:17.380   509   509 W mediaextractor: libminijail[509]: compile_file: /apex/com.android.media/etc/seccomp_policy/crash_dump.x86_64.policy(14): syscall openat redefined here
06-16 13:26:17.380   509   509 W mediaextractor: libminijail[509]: compile_file: <fd>(13): previous definition here
06-16 13:26:17.380   509   509 W mediaextractor: libminijail[509]: compile_file: /apex/com.android.media/etc/seccomp_policy/crash_dump.x86_64.policy(15): syscall dup redefined here
06-16 13:26:17.380   509   509 W mediaextractor: libminijail[509]: compile_file: <fd>(9): previous definition here
06-16 13:26:17.380   509   509 W mediaextractor: libminijail[509]: compile_file: /apex/com.android.media/etc/seccomp_policy/crash_dump.x86_64.policy(16): syscall close redefined here
06-16 13:26:17.380   509   509 W mediaextractor: libminijail[509]: compile_file: <fd>(8): previous definition here
06-16 13:26:17.380   509   509 W mediaextractor: libminijail[509]: compile_file: /apex/com.android.media/etc/seccomp_policy/crash_dump.x86_64.policy(17): syscall lseek redefined here
06-16 13:26:17.380   509   509 W mediaextractor: libminijail[509]: compile_file: <fd>(20): previous definition here
06-16 13:26:17.380   509   509 W mediaextractor: libminijail[509]: compile_file: /apex/com.android.media/etc/seccomp_policy/crash_dump.x86_64.policy(18): syscall getdents64 redefined here
06-16 13:26:17.380   509   509 W mediaextractor: libminijail[509]: compile_file: <fd>(42): previous definition here
06-16 13:26:17.380   509   509 W mediaextractor: libminijail[509]: compile_file: /apex/com.android.media/etc/seccomp_policy/crash_dump.x86_64.policy(19): syscall faccessat redefined here
06-16 13:26:17.380   509   509 W mediaextractor: libminijail[509]: compile_file: <fd>(32): previous definition here
06-16 13:26:17.380   509   509 W mediaextractor: libminijail[509]: compile_file: /apex/com.android.media/etc/seccomp_policy/crash_dump.x86_64.policy(27): syscall prctl redefined here
06-16 13:26:17.380   509   509 W mediaextractor: libminijail[509]: compile_file: <fd>(5): previous definition here
06-16 13:26:17.380   509   509 W mediaextractor: libminijail[509]: compile_file: /apex/com.android.media/etc/seccomp_policy/crash_dump.x86_64.policy(28): syscall madvise redefined here
06-16 13:26:17.380   509   509 W mediaextractor: libminijail[509]: compile_file: <fd>(12): previous definition here
06-16 13:26:17.380   509   509 W mediaextractor: libminijail[509]: compile_file: /apex/com.android.media/etc/seccomp_policy/crash_dump.x86_64.policy(29): syscall mprotect redefined here
06-16 13:26:17.380   509   509 W mediaextractor: libminijail[509]: compile_file: <fd>(18): previous definition here
06-16 13:26:17.380   509   509 W mediaextractor: libminijail[509]: compile_file: /apex/com.android.media/etc/seccomp_policy/crash_dump.x86_64.policy(30): syscall munmap redefined here
06-16 13:26:17.380   509   509 W mediaextractor: libminijail[509]: compile_file: <fd>(10): previous definition here
06-16 13:26:17.380   509   509 W mediaextractor: libminijail[509]: compile_file: /apex/com.android.media/etc/seccomp_policy/crash_dump.x86_64.policy(31): syscall getuid redefined here
06-16 13:26:17.380   509   509 W mediaextractor: libminijail[509]: compile_file: <fd>(22): previous definition here
06-16 13:26:17.380   509   509 W mediaextractor: libminijail[509]: compile_file: /apex/com.android.media/etc/seccomp_policy/crash_dump.x86_64.policy(32): syscall fstat redefined here
06-16 13:26:17.380   509   509 W mediaextractor: libminijail[509]: compile_file: <fd>(25): previous definition here
06-16 13:26:17.380   509   509 W mediaextractor: libminijail[509]: compile_file: /apex/com.android.media/etc/seccomp_policy/crash_dump.x86_64.policy(33): syscall mmap redefined here
06-16 13:26:17.380   509   509 W mediaextractor: libminijail[509]: compile_file: <fd>(11): previous definition here
06-16 13:26:17.381   509   509 W mediaextractor: libminijail[509]: logging seccomp filter failures
06-16 13:26:17.386   550   550 I livelock: started
06-16 13:26:17.387   550   550 W livelock: [khungtaskd] not configurable
06-16 13:26:17.387   550   550 I livelock: ro.config.low_ram=false
06-16 13:26:17.387   550   550 I livelock: ro.llk.sysrq_t=true
06-16 13:26:17.387   550   550 I livelock: ro.llk.enable=true
06-16 13:26:17.387   550   550 I livelock: ro.khungtask.enable=true
06-16 13:26:17.387   550   550 I livelock: ro.llk.mlockall=true
06-16 13:26:17.387   550   550 I livelock: ro.llk.killtest=true
06-16 13:26:17.387   550   550 I livelock: ro.khungtask.timeout=720s
06-16 13:26:17.387   550   550 I livelock: ro.llk.timeout_ms=600.000s
06-16 13:26:17.387   550   550 I livelock: ro.llk.D.timeout_ms=600.000s
06-16 13:26:17.387   550   550 I livelock: ro.llk.Z.timeout_ms=600.000s
06-16 13:26:17.387   550   550 I livelock: ro.llk.stack.timeout_ms=600.000s
06-16 13:26:17.387   550   550 I livelock: ro.llk.check_ms=120.000s
06-16 13:26:17.387   550   550 I livelock: ro.llk.stack=wait_on_page_bit_killable,bit_wait_io,__get_user_pages,cma_alloc
06-16 13:26:17.387   550   550 I livelock: ro.llk.ignorelist.process.stack=apexd,ueventd,keystore2,llkd,lmkd.llkd,keystore,init
06-16 13:26:17.387   550   550 I livelock: ro.llk.ignorelist.process=[watchdog/1],[watchdogd/0],2,[watchdogd],watchdogd,llkd,lmkd,[khungtaskd],[kthreadd],init,550,1,0
06-16 13:26:17.387   550   550 I livelock: ro.llk.ignorelist.parent=[kthreadd],2,0,adbd&[setsid]
06-16 13:26:17.387   550   550 I livelock: ro.llk.ignorelist.uid=
--------- beginning of radio
06-16 13:26:17.389   536   536 D RILD    : **RIL Daemon Started - Version 1.4**
06-16 13:26:17.389   536   536 D RILD    : **RILd param count=1**
06-16 13:26:17.390   536   536 W RILD    : RIL_SAP_Init not defined or exported in libcuttlefish-ril-2.so: undefined symbol: RIL_SAP_Init
06-16 13:26:17.391   536   536 D RILD    : RIL_Init argc = 3 clientId = 0
06-16 13:26:17.391   536   536 D RIL     : RIL_Init
06-16 13:26:17.391   536   536 I RIL     : Client id received 0
06-16 13:26:17.391   536   536 I RIL     : Opening modem simulator port 9200d
06-16 13:26:17.391   536   536 D RILD    : RIL_Init rilInit completed
06-16 13:26:17.391   536   536 D RILD    : RIL_Init callback versions = 16
06-16 13:26:17.391   536   536 I RILC    : SIM_COUNT: 1
06-16 13:26:17.391   536   536 D RILC    : RIL_register: Vsoc RIL version 16
06-16 13:26:17.391   536   536 I RILC    : s_registerCalled flag set, 1
06-16 13:26:17.391   536   536 D RILC    : sim i = 0 registering ...
06-16 13:26:17.391   536   536 D RILC    : registerService: initializing power state to POWER_UP
06-16 13:26:17.391   536   536 D RILC    : registerService: starting android::hardware::radio::V1_6::IRadio slot1 for slot 0
06-16 13:26:17.396   552   552 W idmap2  : failed to find resource 'array/config_tether_apndata'
06-16 13:26:17.403   543   543 I update_engine: [INFO:main.cc(55)] A/B Update Engine starting
06-16 13:26:17.418   536   553 D RIL     : setRadioState(0)
06-16 13:26:17.421   537   537 I mediaswcodec: media swcodec service starting
06-16 13:26:17.422   537   537 W mediaswcodec: Could not read additional policy file '/vendor/etc/seccomp_policy/mediaswcodec.policy'
06-16 13:26:17.422   537   537 W mediaswcodec: libminijail[537]: failed to get path of fd 4: No such file or directory
06-16 13:26:17.422   537   537 W mediaswcodec: libminijail[537]: allowing syscall: socket
06-16 13:26:17.422   537   537 W mediaswcodec: libminijail[537]: allowing syscall: connect
06-16 13:26:17.422   537   537 W mediaswcodec: libminijail[537]: allowing syscall: fcntl
06-16 13:26:17.422   537   537 W mediaswcodec: libminijail[537]: allowing syscall: writev
06-16 13:26:17.422   537   537 W mediaswcodec: libminijail[537]: compile_file: <fd>(20): nonexistent syscall 'getuid32'
06-16 13:26:17.422   537   537 W mediaswcodec: libminijail[537]: compile_file: <fd>(26): nonexistent syscall 'mmap2'
06-16 13:26:17.422   537   537 W mediaswcodec: libminijail[537]: compile_file: <fd>(28): nonexistent syscall 'fstat64'
06-16 13:26:17.422   537   537 W mediaswcodec: libminijail[537]: compile_file: <fd>(31): nonexistent syscall 'stat64'
06-16 13:26:17.422   537   537 W mediaswcodec: libminijail[537]: compile_file: <fd>(32): nonexistent syscall 'statfs64'
06-16 13:26:17.422   537   537 W mediaswcodec: libminijail[537]: compile_file: <fd>(34): nonexistent syscall 'fstatat64'
06-16 13:26:17.422   537   537 W mediaswcodec: libminijail[537]: compile_file: <fd>(39): nonexistent syscall '_llseek'
06-16 13:26:17.422   537   537 W mediaswcodec: libminijail[537]: compile_file: <fd>(48): nonexistent syscall 'ugetrlimit'
06-16 13:26:17.422   537   537 W mediaswcodec: libminijail[537]: compile_file: <fd>(51): nonexistent syscall '_llseek'
06-16 13:26:17.422   537   537 W mediaswcodec: libminijail[537]: compile_file: <fd>(52): nonexistent syscall 'fstatfs64'
06-16 13:26:17.422   537   537 W mediaswcodec: libminijail[537]: compile_file: <fd>(64): nonexistent syscall 'ftruncate64'
06-16 13:26:17.422   537   537 W mediaswcodec: libminijail[537]: compile_file: <fd>(70): syscall gettid redefined here
06-16 13:26:17.422   537   537 W mediaswcodec: libminijail[537]: compile_file: <fd>(67): previous definition here
06-16 13:26:17.423   375   375 I Zygote  : ...preloaded 13903 classes in 361ms.
06-16 13:26:17.423   375   375 D Zygote64Timing: PreloadClasses took to complete: 361ms
06-16 13:26:17.423   509   509 I MediaExtractorFactory: plugin directory not present (/system/lib64/extractors)
06-16 13:26:17.423   509   509 I MediaExtractorFactory: plugin directory not present (/system_ext/lib64/extractors)
06-16 13:26:17.423   537   537 W mediaswcodec: libminijail[537]: compile_file: /apex/com.android.media.swcodec/etc/seccomp_policy/crash_dump.x86_64.policy(1): syscall read redefined here
06-16 13:26:17.423   537   537 W mediaswcodec: libminijail[537]: compile_file: <fd>(15): previous definition here
06-16 13:26:17.423   537   537 W mediaswcodec: libminijail[537]: compile_file: /apex/com.android.media.swcodec/etc/seccomp_policy/crash_dump.x86_64.policy(2): syscall write redefined here
06-16 13:26:17.423   537   537 W mediaswcodec: libminijail[537]: compile_file: <fd>(58): previous definition here
06-16 13:26:17.423   537   537 W mediaswcodec: libminijail[537]: compile_file: /apex/com.android.media.swcodec/etc/seccomp_policy/crash_dump.x86_64.policy(3): syscall exit redefined here
06-16 13:26:17.423   537   537 W mediaswcodec: libminijail[537]: compile_file: <fd>(45): previous definition here
06-16 13:26:17.423   537   537 W mediaswcodec: libminijail[537]: compile_file: /apex/com.android.media.swcodec/etc/seccomp_policy/crash_dump.x86_64.policy(4): syscall rt_sigreturn redefined here
06-16 13:26:17.423   537   537 W mediaswcodec: libminijail[537]: compile_file: <fd>(47): previous definition here
06-16 13:26:17.423   537   537 W mediaswcodec: libminijail[537]: compile_file: /apex/com.android.media.swcodec/etc/seccomp_policy/crash_dump.x86_64.policy(5): syscall exit_group redefined here
06-16 13:26:17.423   537   537 W mediaswcodec: libminijail[537]: compile_file: <fd>(46): previous definition here
06-16 13:26:17.423   537   537 W mediaswcodec: libminijail[537]: compile_file: /apex/com.android.media.swcodec/etc/seccomp_policy/crash_dump.x86_64.policy(8): syscall futex redefined here
06-16 13:26:17.423   537   537 W mediaswcodec: libminijail[537]: compile_file: <fd>(36): previous definition here
06-16 13:26:17.423   537   537 W mediaswcodec: libminijail[537]: compile_file: /apex/com.android.media.swcodec/etc/seccomp_policy/crash_dump.x86_64.policy(10): syscall getpid redefined here
06-16 13:26:17.423   537   537 W mediaswcodec: libminijail[537]: compile_file: <fd>(69): previous definition here
06-16 13:26:17.423   537   537 W mediaswcodec: libminijail[537]: compile_file: /apex/com.android.media.swcodec/etc/seccomp_policy/crash_dump.x86_64.policy(11): syscall gettid redefined here
06-16 13:26:17.423   537   537 W mediaswcodec: libminijail[537]: compile_file: <fd>(67): previous definition here
06-16 13:26:17.423   537   537 W mediaswcodec: libminijail[537]: compile_file: /apex/com.android.media.swcodec/etc/seccomp_policy/crash_dump.x86_64.policy(14): syscall openat redefined here
06-16 13:26:17.423   537   537 W mediaswcodec: libminijail[537]: compile_file: <fd>(18): previous definition here
06-16 13:26:17.423   537   537 W mediaswcodec: libminijail[537]: compile_file: /apex/com.android.media.swcodec/etc/seccomp_policy/crash_dump.x86_64.policy(15): syscall dup redefined here
06-16 13:26:17.423   537   537 W mediaswcodec: libminijail[537]: compile_file: <fd>(56): previous definition here
06-16 13:26:17.423   537   537 W mediaswcodec: libminijail[537]: compile_file: /apex/com.android.media.swcodec/etc/seccomp_policy/crash_dump.x86_64.policy(16): syscall close redefined here
06-16 13:26:17.423   537   537 W mediaswcodec: libminijail[537]: compile_file: <fd>(25): previous definition here
06-16 13:26:17.423   537   537 W mediaswcodec: libminijail[537]: compile_file: /apex/com.android.media.swcodec/etc/seccomp_policy/crash_dump.x86_64.policy(17): syscall lseek redefined here
06-16 13:26:17.423   537   537 W mediaswcodec: libminijail[537]: compile_file: <fd>(40): previous definition here
06-16 13:26:17.423   537   537 W mediaswcodec: libminijail[537]: compile_file: /apex/com.android.media.swcodec/etc/seccomp_policy/crash_dump.x86_64.policy(19): syscall faccessat redefined here
06-16 13:26:17.423   537   537 W mediaswcodec: libminijail[537]: compile_file: <fd>(38): previous definition here
06-16 13:26:17.423   537   537 W mediaswcodec: libminijail[537]: compile_file: /apex/com.android.media.swcodec/etc/seccomp_policy/crash_dump.x86_64.policy(27): syscall prctl redefined here
06-16 13:26:17.423   537   537 W mediaswcodec: libminijail[537]: compile_file: <fd>(17): previous definition here
06-16 13:26:17.423   537   537 W mediaswcodec: libminijail[537]: compile_file: /apex/com.android.media.swcodec/etc/seccomp_policy/crash_dump.x86_64.policy(28): syscall madvise redefined here
06-16 13:26:17.423   537   537 W mediaswcodec: libminijail[537]: compile_file: <fd>(33): previous definition here
06-16 13:26:17.423   537   537 W mediaswcodec: libminijail[537]: compile_file: /apex/com.android.media.swcodec/etc/seccomp_policy/crash_dump.x86_64.policy(29): syscall mprotect redefined here
06-16 13:26:17.423   537   537 W mediaswcodec: libminijail[537]: compile_file: <fd>(16): previous definition here
06-16 13:26:17.424   537   537 W mediaswcodec: libminijail[537]: compile_file: /apex/com.android.media.swcodec/etc/seccomp_policy/crash_dump.x86_64.policy(30): syscall munmap redefined here
06-16 13:26:17.424   537   537 W mediaswcodec: libminijail[537]: compile_file: <fd>(37): previous definition here
06-16 13:26:17.424   537   537 W mediaswcodec: libminijail[537]: compile_file: /apex/com.android.media.swcodec/etc/seccomp_policy/crash_dump.x86_64.policy(31): syscall getuid redefined here
06-16 13:26:17.424   537   537 W mediaswcodec: libminijail[537]: compile_file: <fd>(21): previous definition here
06-16 13:26:17.424   537   537 W mediaswcodec: libminijail[537]: compile_file: /apex/com.android.media.swcodec/etc/seccomp_policy/crash_dump.x86_64.policy(32): syscall fstat redefined here
06-16 13:26:17.424   375   375 D ApplicationLoaders: Created zygote-cached class loader: /system/framework/android.hidl.base-V1.0-java.jar
06-16 13:26:17.424   537   537 W mediaswcodec: libminijail[537]: compile_file: <fd>(29): previous definition here
06-16 13:26:17.424   537   537 W mediaswcodec: libminijail[537]: compile_file: /apex/com.android.media.swcodec/etc/seccomp_policy/crash_dump.x86_64.policy(33): syscall mmap redefined here
06-16 13:26:17.424   537   537 W mediaswcodec: libminijail[537]: compile_file: <fd>(27): previous definition here
06-16 13:26:17.424   537   537 W mediaswcodec: libminijail[537]: logging seccomp filter failures
06-16 13:26:17.424   375   375 D ApplicationLoaders: Created zygote-cached class loader: /system/framework/android.hidl.manager-V1.0-java.jar
06-16 13:26:17.424   537   537 I CodecServiceRegistrant: Creating software Codec2 service...
06-16 13:26:17.425   537   537 D C2Store : Default ION heapmask = -1
06-16 13:26:17.425   537   537 D C2Store : Default ION flags = 0
06-16 13:26:17.425   537   537 D C2Store : Default ION align = 0
06-16 13:26:17.425   375   375 D ApplicationLoaders: Created zygote-cached class loader: /system/framework/android.test.base.jar
06-16 13:26:17.425   375   375 D Zygote64Timing: CacheNonBootClasspathClassLoaders took to complete: 2ms
06-16 13:26:17.425   375   375 I Zygote  : Preloading resources...
06-16 13:26:17.428   375   375 W Resources: Preloaded drawable resource #0x1080285 (android:drawable/dialog_background_material) that varies with configuration!!
06-16 13:26:17.428   547   547 I HidlServiceManagement: Registered android.hardware.biometrics.face@1.0::IBiometricsFace/default
06-16 13:26:17.428   547   547 I HidlServiceManagement: Removing namespace from process name android.hardware.biometrics.face@1.0-service.example to face@1.0-service.example.
06-16 13:26:17.428   547   547 I android.hardware.biometrics.face@1.0-service: BiometricsFace HAL has started successfully.
06-16 13:26:17.430   375   375 I Zygote  : ...preloaded 64 resources in 6ms.
06-16 13:26:17.431   537   537 I HidlServiceManagement: Registered android.hardware.media.c2@1.2::IComponentStore/software
06-16 13:26:17.431   375   375 I Zygote  : ...preloaded 41 resources in 0ms.
06-16 13:26:17.431   375   375 D Zygote64Timing: PreloadResources took to complete: 6ms
06-16 13:26:17.431   543   543 I update_engine: [INFO:boot_control_android.cc(68)] Loaded boot control hidl hal.
06-16 13:26:17.431   536   536 I HidlServiceManagement: Registered android.hardware.radio@1.6::IRadio/slot1
06-16 13:26:17.431   536   536 D RILC    : registerService: OemHook is enabled = true
06-16 13:26:17.431   536   536 I RILC    : RILHIDL called registerService
06-16 13:26:17.431   536   536 D RILC    : Entry registerConfigService
06-16 13:26:17.431   536   536 D RILC    : registerConfigService: starting V1_2::IConfigRadio default
06-16 13:26:17.431   200   200 I hwservicemanager: getTransport: Cannot find entry android.hardware.media.c2@1.0::IComponentStore/default in either framework or device VINTF manifest.
06-16 13:26:17.431   543   543 I update_engine: [INFO:daemon_state_android.cc(44)] Booted in dev mode.
06-16 13:26:17.433   537   537 I CodecServiceRegistrant: Preferred Codec2 store is defaulted to "software".
06-16 13:26:17.433   543   543 I update_engine: [INFO:update_attempter_android.cc(1070)] Scheduling CleanupPreviousUpdateAction.
06-16 13:26:17.433   537   537 I CodecServiceRegistrant: Software Codec2 service created and registered.
06-16 13:26:17.434   543   543 I update_engine: [INFO:action_processor.cc(51)] ActionProcessor: starting CleanupPreviousUpdateAction
06-16 13:26:17.434   543   543 I update_engine: [INFO:cleanup_previous_update_action.cc(149)] Starting/resuming CleanupPreviousUpdateAction
06-16 13:26:17.434   543   543 I update_engine: [INFO:cleanup_previous_update_action.cc(124)] CleanupPreviousUpdateAction scheduled task ID 1 for WaitBootCompleted
06-16 13:26:17.434   536   555 D AT      : AT< %CTZV: "25/06/16,13:26:17-20:1:America!New_York"
06-16 13:26:17.435   375   375 D libEGL  : loaded /vendor/lib64/egl/libEGL_emulation.so
06-16 13:26:17.436   375   375 D libEGL  : loaded /vendor/lib64/egl/libGLESv1_CM_emulation.so
06-16 13:26:17.437   375   375 D libEGL  : loaded /vendor/lib64/egl/libGLESv2_emulation.so
06-16 13:26:17.442   375   375 I Zygote  : Preloading shared libraries...
06-16 13:26:17.443   504   504 I cameraserver: ServiceManager: 0x721965f5ffd0
06-16 13:26:17.443   504   504 I CameraService: CameraService started (pid=504)
06-16 13:26:17.443   504   504 I CameraService: CameraService process starting
06-16 13:26:17.443   504   504 W BatteryNotifier: batterystats service unavailable!
06-16 13:26:17.443   504   504 W BatteryNotifier: batterystats service unavailable!
06-16 13:26:17.444   375   375 I Zygote  : Called ZygoteHooks.endPreload()
06-16 13:26:17.444   375   375 I Zygote  : Installed AndroidKeyStoreProvider in 0ms.
06-16 13:26:17.445   375   375 I Zygote  : Warmed up JCA providers in 1ms.
06-16 13:26:17.445   375   375 D Zygote  : end preload
06-16 13:26:17.445   375   375 I boot_progress_preload_end: 3188
06-16 13:26:17.445   375   375 D Zygote64Timing: ZygotePreload took to complete: 409ms
06-16 13:26:17.448   536   536 I HidlServiceManagement: Registered android.hardware.radio.config@1.3::IRadioConfig/default
06-16 13:26:17.448   536   536 D RILC    : registerConfigService registerService: status 0
06-16 13:26:17.448   536   536 D RILD    : RIL_Init RIL_register completed
06-16 13:26:17.448   536   536 D RILD    : RIL_register_socket completed
06-16 13:26:17.448   536   555 E RILC    : nitzTimeReceivedInd: radioService[0]->mRadioIndication == NULL
06-16 13:26:17.448   536   555 D AT      : AT< +CREG: 0
06-16 13:26:17.448   536   555 E RILC    : networkStateChangedInd: radioService[0]->mRadioIndication == NULL
06-16 13:26:17.448   536   553 E RILC    : radioStateChangedInd: radioService[0]->mRadioIndication == NULL
06-16 13:26:17.448   536   555 D AT      : AT< +CGREG: 0
06-16 13:26:17.448   536   555 E RILC    : networkStateChangedInd: radioService[0]->mRadioIndication == NULL
06-16 13:26:17.448   536   553 E RILC    : simStatusChangedInd: radioService[0]->mRadioIndication == NULL
06-16 13:26:17.448   536   555 D AT      : AT< +CEREG: 0
06-16 13:26:17.448   536   553 D AT      : AT> ATE0Q0V1
06-16 13:26:17.448   536   555 D AT      : AT< OK
06-16 13:26:17.457   461   551 W AudioFlinger: no wake lock to update, system not ready yet
06-16 13:26:17.457   461   551 D AudioFlinger: ro.audio.silent is ignored since no output device is set
06-16 13:26:17.468   538   538 D BootAnimation: BootAnimationStartTiming start time: 3211ms
06-16 13:26:17.468   538   538 D BootAnimation: BootAnimationPreloadTiming start time: 3211ms
06-16 13:26:17.468   538   538 D BootAnimation: BootAnimationPreloadStopTiming start time: 3211ms
06-16 13:26:17.469   530   530 I ServiceManager: Waiting for service 'package_native' on '/dev/binder'...
06-16 13:26:17.473   375   375 I zygote64: Explicit concurrent copying GC freed 26086(1564KB) AllocSpace objects, 0(0B) LOS objects, 49% free, 8439KB/16MB, paused 27us,2us total 27.439ms
06-16 13:26:17.473   504   504 I CameraProviderManager: Connecting to new camera provider: internal/0, isRemote? 1
06-16 13:26:17.482   375   375 I zygote64: Explicit concurrent copying GC freed 2421(143KB) AllocSpace objects, 1(28KB) LOS objects, 49% free, 8316KB/16MB, paused 69us,1us total 8.778ms
06-16 13:26:17.482   375   375 D Zygote64Timing: PostZygoteInitGC took to complete: 37ms
06-16 13:26:17.482   375   375 D Zygote64Timing: ZygoteInit took to complete: 448ms
06-16 13:26:17.482   385   385 W StreamConfigurationMap: StreamConfigurationMap: ANDROID_SCALER_AVAILABLE_STREAM_CONFIGURATIONS missing, maxResolution ? false!
06-16 13:26:17.482   385   385 W StreamConfigurationMap: StreamConfigurationMap: ANDROID_SCALER_AVAILABLE_MIN_FRAME_DURATIONS missing!, max resolution ? false
06-16 13:26:17.482   385   385 W StreamConfigurationMap: StreamConfigurationMap: ANDROID_SCALER_AVAILABLE_STALL_DURATIONS missing! maxResolution ? false
06-16 13:26:17.482   385   385 I EmulatedCameraProviderHwlImpl: SupportsMandatoryConcurrentStreams: Depth only output supported by camera id 2
06-16 13:26:17.483   504   504 I CameraProviderManager: Enumerating new camera device: device@3.7/internal/2
06-16 13:26:17.483   385   404 W StreamConfigurationMap: StreamConfigurationMap: ANDROID_SCALER_AVAILABLE_STREAM_CONFIGURATIONS missing, maxResolution ? false!
06-16 13:26:17.483   385   404 W StreamConfigurationMap: StreamConfigurationMap: ANDROID_SCALER_AVAILABLE_MIN_FRAME_DURATIONS missing!, max resolution ? false
06-16 13:26:17.483   385   404 W StreamConfigurationMap: StreamConfigurationMap: ANDROID_SCALER_AVAILABLE_STALL_DURATIONS missing! maxResolution ? false
06-16 13:26:17.483   385   404 W StreamConfigurationMap: StreamConfigurationMap: ANDROID_SCALER_AVAILABLE_STREAM_CONFIGURATIONS missing, maxResolution ? true!
06-16 13:26:17.483   385   404 W StreamConfigurationMap: StreamConfigurationMap: ANDROID_SCALER_AVAILABLE_MIN_FRAME_DURATIONS missing!, max resolution ? true
06-16 13:26:17.484   385   404 W StreamConfigurationMap: StreamConfigurationMap: ANDROID_SCALER_AVAILABLE_STALL_DURATIONS missing! maxResolution ? true
06-16 13:26:17.484   385   404 I EmulatedCameraDeviceHwlImpl: Create: Created EmulatedCameraDeviceHwlImpl for camera 2
06-16 13:26:17.484   385   404 D GCH_Utils: FindLibraryPaths: Unable to open directory /vendor/lib64/camera/capture_sessions/ (No such file or directory)
06-16 13:26:17.484   385   404 I GCH_CameraDevice: Create: Created a camera device for public(2)
06-16 13:26:17.484   461   461 V APM_AudioPolicyManager: checkAndSetVolume cannot set volume group 4 volume when isn ot requested for comm
06-16 13:26:17.486   385   404 W GCH_HalVendorTags: ModifyCharacteristicsKeys: failed to get ANDROID_REQUEST_AVAILABLE_SESSION_KEYS
06-16 13:26:17.487   504   504 I CameraProviderManager: Enumerating new camera device: device@3.7/internal/1
06-16 13:26:17.487   385   404 I EmulatedCameraDeviceHwlImpl: Create: Created EmulatedCameraDeviceHwlImpl for camera 1
06-16 13:26:17.487   385   404 D GCH_Utils: FindLibraryPaths: Unable to open directory /vendor/lib64/camera/capture_sessions/ (No such file or directory)
06-16 13:26:17.487   385   404 I GCH_CameraDevice: Create: Created a camera device for public(1)
06-16 13:26:17.488   385   404 W GCH_HalVendorTags: ModifyCharacteristicsKeys: failed to get ANDROID_REQUEST_AVAILABLE_SESSION_KEYS
06-16 13:26:17.488   504   504 E CameraProviderManager: addDynamicDepthTags: Advertised depth exclusive tag but value is not present!
06-16 13:26:17.488   504   504 E CameraProviderManager: DeviceInfo3: Failed appending dynamic depth tags: Invalid argument (-22)
06-16 13:26:17.488   385   404 W GCH_HalVendorTags: ModifyCharacteristicsKeys: failed to get ANDROID_REQUEST_AVAILABLE_SESSION_KEYS
06-16 13:26:17.491   385   404 W GCH_HalVendorTags: ModifyCharacteristicsKeys: failed to get ANDROID_REQUEST_AVAILABLE_SESSION_KEYS
06-16 13:26:17.491   504   504 I CameraProviderManager: Enumerating new camera device: device@3.7/internal/0
06-16 13:26:17.491   385   404 W StreamConfigurationMap: StreamConfigurationMap: ANDROID_SCALER_AVAILABLE_STREAM_CONFIGURATIONS missing, maxResolution ? true!
06-16 13:26:17.491   385   404 W StreamConfigurationMap: StreamConfigurationMap: ANDROID_SCALER_AVAILABLE_MIN_FRAME_DURATIONS missing!, max resolution ? true
06-16 13:26:17.491   385   404 W StreamConfigurationMap: StreamConfigurationMap: ANDROID_SCALER_AVAILABLE_STALL_DURATIONS missing! maxResolution ? true
06-16 13:26:17.491   385   404 I EmulatedCameraDeviceHwlImpl: Create: Created EmulatedCameraDeviceHwlImpl for camera 0
06-16 13:26:17.491   385   404 D GCH_Utils: FindLibraryPaths: Unable to open directory /vendor/lib64/camera/capture_sessions/ (No such file or directory)
06-16 13:26:17.491   385   404 I GCH_CameraDevice: Create: Created a camera device for public(0)
06-16 13:26:17.491   504   504 I CameraProviderManager: Camera provider internal/0 ready with 3 camera devices
06-16 13:26:17.491   504   504 I CameraService: onDeviceStatusChanged: Status changed for cameraId=0, newStatus=1
06-16 13:26:17.491   504   504 I CameraService: onDeviceStatusChanged: Unknown camera ID 0, a new camera is added
06-16 13:26:17.491   504   504 I CameraService: onDeviceStatusChanged: Status changed for cameraId=1, newStatus=1
06-16 13:26:17.491   504   504 I CameraService: onDeviceStatusChanged: Unknown camera ID 1, a new camera is added
06-16 13:26:17.491   504   504 I CameraService: onDeviceStatusChanged: Status changed for cameraId=2, newStatus=1
06-16 13:26:17.491   504   504 I CameraService: onDeviceStatusChanged: Unknown camera ID 2, a new camera is added
06-16 13:26:17.491   504   504 I cameraserver: Waiting for activity service
06-16 13:26:17.491   504   558 W CameraProviderManager: addProviderLocked: Camera provider HAL with name 'internal/0' already registered
06-16 13:26:17.492   461   461 W AudioFlinger: moveEffects() bad srcOutput 0
06-16 13:26:17.492   461   461 V APM_AudioPolicyManager: selectOutputForMusicEffects selected output 13
06-16 13:26:17.492   461   461 V APM_AudioPolicyManager: setOutputDevices device {type:0x2,@:} delayMs 0
06-16 13:26:17.492   461   461 V APM_AudioPolicyManager: setOutputDevices() prevDevice {type:0x2,@:}
06-16 13:26:17.492   461   461 V APM_AudioPolicyManager: setOutputDevices changing device to {type:0x2,@:}
06-16 13:26:17.502   528   528 I mediaserver: ServiceManager: 0x7cffa3b632a0
06-16 13:26:17.502   528   528 W BatteryNotifier: batterystats service unavailable!
06-16 13:26:17.503   528   528 W BatteryNotifier: batterystats service unavailable!
06-16 13:26:17.503   461   461 V APM_AudioPolicyManager: setOutputDevices() AF::createAudioPatch returned 0 patchHandle 12 num_sources 1 num_sinks 1
06-16 13:26:17.528   461   461 V APM_AudioPolicyManager: checkAndSetVolume cannot set volume group 4 volume when isn ot requested for comm
06-16 13:26:17.528   461   461 I AudioFlinger: openOutput() this 0x79a39f259390, module 10 Device type:0x10000,@:, SamplingRate 44100, Format 0x000001, Channels 0x3, flags 0
06-16 13:26:17.528   461   461 I AudioFlinger: HAL output buffer size 976 frames, normal sink buffer size 976 frames
06-16 13:26:17.528   380   380 E android.hardware.audio@6.0-impl.ranchu: device/generic/goldfish/audio/stream_out.cpp:setEventCallback:457 failure: Result::NOT_SUPPORTED
06-16 13:26:17.528   461   461 D AudioFlinger: Failed to add event callback
06-16 13:26:17.528   461   569 I AudioFlinger: AudioFlinger's thread 0x79a531f23a70 tid=569 ready to run
06-16 13:26:17.528   461   569 W AudioFlinger: no wake lock to update, system not ready yet
06-16 13:26:17.528   461   569 D AudioFlinger: ro.audio.silent is ignored since no output device is set
06-16 13:26:17.528   380   380 E android.hardware.audio@6.0-impl.ranchu: device/generic/goldfish/audio/stream_out.cpp:getPresentationPosition:487 failure: Result::NOT_SUPPORTED
06-16 13:26:17.528   380   380 E android.hardware.audio@6.0-impl.ranchu: device/generic/goldfish/audio/primary_device.cpp:getParameters:234 failure: Result::NOT_SUPPORTED
06-16 13:26:17.528   461   569 W AudioFlinger: no wake lock to update, system not ready yet
06-16 13:26:17.528   461   569 D AudioFlinger: ro.audio.silent is ignored since no output device is set
06-16 13:26:17.529   461   461 V APM_AudioPolicyManager: checkAndSetVolume cannot set volume group 4 volume when isn ot requested for comm
06-16 13:26:17.529   461   461 V APM_AudioPolicyManager: selectOutputForMusicEffects selected output 13
06-16 13:26:17.529   461   461 V APM_AudioPolicyManager: setOutputDevices device {type:0x10000,@:} delayMs 0
06-16 13:26:17.529   461   461 V APM_AudioPolicyManager: setOutputDevices() prevDevice {type:0x10000,@:}
06-16 13:26:17.529   461   461 V APM_AudioPolicyManager: setOutputDevices changing device to {type:0x10000,@:}
06-16 13:26:17.543   461   461 V APM_AudioPolicyManager: setOutputDevices() AF::createAudioPatch returned 0 patchHandle 20 num_sources 1 num_sinks 1
06-16 13:26:17.543   461   461 V APM_AudioPolicyManager: checkAndSetVolume cannot set volume group 4 volume when isn ot requested for comm
06-16 13:26:17.543   461   570 I AudioFlinger: AudioFlinger's thread 0x79a531a17c60 tid=570 ready to run
06-16 13:26:17.543   461   570 W AudioFlinger: no wake lock to update, system not ready yet
06-16 13:26:17.544   461   570 W AudioFlinger: no wake lock to update, system not ready yet
06-16 13:26:17.544   461   572 I AudioFlinger: AudioFlinger's thread 0x79a531a17c60 tid=572 ready to run
06-16 13:26:17.544   461   572 W AudioFlinger: no wake lock to update, system not ready yet
06-16 13:26:17.544   461   572 W AudioFlinger: no wake lock to update, system not ready yet
06-16 13:26:17.544   461   574 I AudioFlinger: AudioFlinger's thread 0x79a531a17c60 tid=574 ready to run
06-16 13:26:17.544   461   574 W AudioFlinger: no wake lock to update, system not ready yet
06-16 13:26:17.544   461   574 W AudioFlinger: no wake lock to update, system not ready yet
06-16 13:26:17.545   380   391 I r_submix: adev_open(name=audio_hw_if)
06-16 13:26:17.546   380   391 I r_submix: adev_init_check()
06-16 13:26:17.546   461   461 I AudioFlinger: loadHwModule() Loaded r_submix audio interface, handle 18
06-16 13:26:17.546   380   391 D r_submix: adev_open_input_stream(addr=0)
06-16 13:26:17.546   380   391 D r_submix: submix_audio_device_create_pipe_l(addr=0, idx=9)
06-16 13:26:17.546   380   391 D r_submix:   now using address 0 for route 9
06-16 13:26:17.546   461   576 I AudioFlinger: AudioFlinger's thread 0x79a531a17c60 tid=576 ready to run
06-16 13:26:17.546   380   391 I r_submix: in_standby()
06-16 13:26:17.546   461   576 W AudioFlinger: no wake lock to update, system not ready yet
06-16 13:26:17.546   380   391 I r_submix: in_standby()
06-16 13:26:17.546   461   576 W AudioFlinger: no wake lock to update, system not ready yet
06-16 13:26:17.548   375   463 I zygote64: Verified 2763 classes from mainline modules in 60.838ms
06-16 13:26:17.548   380   391 D r_submix: adev_close_input_stream()
06-16 13:26:17.548   380   391 D r_submix: submix_audio_device_release_pipe_l(idx=9) addr=0
06-16 13:26:17.548   380   391 D r_submix: submix_audio_device_destroy_pipe_l(): pipe destroyed
06-16 13:26:17.560   461   461 I audioserver: Waiting for activity service
06-16 13:26:17.574   375   375 D Zygote  : Forked child process 579
