06-16 13:26:16.700   371   371 D LibBpfLoader: applying relo to instruction at byte offset: 1992, 	       insn offset 249 , insn 118
06-16 13:26:16.700   371   371 D LibBpfLoader: applying relo to instruction at byte offset: 2048, 	       insn offset 256 , insn 118
06-16 13:26:16.700   371   371 D LibBpfLoader: applying relo to instruction at byte offset: 2112, 	       insn offset 264 , insn 118
06-16 13:26:16.700   371   371 D LibBpfLoader: applying relo to instruction at byte offset: 2200, 	       insn offset 275 , insn 118
06-16 13:26:16.700   371   371 D LibBpfLoader: applying relo to instruction at byte offset: 2480, 	       insn offset 310 , insn 118
06-16 13:26:16.700   371   371 D LibBpfLoader: applying relo to instruction at byte offset: 2632, 	       insn offset 329 , insn 118
06-16 13:26:16.700   371   371 D LibBpfLoader: applying relo to instruction at byte offset: 2808, 	       insn offset 351 , insn 118
06-16 13:26:16.700   371   371 D LibBpfLoader: applying relo to instruction at byte offset: 304, 	       insn offset 38 , insn 118
06-16 13:26:16.700   371   371 D LibBpfLoader: applying relo to instruction at byte offset: 696, 	       insn offset 87 , insn 118
06-16 13:26:16.700   371   371 D LibBpfLoader: applying relo to instruction at byte offset: 768, 	       insn offset 96 , insn 118
06-16 13:26:16.700   371   371 D LibBpfLoader: applying relo to instruction at byte offset: 840, 	       insn offset 105 , insn 118
06-16 13:26:16.700   371   371 D LibBpfLoader: applying relo to instruction at byte offset: 928, 	       insn offset 116 , insn 118
06-16 13:26:16.700   371   371 D LibBpfLoader: applying relo to instruction at byte offset: 1016, 	       insn offset 127 , insn 118
06-16 13:26:16.700   371   371 D LibBpfLoader: applying relo to instruction at byte offset: 1120, 	       insn offset 140 , insn 118
06-16 13:26:16.700   371   371 D LibBpfLoader: applying relo to instruction at byte offset: 1216, 	       insn offset 152 , insn 118
06-16 13:26:16.700   371   371 D LibBpfLoader: applying relo to instruction at byte offset: 1336, 	       insn offset 167 , insn 118
06-16 13:26:16.700   371   371 D LibBpfLoader: applying relo to instruction at byte offset: 1800, 	       insn offset 225 , insn 118
06-16 13:26:16.700   371   371 D LibBpfLoader: applying relo to instruction at byte offset: 1880, 	       insn offset 235 , insn 118
06-16 13:26:16.700   371   371 D LibBpfLoader: applying relo to instruction at byte offset: 1952, 	       insn offset 244 , insn 118
06-16 13:26:16.700   371   371 D LibBpfLoader: applying relo to instruction at byte offset: 2008, 	       insn offset 251 , insn 118
06-16 13:26:16.700   371   371 D LibBpfLoader: applying relo to instruction at byte offset: 2072, 	       insn offset 259 , insn 118
06-16 13:26:16.700   371   371 D LibBpfLoader: applying relo to instruction at byte offset: 2144, 	       insn offset 268 , insn 118
06-16 13:26:16.700   371   371 D LibBpfLoader: applying relo to instruction at byte offset: 2232, 	       insn offset 279 , insn 118
06-16 13:26:16.700   371   371 D LibBpfLoader: applying relo to instruction at byte offset: 2528, 	       insn offset 316 , insn 118
06-16 13:26:16.700   371   371 D LibBpfLoader: applying relo to instruction at byte offset: 2656, 	       insn offset 332 , insn 118
06-16 13:26:16.700   371   371 D LibBpfLoader: applying relo to instruction at byte offset: 304, 	       insn offset 38 , insn 118
06-16 13:26:16.700   371   371 D LibBpfLoader: applying relo to instruction at byte offset: 696, 	       insn offset 87 , insn 118
06-16 13:26:16.700   371   371 D LibBpfLoader: applying relo to instruction at byte offset: 768, 	       insn offset 96 , insn 118
06-16 13:26:16.700   371   371 D LibBpfLoader: applying relo to instruction at byte offset: 840, 	       insn offset 105 , insn 118
06-16 13:26:16.700   371   371 D LibBpfLoader: applying relo to instruction at byte offset: 928, 	       insn offset 116 , insn 118
06-16 13:26:16.700   371   371 D LibBpfLoader: applying relo to instruction at byte offset: 1016, 	       insn offset 127 , insn 118
06-16 13:26:16.700   371   371 D LibBpfLoader: applying relo to instruction at byte offset: 1120, 	       insn offset 140 , insn 118
06-16 13:26:16.700   371   371 D LibBpfLoader: applying relo to instruction at byte offset: 1216, 	       insn offset 152 , insn 118
06-16 13:26:16.700   371   371 D LibBpfLoader: applying relo to instruction at byte offset: 1336, 	       insn offset 167 , insn 118
06-16 13:26:16.700   371   371 D LibBpfLoader: applying relo to instruction at byte offset: 1800, 	       insn offset 225 , insn 118
06-16 13:26:16.700   371   371 D LibBpfLoader: applying relo to instruction at byte offset: 1880, 	       insn offset 235 , insn 118
06-16 13:26:16.700   371   371 D LibBpfLoader: applying relo to instruction at byte offset: 1952, 	       insn offset 244 , insn 118
06-16 13:26:16.700   371   371 D LibBpfLoader: applying relo to instruction at byte offset: 2008, 	       insn offset 251 , insn 118
06-16 13:26:16.700   371   371 D LibBpfLoader: applying relo to instruction at byte offset: 2072, 	       insn offset 259 , insn 118
06-16 13:26:16.700   371   371 D LibBpfLoader: applying relo to instruction at byte offset: 2144, 	       insn offset 268 , insn 118
06-16 13:26:16.700   371   371 D LibBpfLoader: applying relo to instruction at byte offset: 2232, 	       insn offset 279 , insn 118
06-16 13:26:16.700   371   371 D LibBpfLoader: applying relo to instruction at byte offset: 2528, 	       insn offset 316 , insn 118
06-16 13:26:16.700   371   371 D LibBpfLoader: applying relo to instruction at byte offset: 2656, 	       insn offset 332 , insn 118
06-16 13:26:16.700   371   371 D LibBpfLoader: applying relo to instruction at byte offset: 248, 	       insn offset 31 , insn 118
06-16 13:26:16.700   371   371 D LibBpfLoader: applying relo to instruction at byte offset: 648, 	       insn offset 81 , insn 118
06-16 13:26:16.700   371   371 D LibBpfLoader: applying relo to instruction at byte offset: 720, 	       insn offset 90 , insn 118
06-16 13:26:16.700   371   371 D LibBpfLoader: applying relo to instruction at byte offset: 792, 	       insn offset 99 , insn 118
06-16 13:26:16.700   371   371 D LibBpfLoader: applying relo to instruction at byte offset: 880, 	       insn offset 110 , insn 118
06-16 13:26:16.700   371   371 D LibBpfLoader: applying relo to instruction at byte offset: 976, 	       insn offset 122 , insn 118
06-16 13:26:16.700   371   371 D LibBpfLoader: applying relo to instruction at byte offset: 1080, 	       insn offset 135 , insn 118
06-16 13:26:16.700   371   371 D LibBpfLoader: applying relo to instruction at byte offset: 1176, 	       insn offset 147 , insn 118
06-16 13:26:16.700   371   371 D LibBpfLoader: applying relo to instruction at byte offset: 1280, 	       insn offset 160 , insn 118
06-16 13:26:16.700   371   371 D LibBpfLoader: applying relo to instruction at byte offset: 1448, 	       insn offset 181 , insn 118
06-16 13:26:16.700   371   371 D LibBpfLoader: applying relo to instruction at byte offset: 1568, 	       insn offset 196 , insn 118
06-16 13:26:16.700   371   371 D LibBpfLoader: applying relo to instruction at byte offset: 1840, 	       insn offset 230 , insn 118
06-16 13:26:16.700   371   371 D LibBpfLoader: applying relo to instruction at byte offset: 1920, 	       insn offset 240 , insn 118
06-16 13:26:16.700   371   371 D LibBpfLoader: applying relo to instruction at byte offset: 1992, 	       insn offset 249 , insn 118
06-16 13:26:16.700   371   371 D LibBpfLoader: applying relo to instruction at byte offset: 2048, 	       insn offset 256 , insn 118
06-16 13:26:16.700   371   371 D LibBpfLoader: applying relo to instruction at byte offset: 2112, 	       insn offset 264 , insn 118
06-16 13:26:16.700   371   371 D LibBpfLoader: applying relo to instruction at byte offset: 2200, 	       insn offset 275 , insn 118
06-16 13:26:16.700   371   371 D LibBpfLoader: applying relo to instruction at byte offset: 2480, 	       insn offset 310 , insn 118
06-16 13:26:16.700   371   371 D LibBpfLoader: applying relo to instruction at byte offset: 2632, 	       insn offset 329 , insn 118
06-16 13:26:16.700   371   371 D LibBpfLoader: applying relo to instruction at byte offset: 2808, 	       insn offset 351 , insn 118
06-16 13:26:16.700   371   371 D LibBpfLoader: applying relo to instruction at byte offset: 248, 	       insn offset 31 , insn 118
06-16 13:26:16.700   371   371 D LibBpfLoader: applying relo to instruction at byte offset: 648, 	       insn offset 81 , insn 118
06-16 13:26:16.700   371   371 D LibBpfLoader: applying relo to instruction at byte offset: 720, 	       insn offset 90 , insn 118
06-16 13:26:16.701   371   371 D LibBpfLoader: applying relo to instruction at byte offset: 792, 	       insn offset 99 , insn 118
06-16 13:26:16.701   371   371 D LibBpfLoader: applying relo to instruction at byte offset: 880, 	       insn offset 110 , insn 118
06-16 13:26:16.701   371   371 D LibBpfLoader: applying relo to instruction at byte offset: 976, 	       insn offset 122 , insn 118
06-16 13:26:16.701   371   371 D LibBpfLoader: applying relo to instruction at byte offset: 1080, 	       insn offset 135 , insn 118
06-16 13:26:16.701   371   371 D LibBpfLoader: applying relo to instruction at byte offset: 1176, 	       insn offset 147 , insn 118
06-16 13:26:16.701   371   371 D LibBpfLoader: applying relo to instruction at byte offset: 1280, 	       insn offset 160 , insn 118
06-16 13:26:16.701   371   371 D LibBpfLoader: applying relo to instruction at byte offset: 1448, 	       insn offset 181 , insn 118
06-16 13:26:16.701   371   371 D LibBpfLoader: applying relo to instruction at byte offset: 1568, 	       insn offset 196 , insn 118
06-16 13:26:16.701   371   371 D LibBpfLoader: applying relo to instruction at byte offset: 1840, 	       insn offset 230 , insn 118
06-16 13:26:16.701   371   371 D LibBpfLoader: applying relo to instruction at byte offset: 1920, 	       insn offset 240 , insn 118
06-16 13:26:16.701   371   371 D LibBpfLoader: applying relo to instruction at byte offset: 1992, 	       insn offset 249 , insn 118
06-16 13:26:16.701   371   371 D LibBpfLoader: applying relo to instruction at byte offset: 2048, 	       insn offset 256 , insn 118
06-16 13:26:16.701   371   371 D LibBpfLoader: applying relo to instruction at byte offset: 2112, 	       insn offset 264 , insn 118
06-16 13:26:16.701   371   371 D LibBpfLoader: applying relo to instruction at byte offset: 2200, 	       insn offset 275 , insn 118
06-16 13:26:16.701   371   371 D LibBpfLoader: applying relo to instruction at byte offset: 2480, 	       insn offset 310 , insn 118
06-16 13:26:16.701   371   371 D LibBpfLoader: applying relo to instruction at byte offset: 2632, 	       insn offset 329 , insn 118
06-16 13:26:16.701   371   371 D LibBpfLoader: applying relo to instruction at byte offset: 2808, 	       insn offset 351 , insn 118
06-16 13:26:16.701   371   371 D LibBpfLoader: applying relo to instruction at byte offset: 304, 	       insn offset 38 , insn 118
06-16 13:26:16.701   371   371 D LibBpfLoader: applying relo to instruction at byte offset: 696, 	       insn offset 87 , insn 118
06-16 13:26:16.701   371   371 D LibBpfLoader: applying relo to instruction at byte offset: 768, 	       insn offset 96 , insn 118
06-16 13:26:16.701   371   371 D LibBpfLoader: applying relo to instruction at byte offset: 840, 	       insn offset 105 , insn 118
06-16 13:26:16.701   371   371 D LibBpfLoader: applying relo to instruction at byte offset: 928, 	       insn offset 116 , insn 118
06-16 13:26:16.701   371   371 D LibBpfLoader: applying relo to instruction at byte offset: 1016, 	       insn offset 127 , insn 118
06-16 13:26:16.701   371   371 D LibBpfLoader: applying relo to instruction at byte offset: 1120, 	       insn offset 140 , insn 118
06-16 13:26:16.701   371   371 D LibBpfLoader: applying relo to instruction at byte offset: 1216, 	       insn offset 152 , insn 118
06-16 13:26:16.701   371   371 D LibBpfLoader: applying relo to instruction at byte offset: 1336, 	       insn offset 167 , insn 118
06-16 13:26:16.701   371   371 D LibBpfLoader: applying relo to instruction at byte offset: 1800, 	       insn offset 225 , insn 118
06-16 13:26:16.701   371   371 D LibBpfLoader: applying relo to instruction at byte offset: 1880, 	       insn offset 235 , insn 118
06-16 13:26:16.701   371   371 D LibBpfLoader: applying relo to instruction at byte offset: 1952, 	       insn offset 244 , insn 118
06-16 13:26:16.701   371   371 D LibBpfLoader: applying relo to instruction at byte offset: 2008, 	       insn offset 251 , insn 118
06-16 13:26:16.701   371   371 D LibBpfLoader: applying relo to instruction at byte offset: 2072, 	       insn offset 259 , insn 118
06-16 13:26:16.701   371   371 D LibBpfLoader: applying relo to instruction at byte offset: 2144, 	       insn offset 268 , insn 118
06-16 13:26:16.701   371   371 D LibBpfLoader: applying relo to instruction at byte offset: 2232, 	       insn offset 279 , insn 118
06-16 13:26:16.701   371   371 D LibBpfLoader: applying relo to instruction at byte offset: 2528, 	       insn offset 316 , insn 118
06-16 13:26:16.701   371   371 D LibBpfLoader: applying relo to instruction at byte offset: 2656, 	       insn offset 332 , insn 118
06-16 13:26:16.701   371   371 D LibBpfLoader: applying relo to instruction at byte offset: 304, 	       insn offset 38 , insn 118
06-16 13:26:16.701   371   371 D LibBpfLoader: applying relo to instruction at byte offset: 696, 	       insn offset 87 , insn 118
06-16 13:26:16.701   371   371 D LibBpfLoader: applying relo to instruction at byte offset: 768, 	       insn offset 96 , insn 118
06-16 13:26:16.701   371   371 D LibBpfLoader: applying relo to instruction at byte offset: 840, 	       insn offset 105 , insn 118
06-16 13:26:16.701   371   371 D LibBpfLoader: applying relo to instruction at byte offset: 928, 	       insn offset 116 , insn 118
06-16 13:26:16.701   371   371 D LibBpfLoader: applying relo to instruction at byte offset: 1016, 	       insn offset 127 , insn 118
06-16 13:26:16.701   371   371 D LibBpfLoader: applying relo to instruction at byte offset: 1120, 	       insn offset 140 , insn 118
06-16 13:26:16.701   371   371 D LibBpfLoader: applying relo to instruction at byte offset: 1216, 	       insn offset 152 , insn 118
06-16 13:26:16.701   371   371 D LibBpfLoader: applying relo to instruction at byte offset: 1336, 	       insn offset 167 , insn 118
06-16 13:26:16.701   371   371 D LibBpfLoader: applying relo to instruction at byte offset: 1800, 	       insn offset 225 , insn 118
06-16 13:26:16.701   371   371 D LibBpfLoader: applying relo to instruction at byte offset: 1880, 	       insn offset 235 , insn 118
06-16 13:26:16.701   371   371 D LibBpfLoader: applying relo to instruction at byte offset: 1952, 	       insn offset 244 , insn 118
06-16 13:26:16.701   371   371 D LibBpfLoader: applying relo to instruction at byte offset: 2008, 	       insn offset 251 , insn 118
06-16 13:26:16.701   371   371 D LibBpfLoader: applying relo to instruction at byte offset: 2072, 	       insn offset 259 , insn 118
06-16 13:26:16.701   371   371 D LibBpfLoader: applying relo to instruction at byte offset: 2144, 	       insn offset 268 , insn 118
06-16 13:26:16.701   371   371 D LibBpfLoader: applying relo to instruction at byte offset: 2232, 	       insn offset 279 , insn 118
06-16 13:26:16.701   371   371 D LibBpfLoader: applying relo to instruction at byte offset: 2528, 	       insn offset 316 , insn 118
06-16 13:26:16.701   371   371 D LibBpfLoader: applying relo to instruction at byte offset: 2656, 	       insn offset 332 , insn 118
06-16 13:26:16.701   371   371 D LibBpfLoader: applying relo to instruction at byte offset: 248, 	       insn offset 31 , insn 118
06-16 13:26:16.701   371   371 D LibBpfLoader: applying relo to instruction at byte offset: 640, 	       insn offset 80 , insn 118
06-16 13:26:16.701   371   371 D LibBpfLoader: applying relo to instruction at byte offset: 712, 	       insn offset 89 , insn 118
06-16 13:26:16.701   371   371 D LibBpfLoader: applying relo to instruction at byte offset: 784, 	       insn offset 98 , insn 118
06-16 13:26:16.701   371   371 D LibBpfLoader: applying relo to instruction at byte offset: 872, 	       insn offset 109 , insn 118
06-16 13:26:16.701   371   371 D LibBpfLoader: applying relo to instruction at byte offset: 960, 	       insn offset 120 , insn 118
06-16 13:26:16.701   371   371 D LibBpfLoader: applying relo to instruction at byte offset: 1056, 	       insn offset 132 , insn 118
06-16 13:26:16.701   371   371 D LibBpfLoader: applying relo to instruction at byte offset: 1184, 	       insn offset 148 , insn 118
06-16 13:26:16.701   371   371 D LibBpfLoader: applying relo to instruction at byte offset: 1256, 	       insn offset 157 , insn 118
06-16 13:26:16.701   371   371 D LibBpfLoader: applying relo to instruction at byte offset: 1352, 	       insn offset 169 , insn 118
06-16 13:26:16.701   371   371 D LibBpfLoader: applying relo to instruction at byte offset: 1528, 	       insn offset 191 , insn 118
06-16 13:26:16.701   371   371 D LibBpfLoader: applying relo to instruction at byte offset: 1600, 	       insn offset 200 , insn 118
06-16 13:26:16.701   371   371 D LibBpfLoader: applying relo to instruction at byte offset: 1672, 	       insn offset 209 , insn 118
06-16 13:26:16.701   371   371 D LibBpfLoader: applying relo to instruction at byte offset: 1752, 	       insn offset 219 , insn 118
06-16 13:26:16.701   371   371 D LibBpfLoader: applying relo to instruction at byte offset: 1816, 	       insn offset 227 , insn 118
06-16 13:26:16.701   371   371 D LibBpfLoader: applying relo to instruction at byte offset: 1904, 	       insn offset 238 , insn 118
06-16 13:26:16.701   371   371 D LibBpfLoader: applying relo to instruction at byte offset: 2176, 	       insn offset 272 , insn 118
06-16 13:26:16.701   371   371 D LibBpfLoader: applying relo to instruction at byte offset: 2328, 	       insn offset 291 , insn 118
06-16 13:26:16.701   371   371 D LibBpfLoader: applying relo to instruction at byte offset: 2472, 	       insn offset 309 , insn 118
06-16 13:26:16.701   371   371 D LibBpfLoader: applying relo to instruction at byte offset: 248, 	       insn offset 31 , insn 118
06-16 13:26:16.701   371   371 D LibBpfLoader: applying relo to instruction at byte offset: 640, 	       insn offset 80 , insn 118
06-16 13:26:16.701   371   371 D LibBpfLoader: applying relo to instruction at byte offset: 712, 	       insn offset 89 , insn 118
06-16 13:26:16.701   371   371 D LibBpfLoader: applying relo to instruction at byte offset: 784, 	       insn offset 98 , insn 118
06-16 13:26:16.701   371   371 D LibBpfLoader: applying relo to instruction at byte offset: 872, 	       insn offset 109 , insn 118
06-16 13:26:16.701   371   371 D LibBpfLoader: applying relo to instruction at byte offset: 960, 	       insn offset 120 , insn 118
06-16 13:26:16.701   371   371 D LibBpfLoader: applying relo to instruction at byte offset: 1056, 	       insn offset 132 , insn 118
06-16 13:26:16.701   371   371 D LibBpfLoader: applying relo to instruction at byte offset: 1184, 	       insn offset 148 , insn 118
06-16 13:26:16.701   371   371 D LibBpfLoader: applying relo to instruction at byte offset: 1256, 	       insn offset 157 , insn 118
06-16 13:26:16.701   371   371 D LibBpfLoader: applying relo to instruction at byte offset: 1352, 	       insn offset 169 , insn 118
06-16 13:26:16.701   371   371 D LibBpfLoader: applying relo to instruction at byte offset: 1528, 	       insn offset 191 , insn 118
06-16 13:26:16.701   371   371 D LibBpfLoader: applying relo to instruction at byte offset: 1600, 	       insn offset 200 , insn 118
06-16 13:26:16.701   371   371 D LibBpfLoader: applying relo to instruction at byte offset: 1672, 	       insn offset 209 , insn 118
06-16 13:26:16.701   371   371 D LibBpfLoader: applying relo to instruction at byte offset: 1752, 	       insn offset 219 , insn 118
06-16 13:26:16.701   371   371 D LibBpfLoader: applying relo to instruction at byte offset: 1816, 	       insn offset 227 , insn 118
06-16 13:26:16.701   371   371 D LibBpfLoader: applying relo to instruction at byte offset: 1904, 	       insn offset 238 , insn 118
06-16 13:26:16.701   371   371 D LibBpfLoader: applying relo to instruction at byte offset: 2176, 	       insn offset 272 , insn 118
06-16 13:26:16.701   371   371 D LibBpfLoader: applying relo to instruction at byte offset: 2328, 	       insn offset 291 , insn 118
06-16 13:26:16.701   371   371 D LibBpfLoader: applying relo to instruction at byte offset: 2472, 	       insn offset 309 , insn 118
06-16 13:26:16.701   371   371 D LibBpfLoader: applying relo to instruction at byte offset: 248, 	       insn offset 31 , insn 118
06-16 13:26:16.701   371   371 D LibBpfLoader: applying relo to instruction at byte offset: 640, 	       insn offset 80 , insn 118
06-16 13:26:16.701   371   371 D LibBpfLoader: applying relo to instruction at byte offset: 712, 	       insn offset 89 , insn 118
06-16 13:26:16.701   371   371 D LibBpfLoader: applying relo to instruction at byte offset: 784, 	       insn offset 98 , insn 118
06-16 13:26:16.701   371   371 D LibBpfLoader: applying relo to instruction at byte offset: 872, 	       insn offset 109 , insn 118
06-16 13:26:16.701   371   371 D LibBpfLoader: applying relo to instruction at byte offset: 960, 	       insn offset 120 , insn 118
06-16 13:26:16.701   371   371 D LibBpfLoader: applying relo to instruction at byte offset: 1056, 	       insn offset 132 , insn 118
06-16 13:26:16.701   371   371 D LibBpfLoader: applying relo to instruction at byte offset: 1184, 	       insn offset 148 , insn 118
06-16 13:26:16.701   371   371 D LibBpfLoader: applying relo to instruction at byte offset: 1256, 	       insn offset 157 , insn 118
06-16 13:26:16.701   371   371 D LibBpfLoader: applying relo to instruction at byte offset: 1352, 	       insn offset 169 , insn 118
06-16 13:26:16.701   371   371 D LibBpfLoader: applying relo to instruction at byte offset: 1528, 	       insn offset 191 , insn 118
06-16 13:26:16.701   371   371 D LibBpfLoader: applying relo to instruction at byte offset: 1600, 	       insn offset 200 , insn 118
06-16 13:26:16.701   371   371 D LibBpfLoader: applying relo to instruction at byte offset: 1672, 	       insn offset 209 , insn 118
06-16 13:26:16.701   371   371 D LibBpfLoader: applying relo to instruction at byte offset: 1752, 	       insn offset 219 , insn 118
06-16 13:26:16.701   371   371 D LibBpfLoader: applying relo to instruction at byte offset: 1816, 	       insn offset 227 , insn 118
06-16 13:26:16.701   371   371 D LibBpfLoader: applying relo to instruction at byte offset: 1904, 	       insn offset 238 , insn 118
06-16 13:26:16.701   371   371 D LibBpfLoader: applying relo to instruction at byte offset: 2176, 	       insn offset 272 , insn 118
06-16 13:26:16.701   371   371 D LibBpfLoader: applying relo to instruction at byte offset: 2328, 	       insn offset 291 , insn 118
06-16 13:26:16.701   371   371 D LibBpfLoader: applying relo to instruction at byte offset: 2472, 	       insn offset 309 , insn 118
06-16 13:26:16.701   371   371 D LibBpfLoader: applying relo to instruction at byte offset: 248, 	       insn offset 31 , insn 118
06-16 13:26:16.701   371   371 D LibBpfLoader: applying relo to instruction at byte offset: 640, 	       insn offset 80 , insn 118
06-16 13:26:16.701   371   371 D LibBpfLoader: applying relo to instruction at byte offset: 712, 	       insn offset 89 , insn 118
06-16 13:26:16.701   371   371 D LibBpfLoader: applying relo to instruction at byte offset: 784, 	       insn offset 98 , insn 118
06-16 13:26:16.701   371   371 D LibBpfLoader: applying relo to instruction at byte offset: 872, 	       insn offset 109 , insn 118
06-16 13:26:16.701   371   371 D LibBpfLoader: applying relo to instruction at byte offset: 960, 	       insn offset 120 , insn 118
06-16 13:26:16.701   371   371 D LibBpfLoader: applying relo to instruction at byte offset: 1056, 	       insn offset 132 , insn 118
06-16 13:26:16.701   371   371 D LibBpfLoader: applying relo to instruction at byte offset: 1184, 	       insn offset 148 , insn 118
06-16 13:26:16.701   371   371 D LibBpfLoader: applying relo to instruction at byte offset: 1256, 	       insn offset 157 , insn 118
06-16 13:26:16.701   371   371 D LibBpfLoader: applying relo to instruction at byte offset: 1352, 	       insn offset 169 , insn 118
06-16 13:26:16.702   371   371 D LibBpfLoader: applying relo to instruction at byte offset: 1528, 	       insn offset 191 , insn 118
06-16 13:26:16.702   371   371 D LibBpfLoader: applying relo to instruction at byte offset: 1600, 	       insn offset 200 , insn 118
06-16 13:26:16.702   371   371 D LibBpfLoader: applying relo to instruction at byte offset: 1672, 	       insn offset 209 , insn 118
06-16 13:26:16.702   371   371 D LibBpfLoader: applying relo to instruction at byte offset: 1752, 	       insn offset 219 , insn 118
06-16 13:26:16.702   371   371 D LibBpfLoader: applying relo to instruction at byte offset: 1816, 	       insn offset 227 , insn 118
06-16 13:26:16.702   371   371 D LibBpfLoader: applying relo to instruction at byte offset: 1904, 	       insn offset 238 , insn 118
06-16 13:26:16.702   371   371 D LibBpfLoader: applying relo to instruction at byte offset: 2176, 	       insn offset 272 , insn 118
06-16 13:26:16.702   371   371 D LibBpfLoader: applying relo to instruction at byte offset: 2328, 	       insn offset 291 , insn 118
06-16 13:26:16.702   371   371 D LibBpfLoader: applying relo to instruction at byte offset: 2472, 	       insn offset 309 , insn 118
06-16 13:26:16.702   371   371 D LibBpfLoader: applying relo to instruction at byte offset: 304, 	       insn offset 38 , insn 118
06-16 13:26:16.702   371   371 D LibBpfLoader: applying relo to instruction at byte offset: 696, 	       insn offset 87 , insn 118
06-16 13:26:16.702   371   371 D LibBpfLoader: applying relo to instruction at byte offset: 768, 	       insn offset 96 , insn 118
06-16 13:26:16.702   371   371 D LibBpfLoader: applying relo to instruction at byte offset: 840, 	       insn offset 105 , insn 118
06-16 13:26:16.702   371   371 D LibBpfLoader: applying relo to instruction at byte offset: 928, 	       insn offset 116 , insn 118
06-16 13:26:16.702   371   371 D LibBpfLoader: applying relo to instruction at byte offset: 1016, 	       insn offset 127 , insn 118
06-16 13:26:16.702   371   371 D LibBpfLoader: applying relo to instruction at byte offset: 1112, 	       insn offset 139 , insn 118
06-16 13:26:16.702   371   371 D LibBpfLoader: applying relo to instruction at byte offset: 1240, 	       insn offset 155 , insn 118
06-16 13:26:16.702   371   371 D LibBpfLoader: applying relo to instruction at byte offset: 1312, 	       insn offset 164 , insn 118
06-16 13:26:16.702   371   371 D LibBpfLoader: applying relo to instruction at byte offset: 1408, 	       insn offset 176 , insn 118
06-16 13:26:16.702   371   371 D LibBpfLoader: applying relo to instruction at byte offset: 1696, 	       insn offset 212 , insn 118
06-16 13:26:16.702   371   371 D LibBpfLoader: applying relo to instruction at byte offset: 1768, 	       insn offset 221 , insn 118
06-16 13:26:16.702   371   371 D LibBpfLoader: applying relo to instruction at byte offset: 1840, 	       insn offset 230 , insn 118
06-16 13:26:16.702   371   371 D LibBpfLoader: applying relo to instruction at byte offset: 1920, 	       insn offset 240 , insn 118
06-16 13:26:16.702   371   371 D LibBpfLoader: applying relo to instruction at byte offset: 1984, 	       insn offset 248 , insn 118
06-16 13:26:16.702   371   371 D LibBpfLoader: applying relo to instruction at byte offset: 2072, 	       insn offset 259 , insn 118
06-16 13:26:16.702   371   371 D LibBpfLoader: applying relo to instruction at byte offset: 2368, 	       insn offset 296 , insn 118
06-16 13:26:16.702   371   371 D LibBpfLoader: applying relo to instruction at byte offset: 304, 	       insn offset 38 , insn 118
06-16 13:26:16.702   371   371 D LibBpfLoader: applying relo to instruction at byte offset: 696, 	       insn offset 87 , insn 118
06-16 13:26:16.702   371   371 D LibBpfLoader: applying relo to instruction at byte offset: 768, 	       insn offset 96 , insn 118
06-16 13:26:16.702   371   371 D LibBpfLoader: applying relo to instruction at byte offset: 840, 	       insn offset 105 , insn 118
06-16 13:26:16.702   371   371 D LibBpfLoader: applying relo to instruction at byte offset: 928, 	       insn offset 116 , insn 118
06-16 13:26:16.702   371   371 D LibBpfLoader: applying relo to instruction at byte offset: 1016, 	       insn offset 127 , insn 118
06-16 13:26:16.702   371   371 D LibBpfLoader: applying relo to instruction at byte offset: 1112, 	       insn offset 139 , insn 118
06-16 13:26:16.702   371   371 D LibBpfLoader: applying relo to instruction at byte offset: 1240, 	       insn offset 155 , insn 118
06-16 13:26:16.702   371   371 D LibBpfLoader: applying relo to instruction at byte offset: 1312, 	       insn offset 164 , insn 118
06-16 13:26:16.702   371   371 D LibBpfLoader: applying relo to instruction at byte offset: 1408, 	       insn offset 176 , insn 118
06-16 13:26:16.702   371   371 D LibBpfLoader: applying relo to instruction at byte offset: 1696, 	       insn offset 212 , insn 118
06-16 13:26:16.702   371   371 D LibBpfLoader: applying relo to instruction at byte offset: 1768, 	       insn offset 221 , insn 118
06-16 13:26:16.702   371   371 D LibBpfLoader: applying relo to instruction at byte offset: 1840, 	       insn offset 230 , insn 118
06-16 13:26:16.702   371   371 D LibBpfLoader: applying relo to instruction at byte offset: 1920, 	       insn offset 240 , insn 118
06-16 13:26:16.702   371   371 D LibBpfLoader: applying relo to instruction at byte offset: 1984, 	       insn offset 248 , insn 118
06-16 13:26:16.702   371   371 D LibBpfLoader: applying relo to instruction at byte offset: 2072, 	       insn offset 259 , insn 118
06-16 13:26:16.702   371   371 D LibBpfLoader: applying relo to instruction at byte offset: 2368, 	       insn offset 296 , insn 118
06-16 13:26:16.702   371   371 D LibBpfLoader: cs[0].name:schedcls_tether_downstream6_ether min_kver:0 .max_kver:ffffffff (kvers:50a00ec)
06-16 13:26:16.702   371   371 D LibBpfLoader: cs[0].name:schedcls_tether_downstream6_ether requires bpfloader version [0x00000,0x10000)
06-16 13:26:16.700   197   208 I auditd  : type=1334 audit(0.0:15): prog-id=2 op=LOAD
06-16 13:26:16.700   208   208 W auditd  : type=1334 audit(0.0:15): prog-id=2 op=LOAD
06-16 13:26:16.702   371   371 D LibBpfLoader: bpf_prog_load lib call for /apex/com.android.tethering/etc/bpf/offload.o (schedcls_tether_downstream6_ether) returned fd: 15 (no error)
06-16 13:26:16.702   371   371 D LibBpfLoader: cs[1].name:schedcls_tether_upstream6_ether min_kver:0 .max_kver:ffffffff (kvers:50a00ec)
06-16 13:26:16.702   371   371 D LibBpfLoader: cs[1].name:schedcls_tether_upstream6_ether requires bpfloader version [0x00000,0x10000)
06-16 13:26:16.700   197   208 I auditd  : type=1334 audit(0.0:16): prog-id=3 op=LOAD
06-16 13:26:16.700   208   208 W auditd  : type=1334 audit(0.0:16): prog-id=3 op=LOAD
06-16 13:26:16.702   371   371 D LibBpfLoader: bpf_prog_load lib call for /apex/com.android.tethering/etc/bpf/offload.o (schedcls_tether_upstream6_ether) returned fd: 16 (no error)
06-16 13:26:16.703   371   371 D LibBpfLoader: cs[2].name:schedcls_tether_downstream6_rawip$5_4 min_kver:5040000 .max_kver:ffffffff (kvers:50a00ec)
06-16 13:26:16.703   371   371 D LibBpfLoader: cs[2].name:schedcls_tether_downstream6_rawip$5_4 requires bpfloader version [0x00000,0x10000)
06-16 13:26:16.700   197   208 I auditd  : type=1334 audit(0.0:17): prog-id=4 op=LOAD
06-16 13:26:16.700   208   208 W auditd  : type=1334 audit(0.0:17): prog-id=4 op=LOAD
06-16 13:26:16.703   371   371 D LibBpfLoader: bpf_prog_load lib call for /apex/com.android.tethering/etc/bpf/offload.o (schedcls_tether_downstream6_rawip$5_4) returned fd: 17 (no error)
06-16 13:26:16.703   371   371 D LibBpfLoader: cs[3].name:schedcls_tether_upstream6_rawip$5_4 min_kver:5040000 .max_kver:ffffffff (kvers:50a00ec)
06-16 13:26:16.703   371   371 D LibBpfLoader: cs[3].name:schedcls_tether_upstream6_rawip$5_4 requires bpfloader version [0x00000,0x10000)
06-16 13:26:16.700   197   208 I auditd  : type=1334 audit(0.0:18): prog-id=5 op=LOAD
06-16 13:26:16.700   208   208 W auditd  : type=1334 audit(0.0:18): prog-id=5 op=LOAD
06-16 13:26:16.703   371   371 D LibBpfLoader: bpf_prog_load lib call for /apex/com.android.tethering/etc/bpf/offload.o (schedcls_tether_upstream6_rawip$5_4) returned fd: 18 (no error)
06-16 13:26:16.703   371   371 D LibBpfLoader: cs[4].name:schedcls_tether_downstream6_rawip$4_14 min_kver:40e0000 .max_kver:5040000 (kvers:50a00ec)
06-16 13:26:16.703   371   371 D LibBpfLoader: cs[5].name:schedcls_tether_upstream6_rawip$4_14 min_kver:40e0000 .max_kver:5040000 (kvers:50a00ec)
06-16 13:26:16.703   371   371 D LibBpfLoader: cs[6].name:schedcls_tether_downstream6_rawip$stub min_kver:0 .max_kver:5040000 (kvers:50a00ec)
06-16 13:26:16.703   371   371 D LibBpfLoader: cs[7].name:schedcls_tether_upstream6_rawip$stub min_kver:0 .max_kver:5040000 (kvers:50a00ec)
06-16 13:26:16.703   371   371 D LibBpfLoader: cs[8].name:schedcls_tether_downstream4_rawip$5_8 min_kver:5080000 .max_kver:ffffffff (kvers:50a00ec)
06-16 13:26:16.703   371   371 D LibBpfLoader: cs[8].name:schedcls_tether_downstream4_rawip$5_8 requires bpfloader version [0x00000,0x10000)
06-16 13:26:16.700   197   208 I auditd  : type=1334 audit(0.0:19): prog-id=6 op=LOAD
06-16 13:26:16.700   208   208 W auditd  : type=1334 audit(0.0:19): prog-id=6 op=LOAD
06-16 13:26:16.703   371   371 D LibBpfLoader: bpf_prog_load lib call for /apex/com.android.tethering/etc/bpf/offload.o (schedcls_tether_downstream4_rawip$5_8) returned fd: 19 (no error)
06-16 13:26:16.703   371   371 D LibBpfLoader: cs[9].name:schedcls_tether_upstream4_rawip$5_8 min_kver:5080000 .max_kver:ffffffff (kvers:50a00ec)
06-16 13:26:16.703   371   371 D LibBpfLoader: cs[9].name:schedcls_tether_upstream4_rawip$5_8 requires bpfloader version [0x00000,0x10000)
06-16 13:26:16.700   197   208 I auditd  : type=1334 audit(0.0:20): prog-id=7 op=LOAD
06-16 13:26:16.700   208   208 W auditd  : type=1334 audit(0.0:20): prog-id=7 op=LOAD
06-16 13:26:16.704   371   371 D LibBpfLoader: bpf_prog_load lib call for /apex/com.android.tethering/etc/bpf/offload.o (schedcls_tether_upstream4_rawip$5_8) returned fd: 20 (no error)
06-16 13:26:16.704   371   371 D LibBpfLoader: cs[10].name:schedcls_tether_downstream4_ether$5_8 min_kver:5080000 .max_kver:ffffffff (kvers:50a00ec)
06-16 13:26:16.704   371   371 D LibBpfLoader: cs[10].name:schedcls_tether_downstream4_ether$5_8 requires bpfloader version [0x00000,0x10000)
06-16 13:26:16.700   197   208 I auditd  : type=1334 audit(0.0:21): prog-id=8 op=LOAD
06-16 13:26:16.700   208   208 W auditd  : type=1334 audit(0.0:21): prog-id=8 op=LOAD
06-16 13:26:16.704   371   371 D LibBpfLoader: bpf_prog_load lib call for /apex/com.android.tethering/etc/bpf/offload.o (schedcls_tether_downstream4_ether$5_8) returned fd: 21 (no error)
06-16 13:26:16.704   371   371 D LibBpfLoader: cs[11].name:schedcls_tether_upstream4_ether$5_8 min_kver:5080000 .max_kver:ffffffff (kvers:50a00ec)
06-16 13:26:16.704   371   371 D LibBpfLoader: cs[11].name:schedcls_tether_upstream4_ether$5_8 requires bpfloader version [0x00000,0x10000)
06-16 13:26:16.700   197   208 I auditd  : type=1334 audit(0.0:22): prog-id=9 op=LOAD
06-16 13:26:16.700   208   208 W auditd  : type=1334 audit(0.0:22): prog-id=9 op=LOAD
06-16 13:26:16.704   371   371 D LibBpfLoader: bpf_prog_load lib call for /apex/com.android.tethering/etc/bpf/offload.o (schedcls_tether_upstream4_ether$5_8) returned fd: 22 (no error)
06-16 13:26:16.704   371   371 D LibBpfLoader: cs[12].name:schedcls_tether_downstream4_rawip$opt min_kver:40e0000 .max_kver:5080000 (kvers:50a00ec)
06-16 13:26:16.704   371   371 D LibBpfLoader: cs[13].name:schedcls_tether_upstream4_rawip$opt min_kver:40e0000 .max_kver:5080000 (kvers:50a00ec)
06-16 13:26:16.704   371   371 D LibBpfLoader: cs[14].name:schedcls_tether_downstream4_ether$opt min_kver:40e0000 .max_kver:5080000 (kvers:50a00ec)
06-16 13:26:16.704   371   371 D LibBpfLoader: cs[15].name:schedcls_tether_upstream4_ether$opt min_kver:40e0000 .max_kver:5080000 (kvers:50a00ec)
06-16 13:26:16.704   371   371 D LibBpfLoader: cs[16].name:schedcls_tether_downstream4_rawip$5_4 min_kver:5040000 .max_kver:5080000 (kvers:50a00ec)
06-16 13:26:16.704   371   371 D LibBpfLoader: cs[17].name:schedcls_tether_upstream4_rawip$5_4 min_kver:5040000 .max_kver:5080000 (kvers:50a00ec)
06-16 13:26:16.704   371   371 D LibBpfLoader: cs[18].name:schedcls_tether_downstream4_rawip$4_14 min_kver:40e0000 .max_kver:5040000 (kvers:50a00ec)
06-16 13:26:16.704   371   371 D LibBpfLoader: cs[19].name:schedcls_tether_upstream4_rawip$4_14 min_kver:40e0000 .max_kver:5040000 (kvers:50a00ec)
06-16 13:26:16.704   371   371 D LibBpfLoader: cs[20].name:schedcls_tether_downstream4_ether$4_14 min_kver:40e0000 .max_kver:5080000 (kvers:50a00ec)
06-16 13:26:16.704   371   371 D LibBpfLoader: cs[21].name:schedcls_tether_upstream4_ether$4_14 min_kver:40e0000 .max_kver:5080000 (kvers:50a00ec)
06-16 13:26:16.704   371   371 D LibBpfLoader: cs[22].name:schedcls_tether_downstream4_rawip$stub min_kver:0 .max_kver:5040000 (kvers:50a00ec)
06-16 13:26:16.704   371   371 D LibBpfLoader: cs[23].name:schedcls_tether_upstream4_rawip$stub min_kver:0 .max_kver:5040000 (kvers:50a00ec)
06-16 13:26:16.704   371   371 D LibBpfLoader: cs[24].name:schedcls_tether_downstream4_ether$stub min_kver:0 .max_kver:40e0000 (kvers:50a00ec)
06-16 13:26:16.704   371   371 D LibBpfLoader: cs[25].name:schedcls_tether_upstream4_ether$stub min_kver:0 .max_kver:40e0000 (kvers:50a00ec)
06-16 13:26:16.704   371   371 D LibBpfLoader: cs[26].name:xdp_tether_downstream_ether min_kver:5090000 .max_kver:ffffffff (kvers:50a00ec)
06-16 13:26:16.704   371   371 D LibBpfLoader: cs[26].name:xdp_tether_downstream_ether requires bpfloader version [0x00000,0x10000)
06-16 13:26:16.704   197   208 I auditd  : type=1334 audit(0.0:23): prog-id=10 op=LOAD
06-16 13:26:16.704   208   208 W auditd  : type=1334 audit(0.0:23): prog-id=10 op=LOAD
06-16 13:26:16.704   371   371 D LibBpfLoader: bpf_prog_load lib call for /apex/com.android.tethering/etc/bpf/offload.o (xdp_tether_downstream_ether) returned fd: 23 (no error)
06-16 13:26:16.704   371   371 D LibBpfLoader: cs[27].name:xdp_tether_downstream_rawip min_kver:5090000 .max_kver:ffffffff (kvers:50a00ec)
06-16 13:26:16.704   371   371 D LibBpfLoader: cs[27].name:xdp_tether_downstream_rawip requires bpfloader version [0x00000,0x10000)
06-16 13:26:16.704   197   208 I auditd  : type=1334 audit(0.0:24): prog-id=11 op=LOAD
06-16 13:26:16.704   208   208 W auditd  : type=1334 audit(0.0:24): prog-id=11 op=LOAD
06-16 13:26:16.704   371   371 D LibBpfLoader: bpf_prog_load lib call for /apex/com.android.tethering/etc/bpf/offload.o (xdp_tether_downstream_rawip) returned fd: 24 (no error)
06-16 13:26:16.704   371   371 D LibBpfLoader: cs[28].name:xdp_tether_upstream_ether min_kver:5090000 .max_kver:ffffffff (kvers:50a00ec)
06-16 13:26:16.704   371   371 D LibBpfLoader: cs[28].name:xdp_tether_upstream_ether requires bpfloader version [0x00000,0x10000)
06-16 13:26:16.704   197   208 I auditd  : type=1334 audit(0.0:25): prog-id=12 op=LOAD
06-16 13:26:16.704   208   208 W auditd  : type=1334 audit(0.0:25): prog-id=12 op=LOAD
06-16 13:26:16.704   371   371 D LibBpfLoader: bpf_prog_load lib call for /apex/com.android.tethering/etc/bpf/offload.o (xdp_tether_upstream_ether) returned fd: 25 (no error)
06-16 13:26:16.704   371   371 D LibBpfLoader: cs[29].name:xdp_tether_upstream_rawip min_kver:5090000 .max_kver:ffffffff (kvers:50a00ec)
06-16 13:26:16.704   371   371 D LibBpfLoader: cs[29].name:xdp_tether_upstream_rawip requires bpfloader version [0x00000,0x10000)
06-16 13:26:16.704   197   208 I auditd  : type=1334 audit(0.0:26): prog-id=13 op=LOAD
06-16 13:26:16.704   208   208 W auditd  : type=1334 audit(0.0:26): prog-id=13 op=LOAD
06-16 13:26:16.705   371   371 D LibBpfLoader: bpf_prog_load lib call for /apex/com.android.tethering/etc/bpf/offload.o (xdp_tether_upstream_rawip) returned fd: 26 (no error)
06-16 13:26:16.705   371   371 I bpfloader: Loaded object: /apex/com.android.tethering/etc/bpf/offload.o
06-16 13:26:16.705   371   371 D LibBpfLoader: Loading optional ELF object /system/etc/bpf/time_in_state.o with license GPL
06-16 13:26:16.705   371   371 I LibBpfLoader: Section bpfloader_min_ver value is 0 [0x0]
06-16 13:26:16.705   371   371 I LibBpfLoader: Section bpfloader_max_ver value is 65536 [0x10000]
06-16 13:26:16.705   371   371 I LibBpfLoader: Section size_of_bpf_map_def value is 48 [0x30]
06-16 13:26:16.705   371   371 I LibBpfLoader: Section size_of_bpf_prog_def value is 28 [0x1c]
06-16 13:26:16.705   371   371 I LibBpfLoader: BpfLoader version 0x00002 processing ELF object /system/etc/bpf/time_in_state.o with ver [0x00000,0x10000)
06-16 13:26:16.705   371   371 D LibBpfLoader: Loaded code section 3 (tracepoint_sched_sched_switch)
06-16 13:26:16.705   371   371 D LibBpfLoader: Loaded relo section 3 (.reltracepoint/sched/sched_switch)
06-16 13:26:16.705   371   371 D LibBpfLoader: Adding section 3 to cs list
06-16 13:26:16.705   371   371 D LibBpfLoader: Loaded code section 5 (tracepoint_power_cpu_frequency)
06-16 13:26:16.705   371   371 D LibBpfLoader: Loaded relo section 5 (.reltracepoint/power/cpu_frequency)
06-16 13:26:16.705   371   371 D LibBpfLoader: Adding section 5 to cs list
06-16 13:26:16.705   371   371 D LibBpfLoader: Loaded code section 7 (tracepoint_sched_sched_process_free)
06-16 13:26:16.705   371   371 D LibBpfLoader: Loaded relo section 7 (.reltracepoint/sched/sched_process_free)
06-16 13:26:16.705   371   371 D LibBpfLoader: Adding section 7 to cs list
06-16 13:26:16.705   371   371 D LibBpfLoader: bpf_create_map name total_time_in_state_map, ret: 6
06-16 13:26:16.706   371   371 D LibBpfLoader: bpf_create_map name uid_time_in_state_map, ret: 7
06-16 13:26:16.706   371   371 D LibBpfLoader: bpf_create_map name uid_concurrent_times_map, ret: 8
06-16 13:26:16.706   371   371 D LibBpfLoader: bpf_create_map name uid_last_update_map, ret: 9
06-16 13:26:16.706   371   371 D LibBpfLoader: bpf_create_map name cpu_last_update_map, ret: 10
06-16 13:26:16.706   371   371 D LibBpfLoader: bpf_create_map name cpu_policy_map, ret: 11
06-16 13:26:16.706   371   371 D LibBpfLoader: bpf_create_map name policy_freq_idx_map, ret: 12
06-16 13:26:16.706   371   371 D LibBpfLoader: bpf_create_map name freq_to_idx_map, ret: 13
06-16 13:26:16.706   371   371 D LibBpfLoader: bpf_create_map name nr_active_map, ret: 14
06-16 13:26:16.706   371   371 D LibBpfLoader: bpf_create_map name policy_nr_active_map, ret: 15
06-16 13:26:16.706   371   371 D LibBpfLoader: bpf_create_map name pid_tracked_hash_map, ret: 16
06-16 13:26:16.706   371   371 D LibBpfLoader: bpf_create_map name pid_tracked_map, ret: 17
06-16 13:26:16.706   371   371 D LibBpfLoader: bpf_create_map name pid_task_aggregation_map, ret: 18
06-16 13:26:16.707   371   371 D LibBpfLoader: bpf_create_map name pid_time_in_state_map, ret: 19
06-16 13:26:16.707   371   371 D LibBpfLoader: map_fd found at 0 is 6 in /system/etc/bpf/time_in_state.o
06-16 13:26:16.707   371   371 D LibBpfLoader: map_fd found at 1 is 7 in /system/etc/bpf/time_in_state.o
06-16 13:26:16.707   371   371 D LibBpfLoader: map_fd found at 2 is 8 in /system/etc/bpf/time_in_state.o
06-16 13:26:16.707   371   371 D LibBpfLoader: map_fd found at 3 is 9 in /system/etc/bpf/time_in_state.o
06-16 13:26:16.707   371   371 D LibBpfLoader: map_fd found at 4 is 10 in /system/etc/bpf/time_in_state.o
06-16 13:26:16.707   371   371 D LibBpfLoader: map_fd found at 5 is 11 in /system/etc/bpf/time_in_state.o
06-16 13:26:16.707   371   371 D LibBpfLoader: map_fd found at 6 is 12 in /system/etc/bpf/time_in_state.o
06-16 13:26:16.707   371   371 D LibBpfLoader: map_fd found at 7 is 13 in /system/etc/bpf/time_in_state.o
06-16 13:26:16.707   371   371 D LibBpfLoader: map_fd found at 8 is 14 in /system/etc/bpf/time_in_state.o
06-16 13:26:16.707   371   371 D LibBpfLoader: map_fd found at 9 is 15 in /system/etc/bpf/time_in_state.o
06-16 13:26:16.707   371   371 D LibBpfLoader: map_fd found at 10 is 16 in /system/etc/bpf/time_in_state.o
06-16 13:26:16.707   371   371 D LibBpfLoader: map_fd found at 11 is 17 in /system/etc/bpf/time_in_state.o
06-16 13:26:16.707   371   371 D LibBpfLoader: map_fd found at 12 is 18 in /system/etc/bpf/time_in_state.o
06-16 13:26:16.707   371   371 D LibBpfLoader: map_fd found at 13 is 19 in /system/etc/bpf/time_in_state.o
06-16 13:26:16.707   371   371 D LibBpfLoader: applying relo to instruction at byte offset: 40, 	       insn offset 5 , insn 118
06-16 13:26:16.707   371   371 D LibBpfLoader: applying relo to instruction at byte offset: 128, 	       insn offset 16 , insn 118
06-16 13:26:16.707   371   371 D LibBpfLoader: applying relo to instruction at byte offset: 200, 	       insn offset 25 , insn 118
06-16 13:26:16.707   371   371 D LibBpfLoader: applying relo to instruction at byte offset: 264, 	       insn offset 33 , insn 118
06-16 13:26:16.707   371   371 D LibBpfLoader: applying relo to instruction at byte offset: 504, 	       insn offset 63 , insn 118
06-16 13:26:16.707   371   371 D LibBpfLoader: applying relo to instruction at byte offset: 640, 	       insn offset 80 , insn 118
06-16 13:26:16.707   371   371 D LibBpfLoader: applying relo to instruction at byte offset: 1000, 	       insn offset 125 , insn 118
06-16 13:26:16.707   371   371 D LibBpfLoader: applying relo to instruction at byte offset: 1040, 	       insn offset 130 , insn 118
06-16 13:26:16.707   371   371 D LibBpfLoader: applying relo to instruction at byte offset: 1216, 	       insn offset 152 , insn 118
06-16 13:26:16.707   371   371 D LibBpfLoader: applying relo to instruction at byte offset: 1344, 	       insn offset 168 , insn 118
06-16 13:26:16.707   371   371 D LibBpfLoader: applying relo to instruction at byte offset: 1440, 	       insn offset 180 , insn 118
06-16 13:26:16.707   371   371 D LibBpfLoader: applying relo to instruction at byte offset: 1536, 	       insn offset 192 , insn 118
06-16 13:26:16.707   371   371 D LibBpfLoader: applying relo to instruction at byte offset: 1864, 	       insn offset 233 , insn 118
06-16 13:26:16.707   371   371 D LibBpfLoader: applying relo to instruction at byte offset: 1904, 	       insn offset 238 , insn 118
06-16 13:26:16.707   371   371 D LibBpfLoader: applying relo to instruction at byte offset: 2080, 	       insn offset 260 , insn 118
06-16 13:26:16.707   371   371 D LibBpfLoader: applying relo to instruction at byte offset: 2288, 	       insn offset 286 , insn 118
06-16 13:26:16.707   371   371 D LibBpfLoader: applying relo to instruction at byte offset: 2328, 	       insn offset 291 , insn 118
06-16 13:26:16.707   371   371 D LibBpfLoader: applying relo to instruction at byte offset: 2504, 	       insn offset 313 , insn 118
06-16 13:26:16.707   371   371 D LibBpfLoader: applying relo to instruction at byte offset: 2712, 	       insn offset 339 , insn 118
06-16 13:26:16.707   371   371 D LibBpfLoader: applying relo to instruction at byte offset: 2752, 	       insn offset 344 , insn 118
06-16 13:26:16.707   371   371 D LibBpfLoader: applying relo to instruction at byte offset: 2864, 	       insn offset 358 , insn 118
06-16 13:26:16.707   371   371 D LibBpfLoader: applying relo to instruction at byte offset: 2952, 	       insn offset 369 , insn 118
06-16 13:26:16.707   371   371 D LibBpfLoader: applying relo to instruction at byte offset: 3056, 	       insn offset 382 , insn 118
06-16 13:26:16.708   371   371 D LibBpfLoader: applying relo to instruction at byte offset: 3160, 	       insn offset 395 , insn 118
06-16 13:26:16.708   371   371 D LibBpfLoader: applying relo to instruction at byte offset: 3264, 	       insn offset 408 , insn 118
06-16 13:26:16.708   371   371 D LibBpfLoader: applying relo to instruction at byte offset: 3368, 	       insn offset 421 , insn 118
06-16 13:26:16.708   371   371 D LibBpfLoader: applying relo to instruction at byte offset: 3472, 	       insn offset 434 , insn 118
06-16 13:26:16.708   371   371 D LibBpfLoader: applying relo to instruction at byte offset: 3576, 	       insn offset 447 , insn 118
06-16 13:26:16.708   371   371 D LibBpfLoader: applying relo to instruction at byte offset: 3688, 	       insn offset 461 , insn 118
06-16 13:26:16.708   371   371 D LibBpfLoader: applying relo to instruction at byte offset: 40, 	       insn offset 5 , insn 118
06-16 13:26:16.708   371   371 D LibBpfLoader: applying relo to instruction at byte offset: 120, 	       insn offset 15 , insn 118
06-16 13:26:16.708   371   371 D LibBpfLoader: applying relo to instruction at byte offset: 200, 	       insn offset 25 , insn 118
06-16 13:26:16.708   371   371 D LibBpfLoader: applying relo to instruction at byte offset: 48, 	       insn offset 6 , insn 118
06-16 13:26:16.708   371   371 D LibBpfLoader: applying relo to instruction at byte offset: 200, 	       insn offset 25 , insn 118
06-16 13:26:16.708   371   371 D LibBpfLoader: applying relo to instruction at byte offset: 328, 	       insn offset 41 , insn 118
06-16 13:26:16.708   371   371 D LibBpfLoader: applying relo to instruction at byte offset: 456, 	       insn offset 57 , insn 118
06-16 13:26:16.708   371   371 D LibBpfLoader: applying relo to instruction at byte offset: 584, 	       insn offset 73 , insn 118
